Component: ARM Compiler 5.06 update 6 (build 750) Tool: armlink [4d35ed]

==============================================================================

Section Cross References

    startup_stm32f407xx.o(RESET) refers to startup_stm32f407xx.o(STACK) for __initial_sp
    startup_stm32f407xx.o(RESET) refers to startup_stm32f407xx.o(.text) for Reset_Handler
    startup_stm32f407xx.o(RESET) refers to stm32f4xx_it.o(i.NMI_Handler) for NMI_Handler
    startup_stm32f407xx.o(RESET) refers to stm32f4xx_it.o(i.HardFault_Handler) for HardFault_Handler
    startup_stm32f407xx.o(RESET) refers to stm32f4xx_it.o(i.MemManage_Handler) for MemManage_Handler
    startup_stm32f407xx.o(RESET) refers to stm32f4xx_it.o(i.BusFault_Handler) for BusFault_Handler
    startup_stm32f407xx.o(RESET) refers to stm32f4xx_it.o(i.UsageFault_Handler) for UsageFault_Handler
    startup_stm32f407xx.o(RESET) refers to port.o(.emb_text) for SVC_Handler
    startup_stm32f407xx.o(RESET) refers to stm32f4xx_it.o(i.DebugMon_Handler) for DebugMon_Handler
    startup_stm32f407xx.o(RESET) refers to stm32f4xx_it.o(i.SysTick_Handler) for SysTick_Handler
    startup_stm32f407xx.o(RESET) refers to stm32f4xx_it.o(i.DMA1_Stream5_IRQHandler) for DMA1_Stream5_IRQHandler
    startup_stm32f407xx.o(RESET) refers to stm32f4xx_it.o(i.CAN1_TX_IRQHandler) for CAN1_TX_IRQHandler
    startup_stm32f407xx.o(RESET) refers to stm32f4xx_it.o(i.CAN1_RX0_IRQHandler) for CAN1_RX0_IRQHandler
    startup_stm32f407xx.o(RESET) refers to usart.o(i.USART2_IRQHandler) for USART2_IRQHandler
    startup_stm32f407xx.o(RESET) refers to stm32f4xx_it.o(i.CAN2_TX_IRQHandler) for CAN2_TX_IRQHandler
    startup_stm32f407xx.o(RESET) refers to stm32f4xx_it.o(i.CAN2_RX0_IRQHandler) for CAN2_RX0_IRQHandler
    startup_stm32f407xx.o(RESET) refers to usart.o(i.USART6_IRQHandler) for USART6_IRQHandler
    startup_stm32f407xx.o(.text) refers to system_stm32f4xx.o(i.SystemInit) for SystemInit
    startup_stm32f407xx.o(.text) refers to entry.o(.ARM.Collect$$$$00000000) for __main
    stm32f4xx_hal_can.o(i.HAL_CAN_DeInit) refers to stm32f4xx_hal_can.o(i.HAL_CAN_Stop) for HAL_CAN_Stop
    stm32f4xx_hal_can.o(i.HAL_CAN_DeInit) refers to stm32f4xx_hal_msp.o(i.HAL_CAN_MspDeInit) for HAL_CAN_MspDeInit
    stm32f4xx_hal_can.o(i.HAL_CAN_IRQHandler) refers to stm32f4xx_hal_can.o(i.HAL_CAN_TxMailbox0CompleteCallback) for HAL_CAN_TxMailbox0CompleteCallback
    stm32f4xx_hal_can.o(i.HAL_CAN_IRQHandler) refers to stm32f4xx_hal_can.o(i.HAL_CAN_TxMailbox0AbortCallback) for HAL_CAN_TxMailbox0AbortCallback
    stm32f4xx_hal_can.o(i.HAL_CAN_IRQHandler) refers to stm32f4xx_hal_can.o(i.HAL_CAN_TxMailbox1CompleteCallback) for HAL_CAN_TxMailbox1CompleteCallback
    stm32f4xx_hal_can.o(i.HAL_CAN_IRQHandler) refers to stm32f4xx_hal_can.o(i.HAL_CAN_TxMailbox1AbortCallback) for HAL_CAN_TxMailbox1AbortCallback
    stm32f4xx_hal_can.o(i.HAL_CAN_IRQHandler) refers to stm32f4xx_hal_can.o(i.HAL_CAN_TxMailbox2CompleteCallback) for HAL_CAN_TxMailbox2CompleteCallback
    stm32f4xx_hal_can.o(i.HAL_CAN_IRQHandler) refers to stm32f4xx_hal_can.o(i.HAL_CAN_TxMailbox2AbortCallback) for HAL_CAN_TxMailbox2AbortCallback
    stm32f4xx_hal_can.o(i.HAL_CAN_IRQHandler) refers to stm32f4xx_hal_can.o(i.HAL_CAN_RxFifo0FullCallback) for HAL_CAN_RxFifo0FullCallback
    stm32f4xx_hal_can.o(i.HAL_CAN_IRQHandler) refers to can.o(i.HAL_CAN_RxFifo0MsgPendingCallback) for HAL_CAN_RxFifo0MsgPendingCallback
    stm32f4xx_hal_can.o(i.HAL_CAN_IRQHandler) refers to stm32f4xx_hal_can.o(i.HAL_CAN_RxFifo1FullCallback) for HAL_CAN_RxFifo1FullCallback
    stm32f4xx_hal_can.o(i.HAL_CAN_IRQHandler) refers to stm32f4xx_hal_can.o(i.HAL_CAN_RxFifo1MsgPendingCallback) for HAL_CAN_RxFifo1MsgPendingCallback
    stm32f4xx_hal_can.o(i.HAL_CAN_IRQHandler) refers to stm32f4xx_hal_can.o(i.HAL_CAN_SleepCallback) for HAL_CAN_SleepCallback
    stm32f4xx_hal_can.o(i.HAL_CAN_IRQHandler) refers to stm32f4xx_hal_can.o(i.HAL_CAN_WakeUpFromRxMsgCallback) for HAL_CAN_WakeUpFromRxMsgCallback
    stm32f4xx_hal_can.o(i.HAL_CAN_IRQHandler) refers to stm32f4xx_hal_can.o(i.HAL_CAN_ErrorCallback) for HAL_CAN_ErrorCallback
    stm32f4xx_hal_can.o(i.HAL_CAN_Init) refers to stm32f4xx_hal_msp.o(i.HAL_CAN_MspInit) for HAL_CAN_MspInit
    stm32f4xx_hal_can.o(i.HAL_CAN_Init) refers to stm32f4xx_hal.o(i.HAL_GetTick) for HAL_GetTick
    stm32f4xx_hal_can.o(i.HAL_CAN_Start) refers to stm32f4xx_hal.o(i.HAL_GetTick) for HAL_GetTick
    stm32f4xx_hal_can.o(i.HAL_CAN_Stop) refers to stm32f4xx_hal.o(i.HAL_GetTick) for HAL_GetTick
    stm32f4xx_hal_tim.o(i.HAL_TIM_Base_DeInit) refers to stm32f4xx_hal_tim.o(i.HAL_TIM_Base_MspDeInit) for HAL_TIM_Base_MspDeInit
    stm32f4xx_hal_tim.o(i.HAL_TIM_Base_Init) refers to stm32f4xx_hal_tim.o(i.HAL_TIM_Base_MspInit) for HAL_TIM_Base_MspInit
    stm32f4xx_hal_tim.o(i.HAL_TIM_Base_Init) refers to stm32f4xx_hal_tim.o(i.TIM_Base_SetConfig) for TIM_Base_SetConfig
[...]
    i.vTaskSuspendAll                        0x08005acc   Section        0  tasks.o(i.vTaskSuspendAll)
    i.vTaskSwitchContext                     0x08005adc   Section        0  tasks.o(i.vTaskSwitchContext)
    i.xPortStartScheduler                    0x08005b38   Section        0  port.o(i.xPortStartScheduler)
    i.xPortSysTickHandler                    0x08005c18   Section        0  port.o(i.xPortSysTickHandler)
    i.xQueueGenericCreate                    0x08005c44   Section        0  queue.o(i.xQueueGenericCreate)
    i.xQueueGenericReceive                   0x08005c98   Section        0  queue.o(i.xQueueGenericReceive)
    i.xQueueGenericReset                     0x08005e04   Section        0  queue.o(i.xQueueGenericReset)
    i.xQueueGenericSend                      0x08005e8c   Section        0  queue.o(i.xQueueGenericSend)
    i.xQueueGenericSendFromISR               0x08005fec   Section        0  queue.o(i.xQueueGenericSendFromISR)
    i.xTaskCheckForTimeOut                   0x080060a8   Section        0  tasks.o(i.xTaskCheckForTimeOut)
    i.xTaskCreate                            0x08006114   Section        0  tasks.o(i.xTaskCreate)
    i.xTaskGenericNotify                     0x0800616c   Section        0  tasks.o(i.xTaskGenericNotify)
    i.xTaskGenericNotifyFromISR              0x08006238   Section        0  tasks.o(i.xTaskGenericNotifyFromISR)
    i.xTaskGetSchedulerState                 0x08006328   Section        0  tasks.o(i.xTaskGetSchedulerState)
    i.xTaskGetTickCount                      0x08006344   Section        0  tasks.o(i.xTaskGetTickCount)
    i.xTaskGetTickCountFromISR               0x08006350   Section        0  tasks.o(i.xTaskGetTickCountFromISR)
    i.xTaskIncrementTick                     0x08006360   Section        0  tasks.o(i.xTaskIncrementTick)
    i.xTaskNotifyWait                        0x08006428   Section        0  tasks.o(i.xTaskNotifyWait)
    i.xTaskPriorityDisinherit                0x080064b4   Section        0  tasks.o(i.xTaskPriorityDisinherit)
    i.xTaskRemoveFromEventList               0x0800654c   Section        0  tasks.o(i.xTaskRemoveFromEventList)
    i.xTaskResumeAll                         0x080065c0   Section        0  tasks.o(i.xTaskResumeAll)
    i.xTimerCreate                           0x08006684   Section        0  timers.o(i.xTimerCreate)
    i.xTimerCreateTimerTask                  0x080066d4   Section        0  timers.o(i.xTimerCreateTimerTask)
    i.xTimerGenericCommand                   0x0800671c   Section        0  timers.o(i.xTimerGenericCommand)
    i.zitai_data_receive2                    0x0800677c   Section        0  can.o(i.zitai_data_receive2)
    .constdata                               0x0800685c   Section        8  stm32f4xx_hal_dma.o(.constdata)
    flagBitshiftOffset                       0x0800685c   Data           8  stm32f4xx_hal_dma.o(.constdata)
    .constdata                               0x08006864   Section       16  system_stm32f4xx.o(.constdata)
    .constdata                               0x08006874   Section        8  system_stm32f4xx.o(.constdata)
    .constdata                               0x0800687c   Section      132  freertos.o(.constdata)
    .constdata                               0x08006900   Section       48  cos_i.o(.constdata)
    C                                        0x08006900   Data          48  cos_i.o(.constdata)
    .constdata                               0x08006930   Section      200  rred.o(.constdata)
    pio2s                                    0x08006930   Data          48  rred.o(.constdata)
    twooverpi                                0x08006960   Data         152  rred.o(.constdata)
    .constdata                               0x080069f8   Section       40  sin_i.o(.constdata)
    S                                        0x080069f8   Data          40  sin_i.o(.constdata)
    .conststring                             0x08006a20   Section       92  freertos.o(.conststring)
    .data                                    0x20000000   Section       12  stm32f4xx_hal.o(.data)
    .data                                    0x2000000c   Section       24  heap_4.o(.data)
    pxEnd                                    0x2000000c   Data           4  heap_4.o(.data)
    xFreeBytesRemaining                      0x20000010   Data           4  heap_4.o(.data)
    xMinimumEverFreeBytesRemaining           0x20000014   Data           4  heap_4.o(.data)
    xBlockAllocatedBit                       0x20000018   Data           4  heap_4.o(.data)
    xStart                                   0x2000001c   Data           8  heap_4.o(.data)
    .data                                    0x20000024   Section       12  port.o(.data)
    ucMaxSysCallPriority                     0x20000024   Data           1  port.o(.data)
    uxCriticalNesting                        0x20000028   Data           4  port.o(.data)
    ulMaxPRIGROUPValue                       0x2000002c   Data           4  port.o(.data)
    .data                                    0x20000030   Section       60  tasks.o(.data)
    uxDeletedTasksWaitingCleanUp             0x20000034   Data           4  tasks.o(.data)
    uxCurrentNumberOfTasks                   0x20000038   Data           4  tasks.o(.data)
    xTickCount                               0x2000003c   Data           4  tasks.o(.data)
    uxTopReadyPriority                       0x20000040   Data           4  tasks.o(.data)
    xSchedulerRunning                        0x20000044   Data           4  tasks.o(.data)
    uxPendedTicks                            0x20000048   Data           4  tasks.o(.data)
    xYieldPending                            0x2000004c   Data           4  tasks.o(.data)
    xNumOfOverflows                          0x20000050   Data           4  tasks.o(.data)
    uxTaskNumber                             0x20000054   Data           4  tasks.o(.data)
    xNextTaskUnblockTime                     0x20000058   Data           4  tasks.o(.data)
    xIdleTaskHandle                          0x2000005c   Data           4  tasks.o(.data)
    uxSchedulerSuspended                     0x20000060   Data           4  tasks.o(.data)
    pxDelayedTaskList                        0x20000064   Data           4  tasks.o(.data)
    pxOverflowDelayedTaskList                0x20000068   Data           4  tasks.o(.data)
    .data                                    0x2000006c   Section       20  timers.o(.data)
    xTimerQueue                              0x2000006c   Data           4  timers.o(.data)
    xTimerTaskHandle                         0x20000070   Data           4  timers.o(.data)
    xLastTime                                0x20000074   Data           4  timers.o(.data)
    pxCurrentTimerList                       0x20000078   Data           4  timers.o(.data)
    pxOverflowTimerList                      0x2000007c   Data           4  timers.o(.data)
    .data                                    0x20000080   Section        4  system_stm32f4xx.o(.data)
    .data                                    0x20000084   Section       36  freertos.o(.data)
    .data                                    0x200000a8   Section        4  stm32f4xx_hal_msp.o(.data)
    HAL_RCC_CAN1_CLK_ENABLED                 0x200000a8   Data           4  stm32f4xx_hal_msp.o(.data)
    .data                                    0x200000ac   Section        8  get_gimbal_info.o(.data)
    add_angle                                0x200000ac   Data           4  get_gimbal_info.o(.data)
    .data                                    0x200000b4   Section       44  gimbal_task.o(.data)
    .data                                    0x200000e0   Section       16  mode_switch_task.o(.data)
    last_Reset                               0x200000e8   Data           4  mode_switch_task.o(.data)
    .data                                    0x200000f0   Section       16  get_chassis_info.o(.data)
    forward_back_speed                       0x200000f8   Data           4  get_chassis_info.o(.data)
    left_right_speed                         0x200000fc   Data           4  get_chassis_info.o(.data)
    .data                                    0x20000100   Section       44  chassis_task.o(.data)
    d_theta                                  0x20000100   Data           4  chassis_task.o(.data)
    .data                                    0x2000012c   Section        8  can.o(.data)
    i                                        0x2000012c   Data           1  can.o(.data)
    i                                        0x2000012d   Data           1  can.o(.data)
    pitch_connt                              0x2000012e   Data           2  can.o(.data)
    yaw_connt                                0x20000130   Data           2  can.o(.data)
    yaw_connt                                0x20000132   Data           2  can.o(.data)
    .data                                    0x20000134   Section       10  usart.o(.data)
    .data                                    0x20000140   Section        4  errno.o(.data)
    _errno                                   0x20000140   Data           4  errno.o(.data)
    .bss                                     0x20000144   Section    15360  heap_4.o(.bss)
    ucHeap                                   0x20000144   Data       15360  heap_4.o(.bss)
    .bss                                     0x20003d44   Section       64  queue.o(.bss)
    .bss                                     0x20003d84   Section      240  tasks.o(.bss)
    pxReadyTasksLists                        0x20003d84   Data         140  tasks.o(.bss)
    xDelayedTaskList1                        0x20003e10   Data          20  tasks.o(.bss)
    xDelayedTaskList2                        0x20003e24   Data          20  tasks.o(.bss)
    xPendingReadyList                        0x20003e38   Data          20  tasks.o(.bss)
    xTasksWaitingTermination                 0x20003e4c   Data          20  tasks.o(.bss)
    xSuspendedTaskList                       0x20003e60   Data          20  tasks.o(.bss)
    .bss                                     0x20003e74   Section       40  timers.o(.bss)
    xActiveTimerList1                        0x20003e74   Data          20  timers.o(.bss)
    xActiveTimerList2                        0x20003e88   Data          20  timers.o(.bss)
    .bss                                     0x20003e9c   Section       20  commom_task.o(.bss)
    .bss                                     0x20003eb0   Section      104  gimbal_task.o(.bss)
    .bss                                     0x20003f18   Section      108  chassis_task.o(.bss)
    .bss                                     0x20003f84   Section       62  shoot_task.o(.bss)
    .bss                                     0x20003fc4   Section     1092  can.o(.bss)
    .bss                                     0x20004408   Section      860  usart.o(.bss)
    .bss                                     0x20004764   Section       96  usart.o(.bss)
    .bss                                     0x200047c4   Section       96  usart.o(.bss)
    .bss                                     0x20004824   Section       68  pid.o(.bss)
    .bss                                     0x20004868   Section       68  pid.o(.bss)
    .bss                                     0x200048ac   Section       68  pid.o(.bss)
    .bss                                     0x200048f0   Section       68  pid.o(.bss)
    .bss                                     0x20004934   Section       68  pid.o(.bss)
    .bss                                     0x20004978   Section      272  pid.o(.bss)
    .bss                                     0x20004a88   Section      136  pid.o(.bss)
    .bss                                     0x20004b10   Section       68  pid.o(.bss)
    .bss                                     0x20004b54   Section       68  pid.o(.bss)
    STACK                                    0x20004b98   Section     1024  startup_stm32f407xx.o(STACK)

    Global Symbols

    Symbol Name                              Value     Ov Type        Size  Object(Section)

    BuildAttributes$$THM_ISAv4$E$P$D$K$B$S$7EM$VFPi3$EXTD16$VFPS$VFMA$PE$A:L22UL41UL21$X:L11$S22US41US21$IEEE1$IW$USESV6$~STKCKD$USESV7$~SHL$OTIME$ROPI$IEEEX$EBA8$MICROLIB$REQ8$PRES8$EABIv2 0x00000000   Number         0  anon$$obj.o ABSOLUTE
    __ARM_use_no_argv                        0x00000000   Number         0  main.o ABSOLUTE
    __use_no_errno                           0x00000000   Number         0  useno.o ABSOLUTE
    __use_no_exception_handling              0x00000000   Number         0  useno.o ABSOLUTE
    __use_no_fp                              0x00000000   Number         0  useno.o ABSOLUTE
    __use_no_heap                            0x00000000   Number         0  useno.o ABSOLUTE
    __use_no_heap_region                     0x00000000   Number         0  useno.o ABSOLUTE
    __use_no_semihosting                     0x00000000   Number         0  useno.o ABSOLUTE
    __use_no_semihosting_swi                 0x00000000   Number         0  useno.o ABSOLUTE
    __use_no_signal_handling                 0x00000000   Number         0  useno.o ABSOLUTE
    __cpp_initialize__aeabi_                  - Undefined Weak Reference
    __cxa_finalize                            - Undefined Weak Reference
    _clock_init                               - Undefined Weak Reference
    _microlib_exit                            - Undefined Weak Reference
    __Vectors_Size                           0x00000188   Number         0  startup_stm32f407xx.o ABSOLUTE
    __Vectors                                0x08000000   Data           4  startup_stm32f407xx.o(RESET)
    __Vectors_End                            0x08000188   Data           0  startup_stm32f407xx.o(RESET)
    __main                                   0x08000189   Thumb Code     0  entry.o(.ARM.Collect$$$$00000000)
    _main_stk                                0x08000189   Thumb Code     0  entry2.o(.ARM.Collect$$$$00000001)
    _main_scatterload                        0x0800018d   Thumb Code     0  entry5.o(.ARM.Collect$$$$00000004)
    __main_after_scatterload                 0x08000191   Thumb Code     0  entry5.o(.ARM.Collect$$$$00000004)
    _main_clock                              0x08000191   Thumb Code     0  entry7b.o(.ARM.Collect$$$$00000008)
    _main_cpp_init                           0x08000191   Thumb Code     0  entry8b.o(.ARM.Collect$$$$0000000A)
    _main_init                               0x08000191   Thumb Code     0  entry9a.o(.ARM.Collect$$$$0000000B)
    __rt_final_cpp                           0x08000199   Thumb Code     0  entry10a.o(.ARM.Collect$$$$0000000D)
    __rt_final_exit                          0x08000199   Thumb Code     0  entry11a.o(.ARM.Collect$$$$0000000F)
    SVC_Handler                              0x0800019d   Thumb Code    28  port.o(.emb_text)
    __asm___6_port_c_39a90d8d__prvStartFirstTask 0x080001bd   Thumb Code    28  port.o(.emb_text)
    __asm___6_port_c_39a90d8d__prvEnableVFP  0x080001dd   Thumb Code    16  port.o(.emb_text)
    PendSV_Handler                           0x080001f1   Thumb Code    92  port.o(.emb_text)
    vPortGetIPSR                             0x08000251   Thumb Code     6  port.o(.emb_text)
    Reset_Handler                            0x08000259   Thumb Code     8  startup_stm32f407xx.o(.text)
    ADC_IRQHandler                           0x08000273   Thumb Code     0  startup_stm32f407xx.o(.text)
    CAN1_RX1_IRQHandler                      0x08000273   Thumb Code     0  startup_stm32f407xx.o(.text)
    CAN1_SCE_IRQHandler                      0x08000273   Thumb Code     0  startup_stm32f407xx.o(.text)
    CAN2_RX1_IRQHandler                      0x08000273   Thumb Code     0  startup_stm32f407xx.o(.text)
    CAN2_SCE_IRQHandler                      0x08000273   Thumb Code     0  startup_stm32f407xx.o(.text)
    DCMI_IRQHandler                          0x08000273   Thumb Code     0  startup_stm32f407xx.o(.text)
    DMA1_Stream0_IRQHandler                  0x08000273   Thumb Code     0  startup_stm32f407xx.o(.text)
    DMA1_Stream1_IRQHandler                  0x08000273   Thumb Code     0  startup_stm32f407xx.o(.text)
    DMA1_Stream2_IRQHandler                  0x08000273   Thumb Code     0  startup_stm32f407xx.o(.text)
    DMA1_Stream3_IRQHandler                  0x08000273   Thumb Code     0  startup_stm32f407xx.o(.text)
    DMA1_Stream4_IRQHandler                  0x08000273   Thumb Code     0  startup_stm32f407xx.o(.text)
    DMA1_Stream6_IRQHandler                  0x08000273   Thumb Code     0  startup_stm32f407xx.o(.text)
    DMA1_Stream7_IRQHandler                  0x08000273   Thumb Code     0  startup_stm32f407xx.o(.text)
    DMA2_Stream0_IRQHandler                  0x08000273   Thumb Code     0  startup_stm32f407xx.o(.text)
    DMA2_Stream1_IRQHandler                  0x08000273   Thumb Code     0  startup_stm32f407xx.o(.text)
    DMA2_Stream2_IRQHandler                  0x08000273   Thumb Code     0  startup_stm32f407xx.o(.text)
    DMA2_Stream3_IRQHandler                  0x08000273   Thumb Code     0  startup_stm32f407xx.o(.text)
    DMA2_Stream4_IRQHandler                  0x08000273   Thumb Code     0  startup_stm32f407xx.o(.text)
    DMA2_Stream5_IRQHandler                  0x08000273   Thumb Code     0  startup_stm32f407xx.o(.text)
    DMA2_Stream6_IRQHandler                  0x08000273   Thumb Code     0  startup_stm32f407xx.o(.text)
    DMA2_Stream7_IRQHandler                  0x08000273   Thumb Code     0  startup_stm32f407xx.o(.text)
    ETH_IRQHandler                           0x08000273   Thumb Code     0  startup_stm32f407xx.o(.text)
    ETH_WKUP_IRQHandler                      0x08000273   Thumb Code     0  startup_stm32f407xx.o(.text)
    EXTI0_IRQHandler                         0x08000273   Thumb Code     0  startup_stm32f407xx.o(.text)
    EXTI15_10_IRQHandler                     0x08000273   Thumb Code     0  startup_stm32f407xx.o(.text)
    EXTI1_IRQHandler                         0x08000273   Thumb Code     0  startup_stm32f407xx.o(.text)
    EXTI2_IRQHandler                         0x08000273   Thumb Code     0  startup_stm32f407xx.o(.text)
    EXTI3_IRQHandler                         0x08000273   Thumb Code     0  startup_stm32f407xx.o(.text)
    EXTI4_IRQHandler                         0x08000273   Thumb Code     0  startup_stm32f407xx.o(.text)
    EXTI9_5_IRQHandler                       0x08000273   Thumb Code     0  startup_stm32f407xx.o(.text)
    FLASH_IRQHandler                         0x08000273   Thumb Code     0  startup_stm32f407xx.o(.text)
    FMC_IRQHandler                           0x08000273   Thumb Code     0  startup_stm32f407xx.o(.text)
    FPU_IRQHandler                           0x08000273   Thumb Code     0  startup_stm32f407xx.o(.text)
    HASH_RNG_IRQHandler                      0x08000273   Thumb Code     0  startup_stm32f407xx.o(.text)
    I2C1_ER_IRQHandler                       0x08000273   Thumb Code     0  startup_stm32f407xx.o(.text)
    I2C1_EV_IRQHandler                       0x08000273   Thumb Code     0  startup_stm32f407xx.o(.text)
    I2C2_ER_IRQHandler                       0x08000273   Thumb Code     0  startup_stm32f407xx.o(.text)
    I2C2_EV_IRQHandler                       0x08000273   Thumb Code     0  startup_stm32f407xx.o(.text)
    I2C3_ER_IRQHandler                       0x08000273   Thumb Code     0  startup_stm32f407xx.o(.text)
    I2C3_EV_IRQHandler                       0x08000273   Thumb Code     0  startup_stm32f407xx.o(.text)
    OTG_FS_IRQHandler                        0x08000273   Thumb Code     0  startup_stm32f407xx.o(.text)
    OTG_FS_WKUP_IRQHandler                   0x08000273   Thumb Code     0  startup_stm32f407xx.o(.text)
    OTG_HS_EP1_IN_IRQHandler                 0x08000273   Thumb Code     0  startup_stm32f407xx.o(.text)
    OTG_HS_EP1_OUT_IRQHandler                0x08000273   Thumb Code     0  startup_stm32f407xx.o(.text)
    OTG_HS_IRQHandler                        0x08000273   Thumb Code     0  startup_stm32f407xx.o(.text)
    OTG_HS_WKUP_IRQHandler                   0x08000273   Thumb Code     0  startup_stm32f407xx.o(.text)
    PVD_IRQHandler                           0x08000273   Thumb Code     0  startup_stm32f407xx.o(.text)
    RCC_IRQHandler                           0x08000273   Thumb Code     0  startup_stm32f407xx.o(.text)
    RTC_Alarm_IRQHandler                     0x08000273   Thumb Code     0  startup_stm32f407xx.o(.text)
    RTC_WKUP_IRQHandler                      0x08000273   Thumb Code     0  startup_stm32f407xx.o(.text)
    SDIO_IRQHandler                          0x08000273   Thumb Code     0  startup_stm32f407xx.o(.text)
    SPI1_IRQHandler                          0x08000273   Thumb Code     0  startup_stm32f407xx.o(.text)
    SPI2_IRQHandler                          0x08000273   Thumb Code     0  startup_stm32f407xx.o(.text)
    SPI3_IRQHandler                          0x08000273   Thumb Code     0  startup_stm32f407xx.o(.text)
    TAMP_STAMP_IRQHandler                    0x08000273   Thumb Code     0  startup_stm32f407xx.o(.text)
    TIM1_BRK_TIM9_IRQHandler                 0x08000273   Thumb Code     0  startup_stm32f407xx.o(.text)
    TIM1_CC_IRQHandler                       0x08000273   Thumb Code     0  startup_stm32f407xx.o(.text)
    TIM1_TRG_COM_TIM11_IRQHandler            0x08000273   Thumb Code     0  startup_stm32f407xx.o(.text)
    TIM1_UP_TIM10_IRQHandler                 0x08000273   Thumb Code     0  startup_stm32f407xx.o(.text)
    TIM2_IRQHandler                          0x08000273   Thumb Code     0  startup_stm32f407xx.o(.text)
    TIM3_IRQHandler                          0x08000273   Thumb Code     0  startup_stm32f407xx.o(.text)
    TIM4_IRQHandler                          0x08000273   Thumb Code     0  startup_stm32f407xx.o(.text)
    TIM5_IRQHandler                          0x08000273   Thumb Code     0  startup_stm32f407xx.o(.text)
    TIM6_DAC_IRQHandler                      0x08000273   Thumb Code     0  startup_stm32f407xx.o(.text)
    TIM7_IRQHandler                          0x08000273   Thumb Code     0  startup_stm32f407xx.o(.text)
    TIM8_BRK_TIM12_IRQHandler                0x08000273   Thumb Code     0  startup_stm32f407xx.o(.text)
    TIM8_CC_IRQHandler                       0x08000273   Thumb Code     0  startup_stm32f407xx.o(.text)
    TIM8_TRG_COM_TIM14_IRQHandler            0x08000273   Thumb Code     0  startup_stm32f407xx.o(.text)
    TIM8_UP_TIM13_IRQHandler                 0x08000273   Thumb Code     0  startup_stm32f407xx.o(.text)
    UART4_IRQHandler                         0x08000273   Thumb Code     0  startup_stm32f407xx.o(.text)
    UART5_IRQHandler                         0x08000273   Thumb Code     0  startup_stm32f407xx.o(.text)
    USART1_IRQHandler                        0x08000273   Thumb Code     0  startup_stm32f407xx.o(.text)
    USART3_IRQHandler                        0x08000273   Thumb Code     0  startup_stm32f407xx.o(.text)
    WWDG_IRQHandler                          0x08000273   Thumb Code     0  startup_stm32f407xx.o(.text)
    __aeabi_uldivmod                         0x0800027d   Thumb Code    98  uldiv.o(.text)
    __aeabi_memcpy                           0x080002df   Thumb Code    36  memcpya.o(.text)
    __aeabi_memcpy4                          0x080002df   Thumb Code     0  memcpya.o(.text)
    __aeabi_memcpy8                          0x080002df   Thumb Code     0  memcpya.o(.text)
    __aeabi_memset                           0x08000303   Thumb Code    14  memseta.o(.text)
    __aeabi_memset4                          0x08000303   Thumb Code     0  memseta.o(.text)
    __aeabi_memset8                          0x08000303   Thumb Code     0  memseta.o(.text)
    __aeabi_memclr                           0x08000311   Thumb Code     4  memseta.o(.text)
    __aeabi_memclr4                          0x08000311   Thumb Code     0  memseta.o(.text)
    __aeabi_memclr8                          0x08000311   Thumb Code     0  memseta.o(.text)
    _memset$wrapper                          0x08000315   Thumb Code    18  memseta.o(.text)
    __aeabi_dadd                             0x08000327   Thumb Code   322  dadd.o(.text)
    __aeabi_dsub                             0x08000469   Thumb Code     6  dadd.o(.text)
    __aeabi_drsub                            0x0800046f   Thumb Code     6  dadd.o(.text)
    __aeabi_dmul                             0x08000475   Thumb Code   228  dmul.o(.text)
    __aeabi_ddiv                             0x08000559   Thumb Code   222  ddiv.o(.text)
    __aeabi_i2d                              0x08000637   Thumb Code    34  dflti.o(.text)
    __aeabi_f2d                              0x08000659   Thumb Code    38  f2d.o(.text)
    __aeabi_d2f                              0x0800067f   Thumb Code    56  d2f.o(.text)
    __aeabi_llsl                             0x080006b7   Thumb Code    30  llshl.o(.text)
    _ll_shift_l                              0x080006b7   Thumb Code     0  llshl.o(.text)
    __aeabi_llsr                             0x080006d5   Thumb Code    32  llushr.o(.text)
    _ll_ushift_r                             0x080006d5   Thumb Code     0  llushr.o(.text)
    __aeabi_lasr                             0x080006f5   Thumb Code    36  llsshr.o(.text)
    _ll_sshift_r                             0x080006f5   Thumb Code     0  llsshr.o(.text)
    __I$use$fp                               0x08000719   Thumb Code     0  iusefp.o(.text)
    _float_round                             0x08000719   Thumb Code    18  fepilogue.o(.text)
    _float_epilogue                          0x0800072b   Thumb Code    92  fepilogue.o(.text)
    _double_round                            0x08000787   Thumb Code    30  depilogue.o(.text)
    _double_epilogue                         0x080007a5   Thumb Code   156  depilogue.o(.text)
    __scatterload                            0x08000841   Thumb Code    28  init.o(.text)
    __scatterload_rt2                        0x08000841   Thumb Code     0  init.o(.text)
    __aeabi_ui2d                             0x08000865   Thumb Code    26  dfltui.o(.text)
    __aeabi_d2iz                             0x0800087f   Thumb Code    62  dfixi.o(.text)
    __decompress                             0x080008bd   Thumb Code     0  __dczerorl2.o(.text)
    __decompress1                            0x080008bd   Thumb Code    86  __dczerorl2.o(.text)
    BusFault_Handler                         0x08000913   Thumb Code     2  stm32f4xx_it.o(i.BusFault_Handler)
    CAN1_RX0_IRQHandler                      0x08000915   Thumb Code     6  stm32f4xx_it.o(i.CAN1_RX0_IRQHandler)
    CAN1_TX_IRQHandler                       0x08000921   Thumb Code     6  stm32f4xx_it.o(i.CAN1_TX_IRQHandler)
    CAN2_RX0_IRQHandler                      0x0800092d   Thumb Code     6  stm32f4xx_it.o(i.CAN2_RX0_IRQHandler)
    CAN2_TX_IRQHandler                       0x08000939   Thumb Code     6  stm32f4xx_it.o(i.CAN2_TX_IRQHandler)
    Can_Send_Task                            0x08000945   Thumb Code    60  commom_task.o(i.Can_Send_Task)
    Chassis_Param_Init                       0x08000985   Thumb Code   126  chassis_task.o(i.Chassis_Param_Init)
    Chassis_Task                             0x08000a21   Thumb Code   598  chassis_task.o(i.Chassis_Task)
    DMA1_Stream5_IRQHandler                  0x08000cc5   Thumb Code     6  stm32f4xx_it.o(i.DMA1_Stream5_IRQHandler)
    DebugMon_Handler                         0x08000d75   Thumb Code     2  stm32f4xx_it.o(i.DebugMon_Handler)
    FreeRtos_Init                            0x08000d79   Thumb Code   200  freertos.o(i.FreeRtos_Init)
    Get_Chassis_Info                         0x08000e49   Thumb Code   142  get_chassis_info.o(i.Get_Chassis_Info)
    Get_Gimbal_Info                          0x08000eed   Thumb Code    36  get_gimbal_info.o(i.Get_Gimbal_Info)
    Get_Remote_info                          0x08000f11   Thumb Code   162  usart.o(i.Get_Remote_info)
    Get_Shoot_Info                           0x08000fb9   Thumb Code   146  get_shoot_info.o(i.Get_Shoot_Info)
    GimbalAngleLimit                         0x08001065   Thumb Code   132  get_gimbal_info.o(i.GimbalAngleLimit)
    Gimbal_Param_Init                        0x0800110d   Thumb Code   162  gimbal_task.o(i.Gimbal_Param_Init)
    Gimbal_Task                              0x080011d1   Thumb Code   182  gimbal_task.o(i.Gimbal_Task)
    HAL_CAN_ActivateNotification             0x080012ad   Thumb Code    40  stm32f4xx_hal_can.o(i.HAL_CAN_ActivateNotification)
    HAL_CAN_AddTxMessage                     0x080012d5   Thumb Code   200  stm32f4xx_hal_can.o(i.HAL_CAN_AddTxMessage)
    HAL_CAN_ConfigFilter                     0x0800139d   Thumb Code   262  stm32f4xx_hal_can.o(i.HAL_CAN_ConfigFilter)
    HAL_CAN_ErrorCallback                    0x080014a9   Thumb Code     2  stm32f4xx_hal_can.o(i.HAL_CAN_ErrorCallback)
    HAL_CAN_GetRxMessage                     0x080014ab   Thumb Code   250  stm32f4xx_hal_can.o(i.HAL_CAN_GetRxMessage)
    HAL_CAN_IRQHandler                       0x080015a5   Thumb Code   508  stm32f4xx_hal_can.o(i.HAL_CAN_IRQHandler)
    HAL_CAN_Init                             0x080017a1   Thumb Code   282  stm32f4xx_hal_can.o(i.HAL_CAN_Init)
    HAL_CAN_MspInit                          0x080018bd   Thumb Code   200  stm32f4xx_hal_msp.o(i.HAL_CAN_MspInit)
    HAL_CAN_RxFifo0FullCallback              0x0800199d   Thumb Code     2  stm32f4xx_hal_can.o(i.HAL_CAN_RxFifo0FullCallback)
    HAL_CAN_RxFifo0MsgPendingCallback        0x080019a1   Thumb Code   250  can.o(i.HAL_CAN_RxFifo0MsgPendingCallback)
    HAL_CAN_RxFifo1FullCallback              0x08001ab1   Thumb Code     2  stm32f4xx_hal_can.o(i.HAL_CAN_RxFifo1FullCallback)
    HAL_CAN_RxFifo1MsgPendingCallback        0x08001ab3   Thumb Code     2  stm32f4xx_hal_can.o(i.HAL_CAN_RxFifo1MsgPendingCallback)
    HAL_CAN_SleepCallback                    0x08001ab5   Thumb Code     2  stm32f4xx_hal_can.o(i.HAL_CAN_SleepCallback)
    HAL_CAN_Start                            0x08001ab9   Thumb Code    88  stm32f4xx_hal_can.o(i.HAL_CAN_Start)
    HAL_CAN_TxMailbox0AbortCallback          0x08001b11   Thumb Code     2  stm32f4xx_hal_can.o(i.HAL_CAN_TxMailbox0AbortCallback)
    HAL_CAN_TxMailbox0CompleteCallback       0x08001b13   Thumb Code     2  stm32f4xx_hal_can.o(i.HAL_CAN_TxMailbox0CompleteCallback)
    HAL_CAN_TxMailbox1AbortCallback          0x08001b15   Thumb Code     2  stm32f4xx_hal_can.o(i.HAL_CAN_TxMailbox1AbortCallback)
    HAL_CAN_TxMailbox1CompleteCallback       0x08001b17   Thumb Code     2  stm32f4xx_hal_can.o(i.HAL_CAN_TxMailbox1CompleteCallback)
    HAL_CAN_TxMailbox2AbortCallback          0x08001b19   Thumb Code     2  stm32f4xx_hal_can.o(i.HAL_CAN_TxMailbox2AbortCallback)
    HAL_CAN_TxMailbox2CompleteCallback       0x08001b1b   Thumb Code     2  stm32f4xx_hal_can.o(i.HAL_CAN_TxMailbox2CompleteCallback)
    HAL_CAN_WakeUpFromRxMsgCallback          0x08001b1d   Thumb Code     2  stm32f4xx_hal_can.o(i.HAL_CAN_WakeUpFromRxMsgCallback)
    HAL_DMA_IRQHandler                       0x08001b21   Thumb Code   412  stm32f4xx_hal_dma.o(i.HAL_DMA_IRQHandler)
    HAL_DMA_Init                             0x08001cc1   Thumb Code   206  stm32f4xx_hal_dma.o(i.HAL_DMA_Init)
    HAL_DMA_Start_IT                         0x08001d95   Thumb Code   120  stm32f4xx_hal_dma.o(i.HAL_DMA_Start_IT)
    HAL_Delay                                0x08001e0d   Thumb Code    32  stm32f4xx_hal.o(i.HAL_Delay)
    HAL_GPIO_Init                            0x08001e31   Thumb Code   388  stm32f4xx_hal_gpio.o(i.HAL_GPIO_Init)
    HAL_GetTick                              0x08001fe1   Thumb Code     6  stm32f4xx_hal.o(i.HAL_GetTick)
    HAL_IncTick                              0x08001fed   Thumb Code    12  stm32f4xx_hal.o(i.HAL_IncTick)
    HAL_Init                                 0x08001ffd   Thumb Code    48  stm32f4xx_hal.o(i.HAL_Init)
    HAL_InitTick                             0x08002031   Thumb Code    54  stm32f4xx_hal.o(i.HAL_InitTick)
    HAL_MspInit                              0x08002071   Thumb Code   126  stm32f4xx_hal_msp.o(i.HAL_MspInit)
    HAL_NVIC_EnableIRQ                       0x080020f5   Thumb Code    22  stm32f4xx_hal_cortex.o(i.HAL_NVIC_EnableIRQ)
    HAL_NVIC_SetPriority                     0x0800210d   Thumb Code    60  stm32f4xx_hal_cortex.o(i.HAL_NVIC_SetPriority)
    HAL_NVIC_SetPriorityGrouping             0x0800214d   Thumb Code    26  stm32f4xx_hal_cortex.o(i.HAL_NVIC_SetPriorityGrouping)
    HAL_RCC_ClockConfig                      0x08002171   Thumb Code   286  stm32f4xx_hal_rcc.o(i.HAL_RCC_ClockConfig)
    HAL_RCC_GetHCLKFreq                      0x080022a1   Thumb Code     6  stm32f4xx_hal_rcc.o(i.HAL_RCC_GetHCLKFreq)
    HAL_RCC_GetPCLK1Freq                     0x080022ad   Thumb Code    20  stm32f4xx_hal_rcc.o(i.HAL_RCC_GetPCLK1Freq)
    HAL_RCC_GetPCLK2Freq                     0x080022cd   Thumb Code    20  stm32f4xx_hal_rcc.o(i.HAL_RCC_GetPCLK2Freq)
    HAL_RCC_GetSysClockFreq                  0x080022ed   Thumb Code    88  stm32f4xx_hal_rcc.o(i.HAL_RCC_GetSysClockFreq)
    HAL_RCC_OscConfig                        0x0800234d   Thumb Code   770  stm32f4xx_hal_rcc.o(i.HAL_RCC_OscConfig)
    HAL_SYSTICK_CLKSourceConfig              0x08002669   Thumb Code    24  stm32f4xx_hal_cortex.o(i.HAL_SYSTICK_CLKSourceConfig)
    HAL_SYSTICK_Config                       0x08002681   Thumb Code    40  stm32f4xx_hal_cortex.o(i.HAL_SYSTICK_Config)
    HAL_UART_ErrorCallback                   0x080026a9   Thumb Code     2  stm32f4xx_hal_uart.o(i.HAL_UART_ErrorCallback)
    HAL_UART_Init                            0x080026ab   Thumb Code    98  stm32f4xx_hal_uart.o(i.HAL_UART_Init)
    HAL_UART_MspInit                         0x0800270d   Thumb Code   278  stm32f4xx_hal_msp.o(i.HAL_UART_MspInit)
    HAL_UART_Receive_DMA                     0x0800286d   Thumb Code   138  stm32f4xx_hal_uart.o(i.HAL_UART_Receive_DMA)
    HAL_UART_RxCpltCallback                  0x08002905   Thumb Code     2  stm32f4xx_hal_uart.o(i.HAL_UART_RxCpltCallback)
    HAL_UART_RxHalfCpltCallback              0x08002907   Thumb Code     2  stm32f4xx_hal_uart.o(i.HAL_UART_RxHalfCpltCallback)
    HardFault_Handler                        0x08002909   Thumb Code     2  stm32f4xx_it.o(i.HardFault_Handler)
    MX_CAN1_Init                             0x0800290d   Thumb Code   110  can.o(i.MX_CAN1_Init)
    MX_CAN2_Init                             0x08002995   Thumb Code   106  can.o(i.MX_CAN2_Init)
    MX_DMA_Init                              0x08002a19   Thumb Code    72  usart.o(i.MX_DMA_Init)
    MX_USART1_UART_Init                      0x08002ad1   Thumb Code    52  usart.o(i.MX_USART1_UART_Init)
    MX_USART2_UART_Init                      0x08002b1d   Thumb Code    74  usart.o(i.MX_USART2_UART_Init)
    MX_USART6_UART_Init                      0x08002b85   Thumb Code    70  usart.o(i.MX_USART6_UART_Init)
    MemManage_Handler                        0x08002be9   Thumb Code     2  stm32f4xx_it.o(i.MemManage_Handler)
    Mode_Switch_Task                         0x08002bed   Thumb Code   114  mode_switch_task.o(i.Mode_Switch_Task)
    NMI_Handler                              0x08002c7d   Thumb Code     2  stm32f4xx_it.o(i.NMI_Handler)
    PID_struct_init                          0x08002ca1   Thumb Code    60  pid.o(i.PID_struct_init)
    Shoot_Param_Init                         0x08002ce5   Thumb Code   130  shoot_task.o(i.Shoot_Param_Init)
    Shoot_Task                               0x08002d85   Thumb Code   204  shoot_task.o(i.Shoot_Task)
    StartDefaultTask                         0x08002e79   Thumb Code     8  freertos.o(i.StartDefaultTask)
    SysTick_Handler                          0x08002e81   Thumb Code    14  stm32f4xx_it.o(i.SysTick_Handler)
    SystemClock_Config                       0x08002e91   Thumb Code   150  main.o(i.SystemClock_Config)
    SystemInit                               0x08002f31   Thumb Code    66  system_stm32f4xx.o(i.SystemInit)
    USART2_IRQHandler                        0x080032f1   Thumb Code   122  usart.o(i.USART2_IRQHandler)
    USART6_IRQHandler                        0x08003379   Thumb Code   248  usart.o(i.USART6_IRQHandler)
    UsageFault_Handler                       0x08003485   Thumb Code     2  stm32f4xx_it.o(i.UsageFault_Handler)
    _Error_Handler                           0x08003487   Thumb Code     2  main.o(i._Error_Handler)
    __ARM_fpclassify                         0x08003489   Thumb Code    48  fpclassify.o(i.__ARM_fpclassify)
    __hardfp_cos                             0x080034b9   Thumb Code   180  cos.o(i.__hardfp_cos)
    __hardfp_sin                             0x08003581   Thumb Code   180  sin.o(i.__hardfp_sin)
    __ieee754_rem_pio2                       0x08003649   Thumb Code   938  rred.o(i.__ieee754_rem_pio2)
    __kernel_cos                             0x08003a81   Thumb Code   322  cos_i.o(i.__kernel_cos)
    __kernel_poly                            0x08003bf1   Thumb Code   248  poly.o(i.__kernel_poly)
    __kernel_sin                             0x08003ce9   Thumb Code   280  sin_i.o(i.__kernel_sin)
    __mathlib_dbl_infnan                     0x08003e19   Thumb Code    20  dunder.o(i.__mathlib_dbl_infnan)
    __mathlib_dbl_invalid                    0x08003e31   Thumb Code    24  dunder.o(i.__mathlib_dbl_invalid)
    __mathlib_dbl_underflow                  0x08003e51   Thumb Code    24  dunder.o(i.__mathlib_dbl_underflow)
    __scatterload_copy                       0x08003e71   Thumb Code    14  handlers.o(i.__scatterload_copy)
    __scatterload_null                       0x08003e7f   Thumb Code     2  handlers.o(i.__scatterload_null)
    __scatterload_zeroinit                   0x08003e81   Thumb Code    14  handlers.o(i.__scatterload_zeroinit)
    __set_errno                              0x08003e91   Thumb Code     6  errno.o(i.__set_errno)
    abs_limit                                0x08003e9d   Thumb Code    42  pid.o(i.abs_limit)
    chassis_pid_calc                         0x08003ec9   Thumb Code   252  pid.o(i.chassis_pid_calc)
    encoder_data_handler                     0x08003fc9   Thumb Code   180  can.o(i.encoder_data_handler)
    encoder_data_handler1                    0x08004085   Thumb Code   184  can.o(i.encoder_data_handler1)
    encoder_data_handler2                    0x08004145   Thumb Code   120  can.o(i.encoder_data_handler2)
    fabs                                     0x080041bd   Thumb Code    24  fabs.o(i.fabs)
    get_gimbal_info                          0x080041d5   Thumb Code   156  get_gimbal_info.o(i.get_gimbal_info)
    get_main_ctrl_mode                       0x08004285   Thumb Code   178  mode_switch_task.o(i.get_main_ctrl_mode)
    get_moto_offset                          0x0800434d   Thumb Code    10  can.o(i.get_moto_offset)
    gyro_data_receive                        0x08004359   Thumb Code    78  can.o(i.gyro_data_receive)
    init_mode_handler                        0x080043b9   Thumb Code    46  gimbal_task.o(i.init_mode_handler)
    keyboard_chassis_hook                    0x080043f5   Thumb Code   324  get_chassis_info.o(i.keyboard_chassis_hook)
    keyboard_gimbal_hook                     0x08004569   Thumb Code   438  get_gimbal_info.o(i.keyboard_gimbal_hook)
    keyboard_shoot_hook                      0x08004759   Thumb Code    76  get_shoot_info.o(i.keyboard_shoot_hook)
    main                                     0x080047b5   Thumb Code    66  main.o(i.main)
    normal_mode_handler                      0x08004805   Thumb Code    20  gimbal_task.o(i.normal_mode_handler)
    osDelay                                  0x0800481d   Thumb Code    14  cmsis_os.o(i.osDelay)
    osDelayUntil                             0x0800482b   Thumb Code    14  cmsis_os.o(i.osDelayUntil)
    osKernelStart                            0x08004839   Thumb Code    10  cmsis_os.o(i.osKernelStart)
    osKernelSysTick                          0x08004843   Thumb Code    24  cmsis_os.o(i.osKernelSysTick)
    osSignalSet                              0x0800485d   Thumb Code    86  cmsis_os.o(i.osSignalSet)
    osSignalWait                             0x080048b9   Thumb Code    86  cmsis_os.o(i.osSignalWait)
    osSystickHandler                         0x0800490f   Thumb Code    20  cmsis_os.o(i.osSystickHandler)
    osThreadCreate                           0x08004923   Thumb Code    46  cmsis_os.o(i.osThreadCreate)
    osTimerCreate                            0x08004951   Thumb Code    30  cmsis_os.o(i.osTimerCreate)
    osTimerStart                             0x08004975   Thumb Code    88  cmsis_os.o(i.osTimerStart)
    pid_calc                                 0x080049d1   Thumb Code   230  pid.o(i.pid_calc)
    pvPortMalloc                             0x080051f5   Thumb Code   210  heap_4.o(i.pvPortMalloc)
    pvTaskIncrementMutexHeldCount            0x080052cd   Thumb Code    18  tasks.o(i.pvTaskIncrementMutexHeldCount)
    pxPortInitialiseStack                    0x080052e5   Thumb Code    40  port.o(i.pxPortInitialiseStack)
    ramp_calc                                0x08005311   Thumb Code    50  ramp.o(i.ramp_calc)
    ramp_init                                0x08005349   Thumb Code     8  ramp.o(i.ramp_init)
    remote_ctrl_chassis_hook                 0x08005351   Thumb Code   160  get_chassis_info.o(i.remote_ctrl_chassis_hook)
    remote_ctrl_gimbal_hook                  0x08005419   Thumb Code    76  get_gimbal_info.o(i.remote_ctrl_gimbal_hook)
    remote_ctrl_shoot_hook                   0x08005479   Thumb Code    22  get_shoot_info.o(i.remote_ctrl_shoot_hook)
    send_gimbal_cur                          0x0800549d   Thumb Code    74  can.o(i.send_gimbal_cur)
    send_gimbal_motor_ctrl_message           0x080054ed   Thumb Code    18  get_gimbal_info.o(i.send_gimbal_motor_ctrl_message)
    send_shoot_cur                           0x08005501   Thumb Code    74  can.o(i.send_shoot_cur)
    send_shoot_motor_ctrl_message            0x08005551   Thumb Code    16  get_shoot_info.o(i.send_shoot_motor_ctrl_message)
    shoot_keyboard_handler                   0x08005561   Thumb Code   132  shoot_task.o(i.shoot_keyboard_handler)
    shoot_remote_handler                     0x080055f1   Thumb Code    64  shoot_task.o(i.shoot_remote_handler)
    uxListRemove                             0x0800563d   Thumb Code    36  list.o(i.uxListRemove)
    vListInitialise                          0x08005661   Thumb Code    22  list.o(i.vListInitialise)
    vListInitialiseItem                      0x08005677   Thumb Code     6  list.o(i.vListInitialiseItem)
    vListInsert                              0x0800567d   Thumb Code    48  list.o(i.vListInsert)
    vListInsertEnd                           0x080056ad   Thumb Code    24  list.o(i.vListInsertEnd)
    vPortEnterCritical                       0x080056c5   Thumb Code    54  port.o(i.vPortEnterCritical)
    vPortExitCritical                        0x08005705   Thumb Code    34  port.o(i.vPortExitCritical)
    vPortFree                                0x0800572d   Thumb Code    88  heap_4.o(i.vPortFree)
    vPortSetupTimerInterrupt                 0x08005789   Thumb Code    26  port.o(i.vPortSetupTimerInterrupt)
    vPortValidateInterruptPriority           0x080057a9   Thumb Code    74  port.o(i.vPortValidateInterruptPriority)
    vQueueAddToRegistry                      0x080057fd   Thumb Code    34  queue.o(i.vQueueAddToRegistry)
    vQueueWaitForMessageRestricted           0x08005825   Thumb Code    68  queue.o(i.vQueueWaitForMessageRestricted)
    vTaskDelay                               0x08005869   Thumb Code    66  tasks.o(i.vTaskDelay)
    vTaskDelayUntil                          0x080058b5   Thumb Code   132  tasks.o(i.vTaskDelayUntil)
    vTaskMissedYield                         0x08005941   Thumb Code     8  tasks.o(i.vTaskMissedYield)
    vTaskPlaceOnEventList                    0x0800594d   Thumb Code    44  tasks.o(i.vTaskPlaceOnEventList)
    vTaskPlaceOnEventListRestricted          0x0800597d   Thumb Code    52  tasks.o(i.vTaskPlaceOnEventListRestricted)
    vTaskPriorityInherit                     0x080059b5   Thumb Code   124  tasks.o(i.vTaskPriorityInherit)
    vTaskSetTimeOutState                     0x08005a39   Thumb Code    30  tasks.o(i.vTaskSetTimeOutState)
    vTaskStartScheduler                      0x08005a5d   Thumb Code    94  tasks.o(i.vTaskStartScheduler)
    vTaskSuspendAll                          0x08005acd   Thumb Code    10  tasks.o(i.vTaskSuspendAll)
    vTaskSwitchContext                       0x08005add   Thumb Code    82  tasks.o(i.vTaskSwitchContext)
    xPortStartScheduler                      0x08005b39   Thumb Code   202  port.o(i.xPortStartScheduler)
    xPortSysTickHandler                      0x08005c19   Thumb Code    38  port.o(i.xPortSysTickHandler)
    xQueueGenericCreate                      0x08005c45   Thumb Code    82  queue.o(i.xQueueGenericCreate)
    xQueueGenericReceive                     0x08005c99   Thumb Code   360  queue.o(i.xQueueGenericReceive)
    xQueueGenericReset                       0x08005e05   Thumb Code   132  queue.o(i.xQueueGenericReset)
    xQueueGenericSend                        0x08005e8d   Thumb Code   346  queue.o(i.xQueueGenericSend)
    xQueueGenericSendFromISR                 0x08005fed   Thumb Code   188  queue.o(i.xQueueGenericSendFromISR)
    xTaskCheckForTimeOut                     0x080060a9   Thumb Code   102  tasks.o(i.xTaskCheckForTimeOut)
    xTaskCreate                              0x08006115   Thumb Code    86  tasks.o(i.xTaskCreate)
    xTaskGenericNotify                       0x0800616d   Thumb Code   190  tasks.o(i.xTaskGenericNotify)
    xTaskGenericNotifyFromISR                0x08006239   Thumb Code   232  tasks.o(i.xTaskGenericNotifyFromISR)
    xTaskGetSchedulerState                   0x08006329   Thumb Code    22  tasks.o(i.xTaskGetSchedulerState)
    xTaskGetTickCount                        0x08006345   Thumb Code     6  tasks.o(i.xTaskGetTickCount)
    xTaskGetTickCountFromISR                 0x08006351   Thumb Code    12  tasks.o(i.xTaskGetTickCountFromISR)
    xTaskIncrementTick                       0x08006361   Thumb Code   192  tasks.o(i.xTaskIncrementTick)
    xTaskNotifyWait                          0x08006429   Thumb Code   130  tasks.o(i.xTaskNotifyWait)
    xTaskPriorityDisinherit                  0x080064b5   Thumb Code   144  tasks.o(i.xTaskPriorityDisinherit)
    xTaskRemoveFromEventList                 0x0800654d   Thumb Code   108  tasks.o(i.xTaskRemoveFromEventList)
    xTaskResumeAll                           0x080065c1   Thumb Code   182  tasks.o(i.xTaskResumeAll)
    xTimerCreate                             0x08006685   Thumb Code    78  timers.o(i.xTimerCreate)
    xTimerCreateTimerTask                    0x080066d5   Thumb Code    56  timers.o(i.xTimerCreateTimerTask)
    xTimerGenericCommand                     0x0800671d   Thumb Code    92  timers.o(i.xTimerGenericCommand)
    zitai_data_receive2                      0x0800677d   Thumb Code   200  can.o(i.zitai_data_receive2)
    AHBPrescTable                            0x08006864   Data          16  system_stm32f4xx.o(.constdata)
    APBPrescTable                            0x08006874   Data           8  system_stm32f4xx.o(.constdata)
    Region$$Table$$Base                      0x08006a7c   Number         0  anon$$obj.o(Region$$Table)
    Region$$Table$$Limit                     0x08006a9c   Number         0  anon$$obj.o(Region$$Table)
    uwTickFreq                               0x20000000   Data           1  stm32f4xx_hal.o(.data)
    uwTickPrio                               0x20000004   Data           4  stm32f4xx_hal.o(.data)
    uwTick                                   0x20000008   Data           4  stm32f4xx_hal.o(.data)
    pxCurrentTCB                             0x20000030   Data           4  tasks.o(.data)
    SystemCoreClock                          0x20000080   Data           4  system_stm32f4xx.o(.data)
    defaultTaskHandle                        0x20000084   Data           4  freertos.o(.data)
    CAN_SEND_TASKHandle                      0x20000088   Data           4  freertos.o(.data)
    MODE_SWITCH_TASKHandle                   0x2000008c   Data           4  freertos.o(.data)
    GET_GIMBAL_INFOHandle                    0x20000090   Data           4  freertos.o(.data)
    GET_CHASSIS_INFHandle                    0x20000094   Data           4  freertos.o(.data)
    GET_SHOOT_TASK_HANDEL                    0x20000098   Data           4  freertos.o(.data)
    chassis_timer_id                         0x2000009c   Data           4  freertos.o(.data)
    gimbal_timer_id                          0x200000a0   Data           4  freertos.o(.data)
    shoot_timer_id                           0x200000a4   Data           4  freertos.o(.data)
    pc_i                                     0x200000b0   Data           4  get_gimbal_info.o(.data)
    handler_run_time                         0x200000b4   Data           4  gimbal_task.o(.data)
    pit_ramp                                 0x200000b8   Data          20  gimbal_task.o(.data)
    yaw_ramp                                 0x200000cc   Data          20  gimbal_task.o(.data)
    ctrl_mode                                0x200000e0   Data           1  mode_switch_task.o(.data)
    ramp_mode                                0x200000e1   Data           1  mode_switch_task.o(.data)
    Reset                                    0x200000e4   Data           4  mode_switch_task.o(.data)
    mode_switch_times                        0x200000ec   Data           4  mode_switch_task.o(.data)
    auto_shoot                               0x200000f0   Data           1  get_chassis_info.o(.data)
    turn_time_last                           0x200000f4   Data           4  get_chassis_info.o(.data)
    FBSpeedRamp                              0x20000104   Data          20  chassis_task.o(.data)
    LRSpeedRamp                              0x20000118   Data          20  chassis_task.o(.data)
    temp                                     0x20000134   Data           2  usart.o(.data)
    Rx_data                                  0x20000136   Data           8  usart.o(.data)
    xQueueRegistry                           0x20003d44   Data          64  queue.o(.bss)
    glb_cur                                  0x20003e9c   Data          20  commom_task.o(.bss)
    gim                                      0x20003eb0   Data         104  gimbal_task.o(.bss)
    chassis                                  0x20003f18   Data         108  chassis_task.o(.bss)
    shoot                                    0x20003f84   Data          62  shoot_task.o(.bss)
    hcan1                                    0x20003fc4   Data          40  can.o(.bss)
    hcan2                                    0x20003fec   Data          40  can.o(.bss)
    FILTER1                                  0x20004014   Data          40  can.o(.bss)
    FILTER2                                  0x2000403c   Data          40  can.o(.bss)
    moto_pit                                 0x20004064   Data          68  can.o(.bss)
    moto_yaw                                 0x200040a8   Data          68  can.o(.bss)
    moto_chassis                             0x200040ec   Data         272  can.o(.bss)
    moto_friction                            0x200041fc   Data         296  can.o(.bss)
    moto_trigger                             0x20004324   Data          68  can.o(.bss)
    gyro_data                                0x20004368   Data          56  can.o(.bss)
    Tx1Message                               0x200043a0   Data          24  can.o(.bss)
    Rx1Message                               0x200043b8   Data          28  can.o(.bss)
    Tx2Message                               0x200043d4   Data          24  can.o(.bss)
    Rx2Message                               0x200043ec   Data          28  can.o(.bss)
    RC_CtrlData                              0x20004408   Data          22  usart.o(.bss)
    pc_data                                  0x20004420   Data         516  usart.o(.bss)
    rc_RxBuffer                              0x20004624   Data         128  usart.o(.bss)
    huart1                                   0x200046a4   Data          64  usart.o(.bss)
    huart2                                   0x200046e4   Data          64  usart.o(.bss)
    huart6                                   0x20004724   Data          64  usart.o(.bss)
    hdma_usart2_rx                           0x20004764   Data          96  usart.o(.bss)
    hdma_usart6_rx                           0x200047c4   Data          96  usart.o(.bss)
    pid_yaw                                  0x20004824   Data          68  pid.o(.bss)
    pid_pit                                  0x20004868   Data          68  pid.o(.bss)
    pid_yaw_spd                              0x200048ac   Data          68  pid.o(.bss)
    pid_pit_spd                              0x200048f0   Data          68  pid.o(.bss)
    pid_rotate                               0x20004934   Data          68  pid.o(.bss)
    pid_spd                                  0x20004978   Data         272  pid.o(.bss)
    pid_fric_spd                             0x20004a88   Data         136  pid.o(.bss)
    pid_trigger                              0x20004b10   Data          68  pid.o(.bss)
    pid_trigger_spd                          0x20004b54   Data          68  pid.o(.bss)
    __initial_sp                             0x20004f98   Data           0  startup_stm32f407xx.o(STACK)



==============================================================================

Memory Map of the image

  Image Entry point : 0x08000189

  Load Region LR_IROM1 (Base: 0x08000000, Size: 0x00006be0, Max: 0x00080000, ABSOLUTE, COMPRESSED[0x00006ab8])

    Execution Region ER_IROM1 (Exec base: 0x08000000, Load base: 0x08000000, Size: 0x00006a9c, Max: 0x00080000, ABSOLUTE)

    Exec Addr    Load Addr    Size         Type   Attr      Idx    E Section Name        Object

    0x08000000   0x08000000   0x00000188   Data   RO            3    RESET               startup_stm32f407xx.o
    0x08000188   0x08000188   0x00000000   Code   RO          839  * .ARM.Collect$$$$00000000  mc_w.l(entry.o)
    0x08000188   0x08000188   0x00000004   Code   RO          869    .ARM.Collect$$$$00000001  mc_w.l(entry2.o)
    0x0800018c   0x0800018c   0x00000004   Code   RO          872    .ARM.Collect$$$$00000004  mc_w.l(entry5.o)
    0x08000190   0x08000190   0x00000000   Code   RO          874    .ARM.Collect$$$$00000008  mc_w.l(entry7b.o)
    0x08000190   0x08000190   0x00000000   Code   RO          876    .ARM.Collect$$$$0000000A  mc_w.l(entry8b.o)
    0x08000190   0x08000190   0x00000008   Code   RO          877    .ARM.Collect$$$$0000000B  mc_w.l(entry9a.o)
    0x08000198   0x08000198   0x00000000   Code   RO          879    .ARM.Collect$$$$0000000D  mc_w.l(entry10a.o)
    0x08000198   0x08000198   0x00000000   Code   RO          881    .ARM.Collect$$$$0000000F  mc_w.l(entry11a.o)
    0x08000198   0x08000198   0x00000004   Code   RO          870    .ARM.Collect$$$$00002712  mc_w.l(entry2.o)
    0x0800019c   0x0800019c   0x000000ba   Code   RO          434    .emb_text           port.o
    0x08000256   0x08000256   0x00000002   PAD
    0x08000258   0x08000258   0x00000024   Code   RO            4    .text               startup_stm32f407xx.o
    0x0800027c   0x0800027c   0x00000062   Code   RO          842    .text               mc_w.l(uldiv.o)
    0x080002de   0x080002de   0x00000024   Code   RO          843    .text               mc_w.l(memcpya.o)
    0x08000302   0x08000302   0x00000024   Code   RO          844    .text               mc_w.l(memseta.o)
    0x08000326   0x08000326   0x0000014e   Code   RO          847    .text               mf_w.l(dadd.o)
    0x08000474   0x08000474   0x000000e4   Code   RO          848    .text               mf_w.l(dmul.o)
    0x08000558   0x08000558   0x000000de   Code   RO          849    .text               mf_w.l(ddiv.o)
    0x08000636   0x08000636   0x00000022   Code   RO          850    .text               mf_w.l(dflti.o)
    0x08000658   0x08000658   0x00000026   Code   RO          851    .text               mf_w.l(f2d.o)
    0x0800067e   0x0800067e   0x00000038   Code   RO          852    .text               mf_w.l(d2f.o)
    0x080006b6   0x080006b6   0x0000001e   Code   RO          883    .text               mc_w.l(llshl.o)
    0x080006d4   0x080006d4   0x00000020   Code   RO          884    .text               mc_w.l(llushr.o)
    0x080006f4   0x080006f4   0x00000024   Code   RO          885    .text               mc_w.l(llsshr.o)
    0x08000718   0x08000718   0x00000000   Code   RO          890    .text               mc_w.l(iusefp.o)
    0x08000718   0x08000718   0x0000006e   Code   RO          891    .text               mf_w.l(fepilogue.o)
    0x08000786   0x08000786   0x000000ba   Code   RO          892    .text               mf_w.l(depilogue.o)
    0x08000840   0x08000840   0x00000024   Code   RO          899    .text               mc_w.l(init.o)
    0x08000864   0x08000864   0x0000001a   Code   RO          900    .text               mf_w.l(dfltui.o)
    0x0800087e   0x0800087e   0x0000003e   Code   RO          901    .text               mf_w.l(dfixi.o)
    0x080008bc   0x080008bc   0x00000056   Code   RO          907    .text               mc_w.l(__dczerorl2.o)
    0x08000912   0x08000912   0x00000002   Code   RO          651    i.BusFault_Handler  stm32f4xx_it.o
    0x08000914   0x08000914   0x0000000c   Code   RO          652    i.CAN1_RX0_IRQHandler  stm32f4xx_it.o
    0x08000920   0x08000920   0x0000000c   Code   RO          653    i.CAN1_TX_IRQHandler  stm32f4xx_it.o
    0x0800092c   0x0800092c   0x0000000c   Code   RO          654    i.CAN2_RX0_IRQHandler  stm32f4xx_it.o
    0x08000938   0x08000938   0x0000000c   Code   RO          655    i.CAN2_TX_IRQHandler  stm32f4xx_it.o
    0x08000944   0x08000944   0x00000040   Code   RO          678    i.Can_Send_Task     commom_task.o
    0x08000984   0x08000984   0x0000009c   Code   RO          718    i.Chassis_Param_Init  chassis_task.o
    0x08000a20   0x08000a20   0x000002a4   Code   RO          719    i.Chassis_Task      chassis_task.o
    0x08000cc4   0x08000cc4   0x0000000c   Code   RO          656    i.DMA1_Stream5_IRQHandler  stm32f4xx_it.o
    0x08000cd0   0x08000cd0   0x00000028   Code   RO          329    i.DMA_CalcBaseAndBitshift  stm32f4xx_hal_dma.o
    0x08000cf8   0x08000cf8   0x00000054   Code   RO          330    i.DMA_CheckFifoParam  stm32f4xx_hal_dma.o
    0x08000d4c   0x08000d4c   0x00000028   Code   RO          331    i.DMA_SetConfig     stm32f4xx_hal_dma.o
    0x08000d74   0x08000d74   0x00000002   Code   RO          657    i.DebugMon_Handler  stm32f4xx_it.o
    0x08000d76   0x08000d76   0x00000002   PAD
    0x08000d78   0x08000d78   0x000000d0   Code   RO          643    i.FreeRtos_Init     freertos.o
    0x08000e48   0x08000e48   0x000000a4   Code   RO          710    i.Get_Chassis_Info  get_chassis_info.o
    0x08000eec   0x08000eec   0x00000024   Code   RO          683    i.Get_Gimbal_Info   get_gimbal_info.o
    0x08000f10   0x08000f10   0x000000a8   Code   RO          765    i.Get_Remote_info   usart.o
    0x08000fb8   0x08000fb8   0x000000ac   Code   RO          725    i.Get_Shoot_Info    get_shoot_info.o
    0x08001064   0x08001064   0x000000a8   Code   RO          684    i.GimbalAngleLimit  get_gimbal_info.o
    0x0800110c   0x0800110c   0x000000c4   Code   RO          693    i.Gimbal_Param_Init  gimbal_task.o
    0x080011d0   0x080011d0   0x000000dc   Code   RO          694    i.Gimbal_Task       gimbal_task.o
    0x080012ac   0x080012ac   0x00000028   Code   RO            9    i.HAL_CAN_ActivateNotification  stm32f4xx_hal_can.o
    0x080012d4   0x080012d4   0x000000c8   Code   RO           10    i.HAL_CAN_AddTxMessage  stm32f4xx_hal_can.o
    0x0800139c   0x0800139c   0x0000010c   Code   RO           11    i.HAL_CAN_ConfigFilter  stm32f4xx_hal_can.o
    0x080014a8   0x080014a8   0x00000002   Code   RO           14    i.HAL_CAN_ErrorCallback  stm32f4xx_hal_can.o
    0x080014aa   0x080014aa   0x000000fa   Code   RO           17    i.HAL_CAN_GetRxMessage  stm32f4xx_hal_can.o
    0x080015a4   0x080015a4   0x000001fc   Code   RO           21    i.HAL_CAN_IRQHandler  stm32f4xx_hal_can.o
    0x080017a0   0x080017a0   0x0000011a   Code   RO           22    i.HAL_CAN_Init      stm32f4xx_hal_can.o
    0x080018ba   0x080018ba   0x00000002   PAD
    0x080018bc   0x080018bc   0x000000e0   Code   RO          667    i.HAL_CAN_MspInit   stm32f4xx_hal_msp.o
    0x0800199c   0x0800199c   0x00000002   Code   RO           29    i.HAL_CAN_RxFifo0FullCallback  stm32f4xx_hal_can.o
    0x0800199e   0x0800199e   0x00000002   PAD
    0x080019a0   0x080019a0   0x00000110   Code   RO          747    i.HAL_CAN_RxFifo0MsgPendingCallback  can.o
    0x08001ab0   0x08001ab0   0x00000002   Code   RO           31    i.HAL_CAN_RxFifo1FullCallback  stm32f4xx_hal_can.o
    0x08001ab2   0x08001ab2   0x00000002   Code   RO           32    i.HAL_CAN_RxFifo1MsgPendingCallback  stm32f4xx_hal_can.o
    0x08001ab4   0x08001ab4   0x00000002   Code   RO           33    i.HAL_CAN_SleepCallback  stm32f4xx_hal_can.o
    0x08001ab6   0x08001ab6   0x00000002   PAD
    0x08001ab8   0x08001ab8   0x00000058   Code   RO           34    i.HAL_CAN_Start     stm32f4xx_hal_can.o
    0x08001b10   0x08001b10   0x00000002   Code   RO           36    i.HAL_CAN_TxMailbox0AbortCallback  stm32f4xx_hal_can.o
    0x08001b12   0x08001b12   0x00000002   Code   RO           37    i.HAL_CAN_TxMailbox0CompleteCallback  stm32f4xx_hal_can.o
    0x08001b14   0x08001b14   0x00000002   Code   RO           38    i.HAL_CAN_TxMailbox1AbortCallback  stm32f4xx_hal_can.o
    0x08001b16   0x08001b16   0x00000002   Code   RO           39    i.HAL_CAN_TxMailbox1CompleteCallback  stm32f4xx_hal_can.o
    0x08001b18   0x08001b18   0x00000002   Code   RO           40    i.HAL_CAN_TxMailbox2AbortCallback  stm32f4xx_hal_can.o
    0x08001b1a   0x08001b1a   0x00000002   Code   RO           41    i.HAL_CAN_TxMailbox2CompleteCallback  stm32f4xx_hal_can.o
    0x08001b1c   0x08001b1c   0x00000002   Code   RO           43    i.HAL_CAN_WakeUpFromRxMsgCallback  stm32f4xx_hal_can.o
    0x08001b1e   0x08001b1e   0x00000002   PAD
    0x08001b20   0x08001b20   0x000001a0   Code   RO          337    i.HAL_DMA_IRQHandler  stm32f4xx_hal_dma.o
    0x08001cc0   0x08001cc0   0x000000d4   Code   RO          338    i.HAL_DMA_Init      stm32f4xx_hal_dma.o
    0x08001d94   0x08001d94   0x00000078   Code   RO          342    i.HAL_DMA_Start_IT  stm32f4xx_hal_dma.o
    0x08001e0c   0x08001e0c   0x00000024   Code   RO          406    i.HAL_Delay         stm32f4xx_hal.o
    0x08001e30   0x08001e30   0x000001b0   Code   RO          314    i.HAL_GPIO_Init     stm32f4xx_hal_gpio.o
    0x08001fe0   0x08001fe0   0x0000000c   Code   RO          412    i.HAL_GetTick       stm32f4xx_hal.o
    0x08001fec   0x08001fec   0x00000010   Code   RO          416    i.HAL_IncTick       stm32f4xx_hal.o
    0x08001ffc   0x08001ffc   0x00000034   Code   RO          417    i.HAL_Init          stm32f4xx_hal.o
    0x08002030   0x08002030   0x00000040   Code   RO          418    i.HAL_InitTick      stm32f4xx_hal.o
    0x08002070   0x08002070   0x00000084   Code   RO          668    i.HAL_MspInit       stm32f4xx_hal_msp.o
    0x080020f4   0x080020f4   0x00000016   Code   RO          382    i.HAL_NVIC_EnableIRQ  stm32f4xx_hal_cortex.o
    0x0800210a   0x0800210a   0x00000002   PAD
    0x0800210c   0x0800210c   0x00000040   Code   RO          388    i.HAL_NVIC_SetPriority  stm32f4xx_hal_cortex.o
    0x0800214c   0x0800214c   0x00000024   Code   RO          389    i.HAL_NVIC_SetPriorityGrouping  stm32f4xx_hal_cortex.o
    0x08002170   0x08002170   0x00000130   Code   RO          252    i.HAL_RCC_ClockConfig  stm32f4xx_hal_rcc.o
    0x080022a0   0x080022a0   0x0000000c   Code   RO          257    i.HAL_RCC_GetHCLKFreq  stm32f4xx_hal_rcc.o
    0x080022ac   0x080022ac   0x00000020   Code   RO          259    i.HAL_RCC_GetPCLK1Freq  stm32f4xx_hal_rcc.o
    0x080022cc   0x080022cc   0x00000020   Code   RO          260    i.HAL_RCC_GetPCLK2Freq  stm32f4xx_hal_rcc.o
    0x080022ec   0x080022ec   0x00000060   Code   RO          261    i.HAL_RCC_GetSysClockFreq  stm32f4xx_hal_rcc.o
    0x0800234c   0x0800234c   0x0000031c   Code   RO          264    i.HAL_RCC_OscConfig  stm32f4xx_hal_rcc.o
    0x08002668   0x08002668   0x00000018   Code   RO          391    i.HAL_SYSTICK_CLKSourceConfig  stm32f4xx_hal_cortex.o
    0x08002680   0x08002680   0x00000028   Code   RO          393    i.HAL_SYSTICK_Config  stm32f4xx_hal_cortex.o
    0x080026a8   0x080026a8   0x00000002   Code   RO          215    i.HAL_UART_ErrorCallback  stm32f4xx_hal_uart.o
    0x080026aa   0x080026aa   0x00000062   Code   RO          219    i.HAL_UART_Init     stm32f4xx_hal_uart.o
    0x0800270c   0x0800270c   0x00000160   Code   RO          673    i.HAL_UART_MspInit  stm32f4xx_hal_msp.o
    0x0800286c   0x0800286c   0x00000098   Code   RO          223    i.HAL_UART_Receive_DMA  stm32f4xx_hal_uart.o
    0x08002904   0x08002904   0x00000002   Code   RO          225    i.HAL_UART_RxCpltCallback  stm32f4xx_hal_uart.o
    0x08002906   0x08002906   0x00000002   Code   RO          226    i.HAL_UART_RxHalfCpltCallback  stm32f4xx_hal_uart.o
    0x08002908   0x08002908   0x00000002   Code   RO          658    i.HardFault_Handler  stm32f4xx_it.o
    0x0800290a   0x0800290a   0x00000002   PAD
    0x0800290c   0x0800290c   0x00000088   Code   RO          748    i.MX_CAN1_Init      can.o
    0x08002994   0x08002994   0x00000084   Code   RO          749    i.MX_CAN2_Init      can.o
    0x08002a18   0x08002a18   0x0000004c   Code   RO          766    i.MX_DMA_Init       usart.o
    0x08002a64   0x08002a64   0x0000006c   Code   RO          636    i.MX_GPIO_Init      main.o
    0x08002ad0   0x08002ad0   0x0000004c   Code   RO          767    i.MX_USART1_UART_Init  usart.o
    0x08002b1c   0x08002b1c   0x00000068   Code   RO          768    i.MX_USART2_UART_Init  usart.o
    0x08002b84   0x08002b84   0x00000064   Code   RO          769    i.MX_USART6_UART_Init  usart.o
    0x08002be8   0x08002be8   0x00000002   Code   RO          659    i.MemManage_Handler  stm32f4xx_it.o
    0x08002bea   0x08002bea   0x00000002   PAD
    0x08002bec   0x08002bec   0x00000090   Code   RO          704    i.Mode_Switch_Task  mode_switch_task.o
    0x08002c7c   0x08002c7c   0x00000002   Code   RO          660    i.NMI_Handler       stm32f4xx_it.o
    0x08002c7e   0x08002c7e   0x00000020   Code   RO          395    i.NVIC_SetPriority  stm32f4xx_hal_cortex.o
    0x08002c9e   0x08002c9e   0x00000002   PAD
    0x08002ca0   0x08002ca0   0x00000044   Code   RO          786    i.PID_struct_init   pid.o
    0x08002ce4   0x08002ce4   0x000000a0   Code   RO          732    i.Shoot_Param_Init  shoot_task.o
    0x08002d84   0x08002d84   0x000000f4   Code   RO          733    i.Shoot_Task        shoot_task.o
    0x08002e78   0x08002e78   0x00000008   Code   RO          644    i.StartDefaultTask  freertos.o
    0x08002e80   0x08002e80   0x0000000e   Code   RO          661    i.SysTick_Handler   stm32f4xx_it.o
    0x08002e8e   0x08002e8e   0x00000002   PAD
    0x08002e90   0x08002e90   0x000000a0   Code   RO          637    i.SystemClock_Config  main.o
    0x08002f30   0x08002f30   0x00000054   Code   RO          629    i.SystemInit        system_stm32f4xx.o
    0x08002f84   0x08002f84   0x0000004a   Code   RO          233    i.UART_DMAError     stm32f4xx_hal_uart.o
    0x08002fce   0x08002fce   0x0000003c   Code   RO          234    i.UART_DMAReceiveCplt  stm32f4xx_hal_uart.o
    0x0800300a   0x0800300a   0x0000000a   Code   RO          236    i.UART_DMARxHalfCplt  stm32f4xx_hal_uart.o
    0x08003014   0x08003014   0x0000001c   Code   RO          242    i.UART_EndRxTransfer  stm32f4xx_hal_uart.o
    0x08003030   0x08003030   0x00000012   Code   RO          243    i.UART_EndTxTransfer  stm32f4xx_hal_uart.o
    0x08003042   0x08003042   0x00000002   PAD
    0x08003044   0x08003044   0x000002ac   Code   RO          245    i.UART_SetConfig    stm32f4xx_hal_uart.o
    0x080032f0   0x080032f0   0x00000088   Code   RO          770    i.USART2_IRQHandler  usart.o
    0x08003378   0x08003378   0x0000010c   Code   RO          771    i.USART6_IRQHandler  usart.o
    0x08003484   0x08003484   0x00000002   Code   RO          662    i.UsageFault_Handler  stm32f4xx_it.o
    0x08003486   0x08003486   0x00000002   Code   RO          638    i._Error_Handler    main.o
    0x08003488   0x08003488   0x00000030   Code   RO          897    i.__ARM_fpclassify  m_wm.l(fpclassify.o)
    0x080034b8   0x080034b8   0x000000c8   Code   RO          827    i.__hardfp_cos      m_wm.l(cos.o)
    0x08003580   0x08003580   0x000000c8   Code   RO          833    i.__hardfp_sin      m_wm.l(sin.o)
    0x08003648   0x08003648   0x00000438   Code   RO          862    i.__ieee754_rem_pio2  m_wm.l(rred.o)
    0x08003a80   0x08003a80   0x00000170   Code   RO          853    i.__kernel_cos      m_wm.l(cos_i.o)
    0x08003bf0   0x08003bf0   0x000000f8   Code   RO          898    i.__kernel_poly     m_wm.l(poly.o)
    0x08003ce8   0x08003ce8   0x00000130   Code   RO          865    i.__kernel_sin      m_wm.l(sin_i.o)
    0x08003e18   0x08003e18   0x00000014   Code   RO          856    i.__mathlib_dbl_infnan  m_wm.l(dunder.o)
    0x08003e2c   0x08003e2c   0x00000004   PAD
    0x08003e30   0x08003e30   0x00000020   Code   RO          858    i.__mathlib_dbl_invalid  m_wm.l(dunder.o)
    0x08003e50   0x08003e50   0x00000020   Code   RO          861    i.__mathlib_dbl_underflow  m_wm.l(dunder.o)
    0x08003e70   0x08003e70   0x0000000e   Code   RO          904    i.__scatterload_copy  mc_w.l(handlers.o)
    0x08003e7e   0x08003e7e   0x00000002   Code   RO          905    i.__scatterload_null  mc_w.l(handlers.o)
    0x08003e80   0x08003e80   0x0000000e   Code   RO          906    i.__scatterload_zeroinit  mc_w.l(handlers.o)
    0x08003e8e   0x08003e8e   0x00000002   PAD
    0x08003e90   0x08003e90   0x0000000c   Code   RO          888    i.__set_errno       mc_w.l(errno.o)
    0x08003e9c   0x08003e9c   0x0000002a   Code   RO          787    i.abs_limit         pid.o
    0x08003ec6   0x08003ec6   0x00000002   PAD
    0x08003ec8   0x08003ec8   0x00000100   Code   RO          788    i.chassis_pid_calc  pid.o
    0x08003fc8   0x08003fc8   0x000000bc   Code   RO          750    i.encoder_data_handler  can.o
    0x08004084   0x08004084   0x000000c0   Code   RO          751    i.encoder_data_handler1  can.o
    0x08004144   0x08004144   0x00000078   Code   RO          752    i.encoder_data_handler2  can.o
    0x080041bc   0x080041bc   0x00000018   Code   RO          896    i.fabs              m_wm.l(fabs.o)
    0x080041d4   0x080041d4   0x000000b0   Code   RO          685    i.get_gimbal_info   get_gimbal_info.o
    0x08004284   0x08004284   0x000000c8   Code   RO          705    i.get_main_ctrl_mode  mode_switch_task.o
    0x0800434c   0x0800434c   0x0000000a   Code   RO          753    i.get_moto_offset   can.o
    0x08004356   0x08004356   0x00000002   PAD
    0x08004358   0x08004358   0x00000054   Code   RO          754    i.gyro_data_receive  can.o
    0x080043ac   0x080043ac   0x0000000c   Code   RO          567    i.inHandlerMode     cmsis_os.o
    0x080043b8   0x080043b8   0x0000003c   Code   RO          695    i.init_mode_handler  gimbal_task.o
    0x080043f4   0x080043f4   0x00000174   Code   RO          711    i.keyboard_chassis_hook  get_chassis_info.o
    0x08004568   0x08004568   0x000001f0   Code   RO          686    i.keyboard_gimbal_hook  get_gimbal_info.o
    0x08004758   0x08004758   0x0000005c   Code   RO          726    i.keyboard_shoot_hook  get_shoot_info.o
    0x080047b4   0x080047b4   0x00000042   Code   RO          639    i.main              main.o
    0x080047f6   0x080047f6   0x0000000c   Code   RO          569    i.makeFreeRtosPriority  cmsis_os.o
    0x08004802   0x08004802   0x00000002   PAD
    0x08004804   0x08004804   0x00000018   Code   RO          696    i.normal_mode_handler  gimbal_task.o
    0x0800481c   0x0800481c   0x0000000e   Code   RO          571    i.osDelay           cmsis_os.o
    0x0800482a   0x0800482a   0x0000000e   Code   RO          572    i.osDelayUntil      cmsis_os.o
    0x08004838   0x08004838   0x0000000a   Code   RO          574    i.osKernelStart     cmsis_os.o
    0x08004842   0x08004842   0x00000018   Code   RO          575    i.osKernelSysTick   cmsis_os.o
    0x0800485a   0x0800485a   0x00000002   PAD
    0x0800485c   0x0800485c   0x0000005c   Code   RO          605    i.osSignalSet       cmsis_os.o
    0x080048b8   0x080048b8   0x00000056   Code   RO          606    i.osSignalWait      cmsis_os.o
    0x0800490e   0x0800490e   0x00000014   Code   RO          607    i.osSystickHandler  cmsis_os.o
    0x08004922   0x08004922   0x0000002e   Code   RO          608    i.osThreadCreate    cmsis_os.o
    0x08004950   0x08004950   0x00000024   Code   RO          621    i.osTimerCreate     cmsis_os.o
    0x08004974   0x08004974   0x0000005c   Code   RO          623    i.osTimerStart      cmsis_os.o
    0x080049d0   0x080049d0   0x000000e6   Code   RO          789    i.pid_calc          pid.o
    0x08004ab6   0x08004ab6   0x0000000e   Code   RO          790    i.pid_param_init    pid.o
    0x08004ac4   0x08004ac4   0x00000020   Code   RO          791    i.pid_reset         pid.o
    0x08004ae4   0x08004ae4   0x00000070   Code   RO          490    i.prvAddCurrentTaskToDelayedList  tasks.o
    0x08004b54   0x08004b54   0x000000d0   Code   RO          491    i.prvAddNewTaskToReadyList  tasks.o
    0x08004c24   0x08004c24   0x00000050   Code   RO          547    i.prvCheckForValidListAndQueue  timers.o
    0x08004c74   0x08004c74   0x00000050   Code   RO          492    i.prvCheckTasksWaitingTermination  tasks.o
    0x08004cc4   0x08004cc4   0x00000026   Code   RO          462    i.prvCopyDataFromQueue  queue.o
    0x08004cea   0x08004cea   0x0000006c   Code   RO          463    i.prvCopyDataToQueue  queue.o
    0x08004d56   0x08004d56   0x00000014   Code   RO          493    i.prvDeleteTCB      tasks.o
    0x08004d6a   0x08004d6a   0x00000002   PAD
    0x08004d6c   0x08004d6c   0x0000004c   Code   RO          425    i.prvHeapInit       heap_4.o
    0x08004db8   0x08004db8   0x00000028   Code   RO          494    i.prvIdleTask       tasks.o
    0x08004de0   0x08004de0   0x0000009c   Code   RO          495    i.prvInitialiseNewTask  tasks.o
    0x08004e7c   0x08004e7c   0x0000004c   Code   RO          426    i.prvInsertBlockIntoFreeList  heap_4.o
    0x08004ec8   0x08004ec8   0x00000038   Code   RO          548    i.prvInsertTimerInActiveList  timers.o
    0x08004f00   0x08004f00   0x0000001c   Code   RO          464    i.prvIsQueueEmpty   queue.o
    0x08004f1c   0x08004f1c   0x000000b8   Code   RO          549    i.prvProcessReceivedCommands  timers.o
    0x08004fd4   0x08004fd4   0x000000b4   Code   RO          550    i.prvProcessTimerOrBlockTask  timers.o
    0x08005088   0x08005088   0x00000020   Code   RO          497    i.prvResetNextTaskUnblockTime  tasks.o
    0x080050a8   0x080050a8   0x00000028   Code   RO          551    i.prvSampleTimeNow  timers.o
    0x080050d0   0x080050d0   0x0000006c   Code   RO          552    i.prvSwitchTimerLists  timers.o
    0x0800513c   0x0800513c   0x00000028   Code   RO          435    i.prvTaskExitError  port.o
    0x08005164   0x08005164   0x00000024   Code   RO          553    i.prvTimerTask      timers.o
    0x08005188   0x08005188   0x0000006a   Code   RO          465    i.prvUnlockQueue    queue.o
    0x080051f2   0x080051f2   0x00000002   PAD
    0x080051f4   0x080051f4   0x000000d8   Code   RO          427    i.pvPortMalloc      heap_4.o
    0x080052cc   0x080052cc   0x00000018   Code   RO          500    i.pvTaskIncrementMutexHeldCount  tasks.o
    0x080052e4   0x080052e4   0x0000002c   Code   RO          436    i.pxPortInitialiseStack  port.o
    0x08005310   0x08005310   0x00000038   Code   RO          742    i.ramp_calc         ramp.o
    0x08005348   0x08005348   0x00000008   Code   RO          743    i.ramp_init         ramp.o
    0x08005350   0x08005350   0x000000c8   Code   RO          712    i.remote_ctrl_chassis_hook  get_chassis_info.o
    0x08005418   0x08005418   0x00000060   Code   RO          687    i.remote_ctrl_gimbal_hook  get_gimbal_info.o
    0x08005478   0x08005478   0x00000024   Code   RO          727    i.remote_ctrl_shoot_hook  get_shoot_info.o
    0x0800549c   0x0800549c   0x00000050   Code   RO          756    i.send_gimbal_cur   can.o
    0x080054ec   0x080054ec   0x00000012   Code   RO          688    i.send_gimbal_motor_ctrl_message  get_gimbal_info.o
    0x080054fe   0x080054fe   0x00000002   PAD
    0x08005500   0x08005500   0x00000050   Code   RO          757    i.send_shoot_cur    can.o
    0x08005550   0x08005550   0x00000010   Code   RO          728    i.send_shoot_motor_ctrl_message  get_shoot_info.o
    0x08005560   0x08005560   0x00000090   Code   RO          734    i.shoot_keyboard_handler  shoot_task.o
    0x080055f0   0x080055f0   0x0000004c   Code   RO          735    i.shoot_remote_handler  shoot_task.o
    0x0800563c   0x0800563c   0x00000024   Code   RO          456    i.uxListRemove      list.o
    0x08005660   0x08005660   0x00000016   Code   RO          457    i.vListInitialise   list.o
    0x08005676   0x08005676   0x00000006   Code   RO          458    i.vListInitialiseItem  list.o
    0x0800567c   0x0800567c   0x00000030   Code   RO          459    i.vListInsert       list.o
    0x080056ac   0x080056ac   0x00000018   Code   RO          460    i.vListInsertEnd    list.o
    0x080056c4   0x080056c4   0x00000040   Code   RO          438    i.vPortEnterCritical  port.o
    0x08005704   0x08005704   0x00000028   Code   RO          439    i.vPortExitCritical  port.o
    0x0800572c   0x0800572c   0x0000005c   Code   RO          428    i.vPortFree         heap_4.o
    0x08005788   0x08005788   0x00000020   Code   RO          440    i.vPortSetupTimerInterrupt  port.o
    0x080057a8   0x080057a8   0x00000054   Code   RO          441    i.vPortValidateInterruptPriority  port.o
    0x080057fc   0x080057fc   0x00000028   Code   RO          471    i.vQueueAddToRegistry  queue.o
    0x08005824   0x08005824   0x00000044   Code   RO          475    i.vQueueWaitForMessageRestricted  queue.o
    0x08005868   0x08005868   0x0000004c   Code   RO          508    i.vTaskDelay        tasks.o
    0x080058b4   0x080058b4   0x0000008c   Code   RO          509    i.vTaskDelayUntil   tasks.o
    0x08005940   0x08005940   0x0000000c   Code   RO          513    i.vTaskMissedYield  tasks.o
    0x0800594c   0x0800594c   0x00000030   Code   RO          515    i.vTaskPlaceOnEventList  tasks.o
    0x0800597c   0x0800597c   0x00000038   Code   RO          516    i.vTaskPlaceOnEventListRestricted  tasks.o
    0x080059b4   0x080059b4   0x00000084   Code   RO          518    i.vTaskPriorityInherit  tasks.o
    0x08005a38   0x08005a38   0x00000024   Code   RO          522    i.vTaskSetTimeOutState  tasks.o
    0x08005a5c   0x08005a5c   0x00000070   Code   RO          523    i.vTaskStartScheduler  tasks.o
    0x08005acc   0x08005acc   0x00000010   Code   RO          525    i.vTaskSuspendAll   tasks.o
    0x08005adc   0x08005adc   0x0000005c   Code   RO          526    i.vTaskSwitchContext  tasks.o
    0x08005b38   0x08005b38   0x000000e0   Code   RO          442    i.xPortStartScheduler  port.o
    0x08005c18   0x08005c18   0x0000002c   Code   RO          443    i.xPortSysTickHandler  port.o
    0x08005c44   0x08005c44   0x00000052   Code   RO          477    i.xQueueGenericCreate  queue.o
    0x08005c96   0x08005c96   0x00000002   PAD
    0x08005c98   0x08005c98   0x0000016c   Code   RO          478    i.xQueueGenericReceive  queue.o
    0x08005e04   0x08005e04   0x00000088   Code   RO          479    i.xQueueGenericReset  queue.o
    0x08005e8c   0x08005e8c   0x00000160   Code   RO          480    i.xQueueGenericSend  queue.o
    0x08005fec   0x08005fec   0x000000bc   Code   RO          481    i.xQueueGenericSendFromISR  queue.o
    0x080060a8   0x080060a8   0x0000006c   Code   RO          527    i.xTaskCheckForTimeOut  tasks.o
    0x08006114   0x08006114   0x00000056   Code   RO          528    i.xTaskCreate       tasks.o
    0x0800616a   0x0800616a   0x00000002   PAD
    0x0800616c   0x0800616c   0x000000cc   Code   RO          529    i.xTaskGenericNotify  tasks.o
    0x08006238   0x08006238   0x000000f0   Code   RO          530    i.xTaskGenericNotifyFromISR  tasks.o
    0x08006328   0x08006328   0x0000001c   Code   RO          533    i.xTaskGetSchedulerState  tasks.o
    0x08006344   0x08006344   0x0000000c   Code   RO          534    i.xTaskGetTickCount  tasks.o
    0x08006350   0x08006350   0x00000010   Code   RO          535    i.xTaskGetTickCountFromISR  tasks.o
    0x08006360   0x08006360   0x000000c8   Code   RO          536    i.xTaskIncrementTick  tasks.o
    0x08006428   0x08006428   0x0000008c   Code   RO          538    i.xTaskNotifyWait   tasks.o
    0x080064b4   0x080064b4   0x00000098   Code   RO          539    i.xTaskPriorityDisinherit  tasks.o
    0x0800654c   0x0800654c   0x00000074   Code   RO          540    i.xTaskRemoveFromEventList  tasks.o
    0x080065c0   0x080065c0   0x000000c4   Code   RO          542    i.xTaskResumeAll    tasks.o
    0x08006684   0x08006684   0x0000004e   Code   RO          556    i.xTimerCreate      timers.o
    0x080066d2   0x080066d2   0x00000002   PAD
    0x080066d4   0x080066d4   0x00000048   Code   RO          557    i.xTimerCreateTimerTask  timers.o
    0x0800671c   0x0800671c   0x00000060   Code   RO          558    i.xTimerGenericCommand  timers.o
    0x0800677c   0x0800677c   0x000000e0   Code   RO          759    i.zitai_data_receive2  can.o
    0x0800685c   0x0800685c   0x00000008   Data   RO          344    .constdata          stm32f4xx_hal_dma.o
    0x08006864   0x08006864   0x00000010   Data   RO          630    .constdata          system_stm32f4xx.o
    0x08006874   0x08006874   0x00000008   Data   RO          631    .constdata          system_stm32f4xx.o
    0x0800687c   0x0800687c   0x00000084   Data   RO          645    .constdata          freertos.o
    0x08006900   0x08006900   0x00000030   Data   RO          854    .constdata          m_wm.l(cos_i.o)
    0x08006930   0x08006930   0x000000c8   Data   RO          864    .constdata          m_wm.l(rred.o)
    0x080069f8   0x080069f8   0x00000028   Data   RO          866    .constdata          m_wm.l(sin_i.o)
    0x08006a20   0x08006a20   0x0000005c   Data   RO          646    .conststring        freertos.o
    0x08006a7c   0x08006a7c   0x00000020   Data   RO          902    Region$$Table       anon$$obj.o


    Execution Region RW_IRAM1 (Exec base: 0x20000000, Load base: 0x08006a9c, Size: 0x00004f98, Max: 0x00020000, ABSOLUTE, COMPRESSED[0x0000001c])

    Exec Addr    Load Addr    Size         Type   Attr      Idx    E Section Name        Object

    0x20000000   COMPRESSED   0x0000000c   Data   RW          424    .data               stm32f4xx_hal.o
    0x2000000c   COMPRESSED   0x00000018   Data   RW          433    .data               heap_4.o
    0x20000024   COMPRESSED   0x0000000c   Data   RW          444    .data               port.o
    0x20000030   COMPRESSED   0x0000003c   Data   RW          545    .data               tasks.o
    0x2000006c   COMPRESSED   0x00000014   Data   RW          564    .data               timers.o
    0x20000080   COMPRESSED   0x00000004   Data   RW          632    .data               system_stm32f4xx.o
    0x20000084   COMPRESSED   0x00000024   Data   RW          647    .data               freertos.o
    0x200000a8   COMPRESSED   0x00000004   Data   RW          674    .data               stm32f4xx_hal_msp.o
    0x200000ac   COMPRESSED   0x00000008   Data   RW          689    .data               get_gimbal_info.o
    0x200000b4   COMPRESSED   0x0000002c   Data   RW          698    .data               gimbal_task.o
    0x200000e0   COMPRESSED   0x00000010   Data   RW          706    .data               mode_switch_task.o
    0x200000f0   COMPRESSED   0x00000010   Data   RW          714    .data               get_chassis_info.o
    0x20000100   COMPRESSED   0x0000002c   Data   RW          721    .data               chassis_task.o
    0x2000012c   COMPRESSED   0x00000008   Data   RW          761    .data               can.o
    0x20000134   COMPRESSED   0x0000000a   Data   RW          778    .data               usart.o
    0x2000013e   COMPRESSED   0x00000002   PAD
    0x20000140   COMPRESSED   0x00000004   Data   RW          889    .data               mc_w.l(errno.o)
    0x20000144        -       0x00003c00   Zero   RW          432    .bss                heap_4.o
    0x20003d44        -       0x00000040   Zero   RW          487    .bss                queue.o
    0x20003d84        -       0x000000f0   Zero   RW          544    .bss                tasks.o
    0x20003e74        -       0x00000028   Zero   RW          563    .bss                timers.o
    0x20003e9c        -       0x00000014   Zero   RW          679    .bss                commom_task.o
    0x20003eb0        -       0x00000068   Zero   RW          697    .bss                gimbal_task.o
    0x20003f18        -       0x0000006c   Zero   RW          720    .bss                chassis_task.o
    0x20003f84        -       0x0000003e   Zero   RW          736    .bss                shoot_task.o
    0x20003fc2   COMPRESSED   0x00000002   PAD
    0x20003fc4        -       0x00000444   Zero   RW          760    .bss                can.o
    0x20004408        -       0x0000035c   Zero   RW          774    .bss                usart.o
    0x20004764        -       0x00000060   Zero   RW          775    .bss                usart.o
    0x200047c4        -       0x00000060   Zero   RW          776    .bss                usart.o
    0x20004824        -       0x00000044   Zero   RW          794    .bss                pid.o
    0x20004868        -       0x00000044   Zero   RW          795    .bss                pid.o
    0x200048ac        -       0x00000044   Zero   RW          796    .bss                pid.o
    0x200048f0        -       0x00000044   Zero   RW          797    .bss                pid.o
    0x20004934        -       0x00000044   Zero   RW          798    .bss                pid.o
    0x20004978        -       0x00000110   Zero   RW          800    .bss                pid.o
    0x20004a88        -       0x00000088   Zero   RW          802    .bss                pid.o
    0x20004b10        -       0x00000044   Zero   RW          803    .bss                pid.o
    0x20004b54        -       0x00000044   Zero   RW          804    .bss                pid.o
    0x20004b98        -       0x00000400   Zero   RW            1    STACK               startup_stm32f407xx.o


==============================================================================

Image component sizes


      Code (inc. data)   RO Data    RW Data    ZI Data      Debug   Object Name

      1518        138          0          8       1092          0   can.o
       832        108          0         44        108          0   chassis_task.o
       458         16          0          0          0          0   cmsis_os.o
        64          4          0          0         20          0   commom_task.o
       216          8        224         36          0          0   freertos.o
       736        110          0         16          0          0   get_chassis_info.o
       990        134          0          8          0          0   get_gimbal_info.o
       316         56          0          0          0          0   get_shoot_info.o
       500         90          0         44        104          0   gimbal_task.o
       460         24          0         24      15360          0   heap_4.o
       136          0          0          0          0          0   list.o
       336         16          0          0          0          0   main.o
       344         52          0         16          0          0   mode_switch_task.o
       642         18          0          0        884          0   pid.o
       758         84          0         12          0          0   port.o
      1510         20          0          0         64          0   queue.o
        64          6          0          0          0          0   ramp.o
       624         94          0          0         62          0   shoot_task.o
        36          8        392          0       1024          0   startup_stm32f407xx.o
       180         28          0         12          0          0   stm32f4xx_hal.o
      1660          6          0          0          0          0   stm32f4xx_hal_can.o
       218         14          0          0          0          0   stm32f4xx_hal_cortex.o
       912         16          8          0          0          0   stm32f4xx_hal_dma.o
       432         44          0          0          0          0   stm32f4xx_hal_gpio.o
       708        104          0          4          0          0   stm32f4xx_hal_msp.o
      1272         82          0          0          0          0   stm32f4xx_hal_rcc.o
      1130         22          0          0          0          0   stm32f4xx_hal_uart.o
        86         30          0          0          0          0   stm32f4xx_it.o
        84         18         24          4          0          0   system_stm32f4xx.o
      2890        236          0         60        240          0   tasks.o
       930         78          0         20         40          0   timers.o
       928        128          0         10       1052          0   usart.o

    ----------------------------------------------------------------------
     22014       1792        680        320      20052          0   Object Totals
         0          0         32          0          0          0   (incl. Generated)
        44          0          0          2          2          0   (incl. Padding)

    ----------------------------------------------------------------------

      Code (inc. data)   RO Data    RW Data    ZI Data      Debug   Library Member Name

       200         20          0          0          0          0   cos.o
       368         46         48          0          0          0   cos_i.o
        84         16          0          0          0          0   dunder.o
        24          0          0          0          0          0   fabs.o
        48          0          0          0          0          0   fpclassify.o
       248          0          0          0          0          0   poly.o
      1080        142        200          0          0          0   rred.o
       200         20          0          0          0          0   sin.o
       304         24         40          0          0          0   sin_i.o
        86          0          0          0          0          0   __dczerorl2.o
         0          0          0          0          0          0   entry.o
         0          0          0          0          0          0   entry10a.o
         0          0          0          0          0          0   entry11a.o
         8          4          0          0          0          0   entry2.o
         4          0          0          0          0          0   entry5.o
         0          0          0          0          0          0   entry7b.o
         0          0          0          0          0          0   entry8b.o
         8          4          0          0          0          0   entry9a.o
        12          6          0          4          0          0   errno.o
        30          0          0          0          0          0   handlers.o
        36          8          0          0          0          0   init.o
         0          0          0          0          0          0   iusefp.o
        30          0          0          0          0          0   llshl.o
        36          0          0          0          0          0   llsshr.o
        32          0          0          0          0          0   llushr.o
        36          0          0          0          0          0   memcpya.o
        36          0          0          0          0          0   memseta.o
        98          0          0          0          0          0   uldiv.o
        56          0          0          0          0          0   d2f.o
       334          0          0          0          0          0   dadd.o
       222          0          0          0          0          0   ddiv.o
       186          0          0          0          0          0   depilogue.o
        62          0          0          0          0          0   dfixi.o
        34          0          0          0          0          0   dflti.o
        26          0          0          0          0          0   dfltui.o
       228          0          0          0          0          0   dmul.o
        38          0          0          0          0          0   f2d.o
       110          0          0          0          0          0   fepilogue.o

    ----------------------------------------------------------------------
      4310        290        288          4          0          0   Library Totals
         6          0          0          0          0          0   (incl. Padding)

    ----------------------------------------------------------------------

      Code (inc. data)   RO Data    RW Data    ZI Data      Debug   Library Name

      2556        268        288          0          0          0   m_wm.l
       452         22          0          4          0          0   mc_w.l
      1296          0          0          0          0          0   mf_w.l

    ----------------------------------------------------------------------
      4310        290        288          4          0          0   Library Totals

    ----------------------------------------------------------------------

==============================================================================


      Code (inc. data)   RO Data    RW Data    ZI Data      Debug   

     26324       2082        968        324      20052          0   Grand Totals
     26324       2082        968         28      20052          0   ELF Image Totals (compressed)
     26324       2082        968         28          0          0   ROM Totals

==============================================================================

    Total RO  Size (Code + RO Data)                27292 (  26.65kB)
    Total RW  Size (RW Data + ZI Data)             20376 (  19.90kB)
    Total ROM Size (Code + RO Data + RW Data)      27320 (  26.68kB)

==============================================================================

