Component: ARM Compiler 5.06 update 6 (build 750) Tool: armlink [4d35ed]

==============================================================================

Section Cross References

    startup_stm32f407xx.o(RESET) refers to startup_stm32f407xx.o(STACK) for __initial_sp
    startup_stm32f407xx.o(RESET) refers to startup_stm32f407xx.o(.text) for Reset_Handler
    startup_stm32f407xx.o(RESET) refers to stm32f4xx_it.o(i.NMI_Handler) for NMI_Handler
    startup_stm32f407xx.o(RESET) refers to stm32f4xx_it.o(i.HardFault_Handler) for HardFault_Handler
    startup_stm32f407xx.o(RESET) refers to stm32f4xx_it.o(i.MemManage_Handler) for MemManage_Handler
    startup_stm32f407xx.o(RESET) refers to stm32f4xx_it.o(i.BusFault_Handler) for BusFault_Handler
    startup_stm32f407xx.o(RESET) refers to stm32f4xx_it.o(i.UsageFault_Handler) for UsageFault_Handler
    startup_stm32f407xx.o(RESET) refers to port.o(.emb_text) for SVC_Handler
    startup_stm32f407xx.o(RESET) refers to stm32f4xx_it.o(i.DebugMon_Handler) for DebugMon_Handler
    startup_stm32f407xx.o(RESET) refers to stm32f4xx_it.o(i.SysTick_Handler) for SysTick_Handler
    startup_stm32f407xx.o(RESET) refers to stm32f4xx_it.o(i.DMA1_Stream5_IRQHandler) for DMA1_Stream5_IRQHandler
    startup_stm32f407xx.o(RESET) refers to stm32f4xx_it.o(i.CAN1_TX_IRQHandler) for CAN1_TX_IRQHandler
    startup_stm32f407xx.o(RESET) refers to stm32f4xx_it.o(i.CAN1_RX0_IRQHandler) for CAN1_RX0_IRQHandler
    startup_stm32f407xx.o(RESET) refers to usart.o(i.USART2_IRQHandler) for USART2_IRQHandler
    startup_stm32f407xx.o(RESET) refers to usart.o(i.USART3_IRQHandler) for USART3_IRQHandler
    startup_stm32f407xx.o(RESET) refers to stm32f4xx_it.o(i.CAN2_TX_IRQHandler) for CAN2_TX_IRQHandler
    startup_stm32f407xx.o(RESET) refers to stm32f4xx_it.o(i.CAN2_RX0_IRQHandler) for CAN2_RX0_IRQHandler
    startup_stm32f407xx.o(RESET) refers to usart.o(i.USART6_IRQHandler) for USART6_IRQHandler
    startup_stm32f407xx.o(.text) refers to system_stm32f4xx.o(i.SystemInit) for SystemInit
    startup_stm32f407xx.o(.text) refers to entry.o(.ARM.Collect$$$$00000000) for __main
    stm32f4xx_hal_can.o(i.HAL_CAN_DeInit) refers to stm32f4xx_hal_can.o(i.HAL_CAN_Stop) for HAL_CAN_Stop
    stm32f4xx_hal_can.o(i.HAL_CAN_DeInit) refers to stm32f4xx_hal_msp.o(i.HAL_CAN_MspDeInit) for HAL_CAN_MspDeInit
    stm32f4xx_hal_can.o(i.HAL_CAN_IRQHandler) refers to stm32f4xx_hal_can.o(i.HAL_CAN_TxMailbox0CompleteCallback) for HAL_CAN_TxMailbox0CompleteCallback
    stm32f4xx_hal_can.o(i.HAL_CAN_IRQHandler) refers to stm32f4xx_hal_can.o(i.HAL_CAN_TxMailbox0AbortCallback) for HAL_CAN_TxMailbox0AbortCallback
    stm32f4xx_hal_can.o(i.HAL_CAN_IRQHandler) refers to stm32f4xx_hal_can.o(i.HAL_CAN_TxMailbox1CompleteCallback) for HAL_CAN_TxMailbox1CompleteCallback
    stm32f4xx_hal_can.o(i.HAL_CAN_IRQHandler) refers to stm32f4xx_hal_can.o(i.HAL_CAN_TxMailbox1AbortCallback) for HAL_CAN_TxMailbox1AbortCallback
    stm32f4xx_hal_can.o(i.HAL_CAN_IRQHandler) refers to stm32f4xx_hal_can.o(i.HAL_CAN_TxMailbox2CompleteCallback) for HAL_CAN_TxMailbox2CompleteCallback
    stm32f4xx_hal_can.o(i.HAL_CAN_IRQHandler) refers to stm32f4xx_hal_can.o(i.HAL_CAN_TxMailbox2AbortCallback) for HAL_CAN_TxMailbox2AbortCallback
    stm32f4xx_hal_can.o(i.HAL_CAN_IRQHandler) refers to stm32f4xx_hal_can.o(i.HAL_CAN_RxFifo0FullCallback) for HAL_CAN_RxFifo0FullCallback
    stm32f4xx_hal_can.o(i.HAL_CAN_IRQHandler) refers to can.o(i.HAL_CAN_RxFifo0MsgPendingCallback) for HAL_CAN_RxFifo0MsgPendingCallback
    stm32f4xx_hal_can.o(i.HAL_CAN_IRQHandler) refers to stm32f4xx_hal_can.o(i.HAL_CAN_RxFifo1FullCallback) for HAL_CAN_RxFifo1FullCallback
    stm32f4xx_hal_can.o(i.HAL_CAN_IRQHandler) refers to stm32f4xx_hal_can.o(i.HAL_CAN_RxFifo1MsgPendingCallback) for HAL_CAN_RxFifo1MsgPendingCallback
    stm32f4xx_hal_can.o(i.HAL_CAN_IRQHandler) refers to stm32f4xx_hal_can.o(i.HAL_CAN_SleepCallback) for HAL_CAN_SleepCallback
    stm32f4xx_hal_can.o(i.HAL_CAN_IRQHandler) refers to stm32f4xx_hal_can.o(i.HAL_CAN_WakeUpFromRxMsgCallback) for HAL_CAN_WakeUpFromRxMsgCallback
    stm32f4xx_hal_can.o(i.HAL_CAN_IRQHandler) refers to stm32f4xx_hal_can.o(i.HAL_CAN_ErrorCallback) for HAL_CAN_ErrorCallback
    stm32f4xx_hal_can.o(i.HAL_CAN_Init) refers to stm32f4xx_hal_msp.o(i.HAL_CAN_MspInit) for HAL_CAN_MspInit
    stm32f4xx_hal_can.o(i.HAL_CAN_Init) refers to stm32f4xx_hal.o(i.HAL_GetTick) for HAL_GetTick
    stm32f4xx_hal_can.o(i.HAL_CAN_Start) refers to stm32f4xx_hal.o(i.HAL_GetTick) for HAL_GetTick
    stm32f4xx_hal_can.o(i.HAL_CAN_Stop) refers to stm32f4xx_hal.o(i.HAL_GetTick) for HAL_GetTick
    stm32f4xx_hal_tim.o(i.HAL_TIM_Base_DeInit) refers to stm32f4xx_hal_tim.o(i.HAL_TIM_Base_MspDeInit) for HAL_TIM_Base_MspDeInit
    stm32f4xx_hal_tim.o(i.HAL_TIM_Base_Init) refers to stm32f4xx_hal_tim.o(i.HAL_TIM_Base_MspInit) for HAL_TIM_Base_MspInit
    stm32f4xx_hal_tim.o(i.HAL_TIM_Base_Init) refers to stm32f4xx_hal_tim.o(i.TIM_Base_SetConfig) for TIM_Base_SetConfig
[...]
    .bss                                     0x20004c80   Section       68  pid.o(.bss)
    .bss                                     0x20004cc4   Section       68  pid.o(.bss)
    .bss                                     0x20004d08   Section       21  ni_ming.o(.bss)
    .bss                                     0x20004d20   Section       56  kalman.o(.bss)
    .bss                                     0x20004d58   Section      112  kalman.o(.bss)
    .bss                                     0x20004dc8   Section      210  judg_info.o(.bss)
    .bss                                     0x20004e9c   Section     1712  trcstreamingrecorder.o(.bss)
    symbolTable                              0x20004e9c   Data        1280  trcstreamingrecorder.o(.bss)
    objectDataTable                          0x2000539c   Data         320  trcstreamingrecorder.o(.bss)
    ISR_stack                                0x200054dc   Data          32  trcstreamingrecorder.o(.bss)
    .bss                                     0x2000554c   Section     1208  segger_rtt.o(.bss)
    _acUpBuffer                              0x200055f4   Data        1024  segger_rtt.o(.bss)
    _acDownBuffer                            0x200059f4   Data          16  segger_rtt.o(.bss)
    STACK                                    0x20005a08   Section     1024  startup_stm32f407xx.o(STACK)

    Global Symbols

    Symbol Name                              Value     Ov Type        Size  Object(Section)

    BuildAttributes$$THM_ISAv4$E$P$D$K$B$S$7EM$VFPi3$EXTD16$VFPS$VFMA$PE$A:L22UL41UL21$X:L11$S22US41US21$IEEE1$IW$USESV6$~STKCKD$USESV7$~SHL$OTIME$ROPI$EBA8$MICROLIB$REQ8$PRES8$EABIv2 0x00000000   Number         0  anon$$obj.o ABSOLUTE
    __ARM_use_no_argv                        0x00000000   Number         0  main.o ABSOLUTE
    __use_no_errno                           0x00000000   Number         0  useno.o ABSOLUTE
    __use_no_exception_handling              0x00000000   Number         0  useno.o ABSOLUTE
    __use_no_fp                              0x00000000   Number         0  useno.o ABSOLUTE
    __use_no_heap                            0x00000000   Number         0  useno.o ABSOLUTE
    __use_no_heap_region                     0x00000000   Number         0  useno.o ABSOLUTE
    __use_no_semihosting                     0x00000000   Number         0  useno.o ABSOLUTE
    __use_no_semihosting_swi                 0x00000000   Number         0  useno.o ABSOLUTE
    __use_no_signal_handling                 0x00000000   Number         0  useno.o ABSOLUTE
    __cpp_initialize__aeabi_                  - Undefined Weak Reference
    __cxa_finalize                            - Undefined Weak Reference
    _clock_init                               - Undefined Weak Reference
    _microlib_exit                            - Undefined Weak Reference
    __Vectors_Size                           0x00000188   Number         0  startup_stm32f407xx.o ABSOLUTE
    __Vectors                                0x08000000   Data           4  startup_stm32f407xx.o(RESET)
    __Vectors_End                            0x08000188   Data           0  startup_stm32f407xx.o(RESET)
    __main                                   0x08000189   Thumb Code     0  entry.o(.ARM.Collect$$$$00000000)
    _main_stk                                0x08000189   Thumb Code     0  entry2.o(.ARM.Collect$$$$00000001)
    _main_scatterload                        0x0800018d   Thumb Code     0  entry5.o(.ARM.Collect$$$$00000004)
    __main_after_scatterload                 0x08000191   Thumb Code     0  entry5.o(.ARM.Collect$$$$00000004)
    _main_clock                              0x08000191   Thumb Code     0  entry7b.o(.ARM.Collect$$$$00000008)
    _main_cpp_init                           0x08000191   Thumb Code     0  entry8b.o(.ARM.Collect$$$$0000000A)
    _main_init                               0x08000191   Thumb Code     0  entry9a.o(.ARM.Collect$$$$0000000B)
    __rt_final_cpp                           0x08000199   Thumb Code     0  entry10a.o(.ARM.Collect$$$$0000000D)
    __rt_final_exit                          0x08000199   Thumb Code     0  entry11a.o(.ARM.Collect$$$$0000000F)
    SVC_Handler                              0x0800019d   Thumb Code    28  port.o(.emb_text)
    __asm___6_port_c_39a90d8d__prvStartFirstTask 0x080001bd   Thumb Code    28  port.o(.emb_text)
    __asm___6_port_c_39a90d8d__prvEnableVFP  0x080001dd   Thumb Code    16  port.o(.emb_text)
    PendSV_Handler                           0x080001f1   Thumb Code    92  port.o(.emb_text)
    vPortGetIPSR                             0x08000251   Thumb Code     6  port.o(.emb_text)
    Reset_Handler                            0x08000259   Thumb Code     8  startup_stm32f407xx.o(.text)
    ADC_IRQHandler                           0x08000273   Thumb Code     0  startup_stm32f407xx.o(.text)
    CAN1_RX1_IRQHandler                      0x08000273   Thumb Code     0  startup_stm32f407xx.o(.text)
    CAN1_SCE_IRQHandler                      0x08000273   Thumb Code     0  startup_stm32f407xx.o(.text)
    CAN2_RX1_IRQHandler                      0x08000273   Thumb Code     0  startup_stm32f407xx.o(.text)
    CAN2_SCE_IRQHandler                      0x08000273   Thumb Code     0  startup_stm32f407xx.o(.text)
    DCMI_IRQHandler                          0x08000273   Thumb Code     0  startup_stm32f407xx.o(.text)
    DMA1_Stream0_IRQHandler                  0x08000273   Thumb Code     0  startup_stm32f407xx.o(.text)
    DMA1_Stream1_IRQHandler                  0x08000273   Thumb Code     0  startup_stm32f407xx.o(.text)
    DMA1_Stream2_IRQHandler                  0x08000273   Thumb Code     0  startup_stm32f407xx.o(.text)
    DMA1_Stream3_IRQHandler                  0x08000273   Thumb Code     0  startup_stm32f407xx.o(.text)
    DMA1_Stream4_IRQHandler                  0x08000273   Thumb Code     0  startup_stm32f407xx.o(.text)
    DMA1_Stream6_IRQHandler                  0x08000273   Thumb Code     0  startup_stm32f407xx.o(.text)
    DMA1_Stream7_IRQHandler                  0x08000273   Thumb Code     0  startup_stm32f407xx.o(.text)
    DMA2_Stream0_IRQHandler                  0x08000273   Thumb Code     0  startup_stm32f407xx.o(.text)
    DMA2_Stream1_IRQHandler                  0x08000273   Thumb Code     0  startup_stm32f407xx.o(.text)
    DMA2_Stream2_IRQHandler                  0x08000273   Thumb Code     0  startup_stm32f407xx.o(.text)
    DMA2_Stream3_IRQHandler                  0x08000273   Thumb Code     0  startup_stm32f407xx.o(.text)
    DMA2_Stream4_IRQHandler                  0x08000273   Thumb Code     0  startup_stm32f407xx.o(.text)
    DMA2_Stream5_IRQHandler                  0x08000273   Thumb Code     0  startup_stm32f407xx.o(.text)
    DMA2_Stream6_IRQHandler                  0x08000273   Thumb Code     0  startup_stm32f407xx.o(.text)
    DMA2_Stream7_IRQHandler                  0x08000273   Thumb Code     0  startup_stm32f407xx.o(.text)
    ETH_IRQHandler                           0x08000273   Thumb Code     0  startup_stm32f407xx.o(.text)
    ETH_WKUP_IRQHandler                      0x08000273   Thumb Code     0  startup_stm32f407xx.o(.text)
    EXTI0_IRQHandler                         0x08000273   Thumb Code     0  startup_stm32f407xx.o(.text)
    EXTI15_10_IRQHandler                     0x08000273   Thumb Code     0  startup_stm32f407xx.o(.text)
    EXTI1_IRQHandler                         0x08000273   Thumb Code     0  startup_stm32f407xx.o(.text)
    EXTI2_IRQHandler                         0x08000273   Thumb Code     0  startup_stm32f407xx.o(.text)
    EXTI3_IRQHandler                         0x08000273   Thumb Code     0  startup_stm32f407xx.o(.text)
    EXTI4_IRQHandler                         0x08000273   Thumb Code     0  startup_stm32f407xx.o(.text)
    EXTI9_5_IRQHandler                       0x08000273   Thumb Code     0  startup_stm32f407xx.o(.text)
    FLASH_IRQHandler                         0x08000273   Thumb Code     0  startup_stm32f407xx.o(.text)
    FMC_IRQHandler                           0x08000273   Thumb Code     0  startup_stm32f407xx.o(.text)
    FPU_IRQHandler                           0x08000273   Thumb Code     0  startup_stm32f407xx.o(.text)
    HASH_RNG_IRQHandler                      0x08000273   Thumb Code     0  startup_stm32f407xx.o(.text)
    I2C1_ER_IRQHandler                       0x08000273   Thumb Code     0  startup_stm32f407xx.o(.text)
    I2C1_EV_IRQHandler                       0x08000273   Thumb Code     0  startup_stm32f407xx.o(.text)
    I2C2_ER_IRQHandler                       0x08000273   Thumb Code     0  startup_stm32f407xx.o(.text)
    I2C2_EV_IRQHandler                       0x08000273   Thumb Code     0  startup_stm32f407xx.o(.text)
    I2C3_ER_IRQHandler                       0x08000273   Thumb Code     0  startup_stm32f407xx.o(.text)
    I2C3_EV_IRQHandler                       0x08000273   Thumb Code     0  startup_stm32f407xx.o(.text)
    OTG_FS_IRQHandler                        0x08000273   Thumb Code     0  startup_stm32f407xx.o(.text)
    OTG_FS_WKUP_IRQHandler                   0x08000273   Thumb Code     0  startup_stm32f407xx.o(.text)
    OTG_HS_EP1_IN_IRQHandler                 0x08000273   Thumb Code     0  startup_stm32f407xx.o(.text)
    OTG_HS_EP1_OUT_IRQHandler                0x08000273   Thumb Code     0  startup_stm32f407xx.o(.text)
    OTG_HS_IRQHandler                        0x08000273   Thumb Code     0  startup_stm32f407xx.o(.text)
    OTG_HS_WKUP_IRQHandler                   0x08000273   Thumb Code     0  startup_stm32f407xx.o(.text)
    PVD_IRQHandler                           0x08000273   Thumb Code     0  startup_stm32f407xx.o(.text)
    RCC_IRQHandler                           0x08000273   Thumb Code     0  startup_stm32f407xx.o(.text)
    RTC_Alarm_IRQHandler                     0x08000273   Thumb Code     0  startup_stm32f407xx.o(.text)
    RTC_WKUP_IRQHandler                      0x08000273   Thumb Code     0  startup_stm32f407xx.o(.text)
    SDIO_IRQHandler                          0x08000273   Thumb Code     0  startup_stm32f407xx.o(.text)
    SPI1_IRQHandler                          0x08000273   Thumb Code     0  startup_stm32f407xx.o(.text)
    SPI2_IRQHandler                          0x08000273   Thumb Code     0  startup_stm32f407xx.o(.text)
    SPI3_IRQHandler                          0x08000273   Thumb Code     0  startup_stm32f407xx.o(.text)
    TAMP_STAMP_IRQHandler                    0x08000273   Thumb Code     0  startup_stm32f407xx.o(.text)
    TIM1_BRK_TIM9_IRQHandler                 0x08000273   Thumb Code     0  startup_stm32f407xx.o(.text)
    TIM1_CC_IRQHandler                       0x08000273   Thumb Code     0  startup_stm32f407xx.o(.text)
    TIM1_TRG_COM_TIM11_IRQHandler            0x08000273   Thumb Code     0  startup_stm32f407xx.o(.text)
    TIM1_UP_TIM10_IRQHandler                 0x08000273   Thumb Code     0  startup_stm32f407xx.o(.text)
    TIM2_IRQHandler                          0x08000273   Thumb Code     0  startup_stm32f407xx.o(.text)
    TIM3_IRQHandler                          0x08000273   Thumb Code     0  startup_stm32f407xx.o(.text)
    TIM4_IRQHandler                          0x08000273   Thumb Code     0  startup_stm32f407xx.o(.text)
    TIM5_IRQHandler                          0x08000273   Thumb Code     0  startup_stm32f407xx.o(.text)
    TIM6_DAC_IRQHandler                      0x08000273   Thumb Code     0  startup_stm32f407xx.o(.text)
    TIM7_IRQHandler                          0x08000273   Thumb Code     0  startup_stm32f407xx.o(.text)
    TIM8_BRK_TIM12_IRQHandler                0x08000273   Thumb Code     0  startup_stm32f407xx.o(.text)
    TIM8_CC_IRQHandler                       0x08000273   Thumb Code     0  startup_stm32f407xx.o(.text)
    TIM8_TRG_COM_TIM14_IRQHandler            0x08000273   Thumb Code     0  startup_stm32f407xx.o(.text)
    TIM8_UP_TIM13_IRQHandler                 0x08000273   Thumb Code     0  startup_stm32f407xx.o(.text)
    UART4_IRQHandler                         0x08000273   Thumb Code     0  startup_stm32f407xx.o(.text)
    UART5_IRQHandler                         0x08000273   Thumb Code     0  startup_stm32f407xx.o(.text)
    USART1_IRQHandler                        0x08000273   Thumb Code     0  startup_stm32f407xx.o(.text)
    WWDG_IRQHandler                          0x08000273   Thumb Code     0  startup_stm32f407xx.o(.text)
    __aeabi_uldivmod                         0x0800027d   Thumb Code    98  uldiv.o(.text)
    __aeabi_memcpy                           0x080002df   Thumb Code    36  memcpya.o(.text)
    __aeabi_memcpy4                          0x080002df   Thumb Code     0  memcpya.o(.text)
    __aeabi_memcpy8                          0x080002df   Thumb Code     0  memcpya.o(.text)
    __aeabi_memset                           0x08000303   Thumb Code    14  memseta.o(.text)
    __aeabi_memset4                          0x08000303   Thumb Code     0  memseta.o(.text)
    __aeabi_memset8                          0x08000303   Thumb Code     0  memseta.o(.text)
    __aeabi_memclr                           0x08000311   Thumb Code     4  memseta.o(.text)
    __aeabi_memclr4                          0x08000311   Thumb Code     0  memseta.o(.text)
    __aeabi_memclr8                          0x08000311   Thumb Code     0  memseta.o(.text)
    _memset$wrapper                          0x08000315   Thumb Code    18  memseta.o(.text)
    strcpy                                   0x08000327   Thumb Code    18  strcpy.o(.text)
    __aeabi_dmul                             0x08000339   Thumb Code   228  dmul.o(.text)
    __aeabi_ddiv                             0x0800041d   Thumb Code   222  ddiv.o(.text)
    __aeabi_i2d                              0x080004fb   Thumb Code    34  dflti.o(.text)
    __aeabi_f2d                              0x0800051d   Thumb Code    38  f2d.o(.text)
    __aeabi_d2f                              0x08000543   Thumb Code    56  d2f.o(.text)
    __aeabi_llsl                             0x0800057b   Thumb Code    30  llshl.o(.text)
    _ll_shift_l                              0x0800057b   Thumb Code     0  llshl.o(.text)
    __aeabi_llsr                             0x08000599   Thumb Code    32  llushr.o(.text)
    _ll_ushift_r                             0x08000599   Thumb Code     0  llushr.o(.text)
    __I$use$fp                               0x080005b9   Thumb Code     0  iusefp.o(.text)
    _float_round                             0x080005b9   Thumb Code    18  fepilogue.o(.text)
    _float_epilogue                          0x080005cb   Thumb Code    92  fepilogue.o(.text)
    _double_round                            0x08000627   Thumb Code    30  depilogue.o(.text)
    _double_epilogue                         0x08000645   Thumb Code   156  depilogue.o(.text)
    __scatterload                            0x080006e1   Thumb Code    28  init.o(.text)
    __scatterload_rt2                        0x080006e1   Thumb Code     0  init.o(.text)
    __decompress                             0x08000705   Thumb Code     0  __dczerorl2.o(.text)
    __decompress1                            0x08000705   Thumb Code    86  __dczerorl2.o(.text)
    BusFault_Handler                         0x0800075b   Thumb Code     2  stm32f4xx_it.o(i.BusFault_Handler)
    CAN1_RX0_IRQHandler                      0x0800075d   Thumb Code     6  stm32f4xx_it.o(i.CAN1_RX0_IRQHandler)
    CAN1_TX_IRQHandler                       0x08000769   Thumb Code     6  stm32f4xx_it.o(i.CAN1_TX_IRQHandler)
    CAN2_RX0_IRQHandler                      0x08000775   Thumb Code     6  stm32f4xx_it.o(i.CAN2_RX0_IRQHandler)
    CAN2_TX_IRQHandler                       0x08000781   Thumb Code     6  stm32f4xx_it.o(i.CAN2_TX_IRQHandler)
    Can_Send_Task                            0x0800078d   Thumb Code    52  commom_task.o(i.Can_Send_Task)
    Chassis_Param_Init                       0x080007c5   Thumb Code   164  chassis_task.o(i.Chassis_Param_Init)
    Chassis_Task                             0x0800088d   Thumb Code   518  chassis_task.o(i.Chassis_Task)
    DMA1_Stream5_IRQHandler                  0x08000ac9   Thumb Code     6  stm32f4xx_it.o(i.DMA1_Stream5_IRQHandler)
    DebugMon_Handler                         0x08000b79   Thumb Code     2  stm32f4xx_it.o(i.DebugMon_Handler)
    FreeRtos_Init                            0x08000b7d   Thumb Code   200  freertos.o(i.FreeRtos_Init)
    Get_CRC16_Check_Sum_1                    0x08000c4d   Thumb Code    38  judg_info.o(i.Get_CRC16_Check_Sum_1)
    Get_Chassis_Info                         0x08000c79   Thumb Code   176  get_chassis_info.o(i.Get_Chassis_Info)
    Get_Gimbal_Info                          0x08000d55   Thumb Code    36  get_gimbal_info.o(i.Get_Gimbal_Info)
    Get_Remote_info                          0x08000d79   Thumb Code   170  usart.o(i.Get_Remote_info)
    Get_Shoot_Info                           0x08000e29   Thumb Code    92  get_shoot_info.o(i.Get_Shoot_Info)
    GimbalAngleLimit                         0x08000e9d   Thumb Code   132  get_gimbal_info.o(i.GimbalAngleLimit)
    Gimbal_Param_Init                        0x08000f3d   Thumb Code   272  gimbal_task.o(i.Gimbal_Param_Init)
    Gimbal_Task                              0x08001075   Thumb Code   196  gimbal_task.o(i.Gimbal_Task)
    HAL_CAN_ActivateNotification             0x08001161   Thumb Code    40  stm32f4xx_hal_can.o(i.HAL_CAN_ActivateNotification)
    HAL_CAN_AddTxMessage                     0x08001189   Thumb Code   200  stm32f4xx_hal_can.o(i.HAL_CAN_AddTxMessage)
    HAL_CAN_ConfigFilter                     0x08001251   Thumb Code   262  stm32f4xx_hal_can.o(i.HAL_CAN_ConfigFilter)
    HAL_CAN_ErrorCallback                    0x0800135d   Thumb Code     2  stm32f4xx_hal_can.o(i.HAL_CAN_ErrorCallback)
    HAL_CAN_GetRxMessage                     0x0800135f   Thumb Code   250  stm32f4xx_hal_can.o(i.HAL_CAN_GetRxMessage)
    HAL_CAN_IRQHandler                       0x08001459   Thumb Code   508  stm32f4xx_hal_can.o(i.HAL_CAN_IRQHandler)
    HAL_CAN_Init                             0x08001655   Thumb Code   282  stm32f4xx_hal_can.o(i.HAL_CAN_Init)
    HAL_CAN_MspInit                          0x08001771   Thumb Code   168  stm32f4xx_hal_msp.o(i.HAL_CAN_MspInit)
    HAL_CAN_RxFifo0FullCallback              0x08001831   Thumb Code     2  stm32f4xx_hal_can.o(i.HAL_CAN_RxFifo0FullCallback)
    HAL_CAN_RxFifo0MsgPendingCallback        0x08001835   Thumb Code   138  can.o(i.HAL_CAN_RxFifo0MsgPendingCallback)
    HAL_CAN_RxFifo1FullCallback              0x080018d1   Thumb Code     2  stm32f4xx_hal_can.o(i.HAL_CAN_RxFifo1FullCallback)
    HAL_CAN_RxFifo1MsgPendingCallback        0x080018d3   Thumb Code     2  stm32f4xx_hal_can.o(i.HAL_CAN_RxFifo1MsgPendingCallback)
    HAL_CAN_SleepCallback                    0x080018d5   Thumb Code     2  stm32f4xx_hal_can.o(i.HAL_CAN_SleepCallback)
    HAL_CAN_Start                            0x080018d9   Thumb Code    88  stm32f4xx_hal_can.o(i.HAL_CAN_Start)
    HAL_CAN_TxMailbox0AbortCallback          0x08001931   Thumb Code     2  stm32f4xx_hal_can.o(i.HAL_CAN_TxMailbox0AbortCallback)
    HAL_CAN_TxMailbox0CompleteCallback       0x08001933   Thumb Code     2  stm32f4xx_hal_can.o(i.HAL_CAN_TxMailbox0CompleteCallback)
    HAL_CAN_TxMailbox1AbortCallback          0x08001935   Thumb Code     2  stm32f4xx_hal_can.o(i.HAL_CAN_TxMailbox1AbortCallback)
    HAL_CAN_TxMailbox1CompleteCallback       0x08001937   Thumb Code     2  stm32f4xx_hal_can.o(i.HAL_CAN_TxMailbox1CompleteCallback)
    HAL_CAN_TxMailbox2AbortCallback          0x08001939   Thumb Code     2  stm32f4xx_hal_can.o(i.HAL_CAN_TxMailbox2AbortCallback)
    HAL_CAN_TxMailbox2CompleteCallback       0x0800193b   Thumb Code     2  stm32f4xx_hal_can.o(i.HAL_CAN_TxMailbox2CompleteCallback)
    HAL_CAN_WakeUpFromRxMsgCallback          0x0800193d   Thumb Code     2  stm32f4xx_hal_can.o(i.HAL_CAN_WakeUpFromRxMsgCallback)
    HAL_DMA_IRQHandler                       0x08001941   Thumb Code   412  stm32f4xx_hal_dma.o(i.HAL_DMA_IRQHandler)
    HAL_DMA_Init                             0x08001ae1   Thumb Code   206  stm32f4xx_hal_dma.o(i.HAL_DMA_Init)
    HAL_DMA_Start_IT                         0x08001bb5   Thumb Code   120  stm32f4xx_hal_dma.o(i.HAL_DMA_Start_IT)
    HAL_Delay                                0x08001c2d   Thumb Code    32  stm32f4xx_hal.o(i.HAL_Delay)
    HAL_GPIO_Init                            0x08001c51   Thumb Code   388  stm32f4xx_hal_gpio.o(i.HAL_GPIO_Init)
    HAL_GPIO_WritePin                        0x08001e01   Thumb Code    10  stm32f4xx_hal_gpio.o(i.HAL_GPIO_WritePin)
    HAL_GetTick                              0x08001e0d   Thumb Code     6  stm32f4xx_hal.o(i.HAL_GetTick)
    HAL_IncTick                              0x08001e19   Thumb Code    12  stm32f4xx_hal.o(i.HAL_IncTick)
    HAL_Init                                 0x08001e29   Thumb Code    48  stm32f4xx_hal.o(i.HAL_Init)
    HAL_InitTick                             0x08001e5d   Thumb Code    54  stm32f4xx_hal.o(i.HAL_InitTick)
    HAL_MspInit                              0x08001e9d   Thumb Code   126  stm32f4xx_hal_msp.o(i.HAL_MspInit)
    HAL_NVIC_EnableIRQ                       0x08001f21   Thumb Code    22  stm32f4xx_hal_cortex.o(i.HAL_NVIC_EnableIRQ)
    HAL_NVIC_SetPriority                     0x08001f39   Thumb Code    60  stm32f4xx_hal_cortex.o(i.HAL_NVIC_SetPriority)
    HAL_NVIC_SetPriorityGrouping             0x08001f79   Thumb Code    26  stm32f4xx_hal_cortex.o(i.HAL_NVIC_SetPriorityGrouping)
    HAL_RCC_ClockConfig                      0x08001f9d   Thumb Code   286  stm32f4xx_hal_rcc.o(i.HAL_RCC_ClockConfig)
    HAL_RCC_GetHCLKFreq                      0x080020cd   Thumb Code     6  stm32f4xx_hal_rcc.o(i.HAL_RCC_GetHCLKFreq)
    HAL_RCC_GetPCLK1Freq                     0x080020d9   Thumb Code    20  stm32f4xx_hal_rcc.o(i.HAL_RCC_GetPCLK1Freq)
    HAL_RCC_GetPCLK2Freq                     0x080020f9   Thumb Code    20  stm32f4xx_hal_rcc.o(i.HAL_RCC_GetPCLK2Freq)
    HAL_RCC_GetSysClockFreq                  0x08002119   Thumb Code    88  stm32f4xx_hal_rcc.o(i.HAL_RCC_GetSysClockFreq)
    HAL_RCC_OscConfig                        0x08002179   Thumb Code   770  stm32f4xx_hal_rcc.o(i.HAL_RCC_OscConfig)
    HAL_SYSTICK_CLKSourceConfig              0x08002495   Thumb Code    24  stm32f4xx_hal_cortex.o(i.HAL_SYSTICK_CLKSourceConfig)
    HAL_SYSTICK_Config                       0x080024ad   Thumb Code    40  stm32f4xx_hal_cortex.o(i.HAL_SYSTICK_Config)
    HAL_UART_ErrorCallback                   0x080024d5   Thumb Code     2  stm32f4xx_hal_uart.o(i.HAL_UART_ErrorCallback)
    HAL_UART_Init                            0x080024d7   Thumb Code    98  stm32f4xx_hal_uart.o(i.HAL_UART_Init)
    HAL_UART_MspInit                         0x08002539   Thumb Code   408  stm32f4xx_hal_msp.o(i.HAL_UART_MspInit)
    HAL_UART_Receive_DMA                     0x08002721   Thumb Code   138  stm32f4xx_hal_uart.o(i.HAL_UART_Receive_DMA)
    HAL_UART_RxCpltCallback                  0x080027b9   Thumb Code     2  stm32f4xx_hal_uart.o(i.HAL_UART_RxCpltCallback)
    HAL_UART_RxHalfCpltCallback              0x080027bb   Thumb Code     2  stm32f4xx_hal_uart.o(i.HAL_UART_RxHalfCpltCallback)
    HardFault_Handler                        0x080027bd   Thumb Code     2  stm32f4xx_it.o(i.HardFault_Handler)
    Judge_Receive                            0x080027c1   Thumb Code   338  judg_info.o(i.Judge_Receive)
    Kalman_filter_calc                       0x0800291d   Thumb Code    62  kalman.o(i.Kalman_filter_calc)
    Kalman_filter_init                       0x0800295b   Thumb Code    26  kalman.o(i.Kalman_filter_init)
    MX_CAN1_Init                             0x08002975   Thumb Code   110  can.o(i.MX_CAN1_Init)
    MX_CAN2_Init                             0x080029fd   Thumb Code   106  can.o(i.MX_CAN2_Init)
    MX_DMA_Init                              0x08002a81   Thumb Code    56  usart.o(i.MX_DMA_Init)
    MX_USART1_UART_Init                      0x08002b55   Thumb Code    52  usart.o(i.MX_USART1_UART_Init)
    MX_USART2_UART_Init                      0x08002ba1   Thumb Code    74  usart.o(i.MX_USART2_UART_Init)
    MX_USART3_UART_Init                      0x08002c09   Thumb Code    62  usart.o(i.MX_USART3_UART_Init)
    MX_USART6_UART_Init                      0x08002c55   Thumb Code    70  usart.o(i.MX_USART6_UART_Init)
    MYDMA_Config                             0x08002cb9   Thumb Code   202  reg_dma.o(i.MYDMA_Config)
    MYDMA_Enable                             0x08002d91   Thumb Code    26  reg_dma.o(i.MYDMA_Enable)
    MemManage_Handler                        0x08002dab   Thumb Code     2  stm32f4xx_it.o(i.MemManage_Handler)
    Mode_Switch_Task                         0x08002dad   Thumb Code   128  mode_switch_task.o(i.Mode_Switch_Task)
    NMI_Handler                              0x08002e51   Thumb Code     2  stm32f4xx_it.o(i.NMI_Handler)
    Ni_Ming                                  0x08002e75   Thumb Code   174  ni_ming.o(i.Ni_Ming)
    PID_struct_init                          0x08002f39   Thumb Code    60  pid.o(i.PID_struct_init)
    SEGGER_RTT_Write                         0x08002f7d   Thumb Code    50  segger_rtt.o(i.SEGGER_RTT_Write)
    SEGGER_RTT_WriteNoLock                   0x08002fb5   Thumb Code    86  segger_rtt.o(i.SEGGER_RTT_WriteNoLock)
    Shoot_Param_Init                         0x08003011   Thumb Code   108  shoot_task.o(i.Shoot_Param_Init)
    Shoot_Task                               0x08003095   Thumb Code    90  shoot_task.o(i.Shoot_Task)
    StartDefaultTask                         0x08003109   Thumb Code     8  freertos.o(i.StartDefaultTask)
    SysTick_Handler                          0x08003111   Thumb Code    14  stm32f4xx_it.o(i.SysTick_Handler)
    SystemClock_Config                       0x08003121   Thumb Code   150  main.o(i.SystemClock_Config)
    SystemInit                               0x080031c1   Thumb Code    66  system_stm32f4xx.o(i.SystemInit)
    USART2_IRQHandler                        0x08003581   Thumb Code   120  usart.o(i.USART2_IRQHandler)
    USART3_IRQHandler                        0x08003605   Thumb Code    90  usart.o(i.USART3_IRQHandler)
    USART6_IRQHandler                        0x08003671   Thumb Code   222  usart.o(i.USART6_IRQHandler)
    UsageFault_Handler                       0x08003765   Thumb Code     2  stm32f4xx_it.o(i.UsageFault_Handler)
    Verify_CRC16_Check_Sum_1                 0x08003769   Thumb Code    54  judg_info.o(i.Verify_CRC16_Check_Sum_1)
    _Error_Handler                           0x0800380d   Thumb Code     2  main.o(i._Error_Handler)
    __scatterload_copy                       0x080038c1   Thumb Code    14  handlers.o(i.__scatterload_copy)
    __scatterload_null                       0x080038cf   Thumb Code     2  handlers.o(i.__scatterload_null)
    __scatterload_zeroinit                   0x080038d1   Thumb Code    14  handlers.o(i.__scatterload_zeroinit)
    abs_limit                                0x080038df   Thumb Code    42  pid.o(i.abs_limit)
    arm_cos_f32                              0x08003909   Thumb Code   108  arm_cos_f32.o(i.arm_cos_f32)
    arm_sin_f32                              0x08003981   Thumb Code   118  arm_sin_f32.o(i.arm_sin_f32)
    chassis_pid_calc                         0x08003a05   Thumb Code   252  pid.o(i.chassis_pid_calc)
    encoder_data_handler4                    0x08003b05   Thumb Code    92  can.o(i.encoder_data_handler4)
    first_order_filter_cali                  0x08003b65   Thumb Code    78  first_order_filter.o(i.first_order_filter_cali)
    first_order_filter_init                  0x08003bb3   Thumb Code    20  first_order_filter.o(i.first_order_filter_init)
    get_gimbal_info                          0x08003bc9   Thumb Code   210  get_gimbal_info.o(i.get_gimbal_info)
    get_main_ctrl_mode                       0x08003cbd   Thumb Code    96  mode_switch_task.o(i.get_main_ctrl_mode)
    init_mode_handler                        0x08003d35   Thumb Code    46  gimbal_task.o(i.init_mode_handler)
    keyboard_chassis_hook                    0x08003d71   Thumb Code   328  get_chassis_info.o(i.keyboard_chassis_hook)
    keyboard_gimbal_hook                     0x08003ee9   Thumb Code   422  get_gimbal_info.o(i.keyboard_gimbal_hook)
    keyboard_shoot_hook                      0x080040c5   Thumb Code    76  get_shoot_info.o(i.keyboard_shoot_hook)
    main                                     0x08004121   Thumb Code    88  main.o(i.main)
    normal_mode_handler                      0x08004191   Thumb Code    20  gimbal_task.o(i.normal_mode_handler)
    osDelay                                  0x080041a9   Thumb Code    14  cmsis_os.o(i.osDelay)
    osDelayUntil                             0x080041b7   Thumb Code    14  cmsis_os.o(i.osDelayUntil)
    osKernelStart                            0x080041c5   Thumb Code    10  cmsis_os.o(i.osKernelStart)
    osKernelSysTick                          0x080041cf   Thumb Code    24  cmsis_os.o(i.osKernelSysTick)
    osSignalSet                              0x080041e9   Thumb Code    86  cmsis_os.o(i.osSignalSet)
    osSignalWait                             0x08004245   Thumb Code    86  cmsis_os.o(i.osSignalWait)
    osSystickHandler                         0x0800429b   Thumb Code    20  cmsis_os.o(i.osSystickHandler)
    osThreadCreate                           0x080042af   Thumb Code    46  cmsis_os.o(i.osThreadCreate)
    osTimerCreate                            0x080042dd   Thumb Code    30  cmsis_os.o(i.osTimerCreate)
    osTimerStart                             0x08004301   Thumb Code    88  cmsis_os.o(i.osTimerStart)
    pid_calc                                 0x0800435d   Thumb Code   230  pid.o(i.pid_calc)
    prvIsNewTCB                              0x0800496d   Thumb Code    18  trckernelport.o(i.prvIsNewTCB)
    prvTraceError                            0x08004d79   Thumb Code    62  trcstreamingrecorder.o(i.prvTraceError)
    prvTraceGetCurrentTaskHandle             0x08004de5   Thumb Code     4  trckernelport.o(i.prvTraceGetCurrentTaskHandle)
    prvTraceGetQueueNumber                   0x08005079   Thumb Code     4  trckernelport.o(i.prvTraceGetQueueNumber)
    prvTraceGetQueueNumberHigh16             0x0800507d   Thumb Code    10  trckernelport.o(i.prvTraceGetQueueNumberHigh16)
    prvTraceGetTaskNumberHigh16              0x08005087   Thumb Code    10  trckernelport.o(i.prvTraceGetTaskNumberHigh16)
    prvTraceSaveObjectData                   0x08005091   Thumb Code    84  trcstreamingrecorder.o(i.prvTraceSaveObjectData)
    prvTraceSaveSymbol                       0x080050ed   Thumb Code   120  trcstreamingrecorder.o(i.prvTraceSaveSymbol)
    prvTraceSetQueueNumberHigh16             0x0800516d   Thumb Code    26  trckernelport.o(i.prvTraceSetQueueNumberHigh16)
    prvTraceSetTaskNumberHigh16              0x08005187   Thumb Code    26  trckernelport.o(i.prvTraceSetTaskNumberHigh16)
    prvTraceStoreEvent                       0x080051a1   Thumb Code   124  trcstreamingrecorder.o(i.prvTraceStoreEvent)
    prvTraceStoreEvent1                      0x08005225   Thumb Code    90  trcstreamingrecorder.o(i.prvTraceStoreEvent1)
    prvTraceStoreEvent2                      0x08005289   Thumb Code    96  trcstreamingrecorder.o(i.prvTraceStoreEvent2)
    prvTraceStoreEvent3                      0x080052f1   Thumb Code    96  trcstreamingrecorder.o(i.prvTraceStoreEvent3)
    prvTraceStoreSimpleStringEventHelper     0x080053cd   Thumb Code   196  trcstreamingrecorder.o(i.prvTraceStoreSimpleStringEventHelper)
    prvTraceStoreStringEvent                 0x08005499   Thumb Code    42  trcstreamingrecorder.o(i.prvTraceStoreStringEvent)
    prvTraceWarning                          0x080055a5   Thumb Code    42  trcstreamingrecorder.o(i.prvTraceWarning)
    pvPortMalloc                             0x08005645   Thumb Code   252  heap_4.o(i.pvPortMalloc)
    pxPortInitialiseStack                    0x0800574d   Thumb Code    40  port.o(i.pxPortInitialiseStack)
    ramp_calc                                0x08005779   Thumb Code    50  ramp.o(i.ramp_calc)
    ramp_init                                0x080057b1   Thumb Code     8  ramp.o(i.ramp_init)
    remote_ctrl_chassis_hook                 0x080057b9   Thumb Code   160  get_chassis_info.o(i.remote_ctrl_chassis_hook)
    remote_ctrl_gimbal_hook                  0x08005881   Thumb Code    76  get_gimbal_info.o(i.remote_ctrl_gimbal_hook)
    remote_ctrl_shoot_hook                   0x080058e1   Thumb Code    22  get_shoot_info.o(i.remote_ctrl_shoot_hook)
    send_chassis_cur                         0x08005905   Thumb Code    76  can.o(i.send_chassis_cur)
    send_chassis_motor_ctrl_message          0x08005955   Thumb Code    20  get_chassis_info.o(i.send_chassis_motor_ctrl_message)
    send_fri_cur                             0x08005969   Thumb Code    46  can.o(i.send_fri_cur)
    send_gimbal_cur                          0x0800599d   Thumb Code    74  can.o(i.send_gimbal_cur)
    send_gimbal_motor_ctrl_message           0x080059ed   Thumb Code    18  get_gimbal_info.o(i.send_gimbal_motor_ctrl_message)
    shoot_keyboard_handler                   0x08005a01   Thumb Code   134  shoot_task.o(i.shoot_keyboard_handler)
    shoot_remote_handler                     0x08005a91   Thumb Code    76  shoot_task.o(i.shoot_remote_handler)
    uxListRemove                             0x08005ae5   Thumb Code    36  list.o(i.uxListRemove)
    uxQueueGetQueueNumber                    0x08005b09   Thumb Code     4  queue.o(i.uxQueueGetQueueNumber)
    uxTaskGetTaskNumber                      0x08005b0d   Thumb Code     8  tasks.o(i.uxTaskGetTaskNumber)
    vListInitialise                          0x08005b15   Thumb Code    22  list.o(i.vListInitialise)
    vListInitialiseItem                      0x08005b2b   Thumb Code     6  list.o(i.vListInitialiseItem)
    vListInsert                              0x08005b31   Thumb Code    48  list.o(i.vListInsert)
    vListInsertEnd                           0x08005b61   Thumb Code    24  list.o(i.vListInsertEnd)
    vPortEnterCritical                       0x08005b79   Thumb Code    54  port.o(i.vPortEnterCritical)
    vPortExitCritical                        0x08005bb9   Thumb Code    34  port.o(i.vPortExitCritical)
    vPortFree                                0x08005be1   Thumb Code   124  heap_4.o(i.vPortFree)
    vPortSetupTimerInterrupt                 0x08005c69   Thumb Code    26  port.o(i.vPortSetupTimerInterrupt)
    vPortValidateInterruptPriority           0x08005c89   Thumb Code    74  port.o(i.vPortValidateInterruptPriority)
    vQueueAddToRegistry                      0x08005cdd   Thumb Code    62  queue.o(i.vQueueAddToRegistry)
    vQueueSetQueueNumber                     0x08005d21   Thumb Code     4  queue.o(i.vQueueSetQueueNumber)
    vQueueWaitForMessageRestricted           0x08005d25   Thumb Code    68  queue.o(i.vQueueWaitForMessageRestricted)
    vTaskDelay                               0x08005d69   Thumb Code    90  tasks.o(i.vTaskDelay)
    vTaskDelayUntil                          0x08005dd1   Thumb Code   158  tasks.o(i.vTaskDelayUntil)
    vTaskMissedYield                         0x08005e7d   Thumb Code     8  tasks.o(i.vTaskMissedYield)
    vTaskPlaceOnEventList                    0x08005e89   Thumb Code    44  tasks.o(i.vTaskPlaceOnEventList)
    vTaskPlaceOnEventListRestricted          0x08005eb9   Thumb Code    78  tasks.o(i.vTaskPlaceOnEventListRestricted)
    vTaskSetTaskNumber                       0x08005f11   Thumb Code     8  tasks.o(i.vTaskSetTaskNumber)
    vTaskSetTimeOutState                     0x08005f19   Thumb Code    30  tasks.o(i.vTaskSetTimeOutState)
    vTaskStartScheduler                      0x08005f3d   Thumb Code    94  tasks.o(i.vTaskStartScheduler)
    vTaskSuspendAll                          0x08005fad   Thumb Code    10  tasks.o(i.vTaskSuspendAll)
    vTaskSwitchContext                       0x08005fbd   Thumb Code   128  tasks.o(i.vTaskSwitchContext)
    writeToRTT                               0x0800604d   Thumb Code    34  trcstreamingport.o(i.writeToRTT)
    xPortStartScheduler                      0x08006071   Thumb Code   202  port.o(i.xPortStartScheduler)
    xPortSysTickHandler                      0x08006151   Thumb Code    38  port.o(i.xPortSysTickHandler)
    xQueueGenericCreate                      0x0800617d   Thumb Code    66  queue.o(i.xQueueGenericCreate)
    xQueueGenericReceive                     0x080061c1   Thumb Code   750  queue.o(i.xQueueGenericReceive)
    xQueueGenericReset                       0x080064b9   Thumb Code   132  queue.o(i.xQueueGenericReset)
    xQueueGenericSend                        0x08006541   Thumb Code   650  queue.o(i.xQueueGenericSend)
    xQueueGenericSendFromISR                 0x080067d5   Thumb Code   306  queue.o(i.xQueueGenericSendFromISR)
    xTaskCheckForTimeOut                     0x0800690d   Thumb Code   102  tasks.o(i.xTaskCheckForTimeOut)
    xTaskCreate                              0x08006979   Thumb Code    86  tasks.o(i.xTaskCreate)
    xTaskGenericNotify                       0x080069d1   Thumb Code   250  tasks.o(i.xTaskGenericNotify)
    xTaskGenericNotifyFromISR                0x08006add   Thumb Code   280  tasks.o(i.xTaskGenericNotifyFromISR)
    xTaskGetCurrentTaskHandle                0x08006c01   Thumb Code     6  tasks.o(i.xTaskGetCurrentTaskHandle)
    xTaskGetSchedulerState                   0x08006c0d   Thumb Code    22  tasks.o(i.xTaskGetSchedulerState)
    xTaskGetTickCount                        0x08006c29   Thumb Code     6  tasks.o(i.xTaskGetTickCount)
    xTaskGetTickCountFromISR                 0x08006c35   Thumb Code    12  tasks.o(i.xTaskGetTickCountFromISR)
    xTaskIncrementTick                       0x08006c45   Thumb Code   246  tasks.o(i.xTaskIncrementTick)
    xTaskNotifyWait                          0x08006d4d   Thumb Code   196  tasks.o(i.xTaskNotifyWait)
    xTaskRemoveFromEventList                 0x08006e1d   Thumb Code   130  tasks.o(i.xTaskRemoveFromEventList)
    xTaskResumeAll                           0x08006ead   Thumb Code   210  tasks.o(i.xTaskResumeAll)
    xTimerCreate                             0x08006f91   Thumb Code    78  timers.o(i.xTimerCreate)
    xTimerCreateTimerTask                    0x08006fe1   Thumb Code    56  timers.o(i.xTimerCreateTimerTask)
    xTimerGenericCommand                     0x08007029   Thumb Code    92  timers.o(i.xTimerGenericCommand)
    zitai_data_receive2                      0x08007089   Thumb Code   228  can.o(i.zitai_data_receive2)
    AHBPrescTable                            0x08007190   Data          16  system_stm32f4xx.o(.constdata)
    APBPrescTable                            0x080071a0   Data           8  system_stm32f4xx.o(.constdata)
    sinTable_f32                             0x0800722c   Data        2052  arm_common_tables.o(.constdata)
    CRC8_TAB_1                               0x08007a30   Data         256  judg_info.o(.constdata)
    wCRC_Table_1                             0x08007b30   Data         512  judg_info.o(.constdata)
    Region$$Table$$Base                      0x08007d8c   Number         0  anon$$obj.o(Region$$Table)
    Region$$Table$$Limit                     0x08007dac   Number         0  anon$$obj.o(Region$$Table)
    uwTickFreq                               0x20000000   Data           1  stm32f4xx_hal.o(.data)
    uwTickPrio                               0x20000004   Data           4  stm32f4xx_hal.o(.data)
    uwTick                                   0x20000008   Data           4  stm32f4xx_hal.o(.data)
    pxCurrentTCB                             0x20000030   Data           4  tasks.o(.data)
    SystemCoreClock                          0x20000080   Data           4  system_stm32f4xx.o(.data)
    defaultTaskHandle                        0x20000084   Data           4  freertos.o(.data)
    CAN_SEND_TASKHandle                      0x20000088   Data           4  freertos.o(.data)
    MODE_SWITCH_TASKHandle                   0x2000008c   Data           4  freertos.o(.data)
    GET_GIMBAL_INFOHandle                    0x20000090   Data           4  freertos.o(.data)
    GET_CHASSIS_INFHandle                    0x20000094   Data           4  freertos.o(.data)
    GET_SHOOT_TASK_HANDEL                    0x20000098   Data           4  freertos.o(.data)
    chassis_timer_id                         0x2000009c   Data           4  freertos.o(.data)
    gimbal_timer_id                          0x200000a0   Data           4  freertos.o(.data)
    shoot_timer_id                           0x200000a4   Data           4  freertos.o(.data)
    pc_i                                     0x200000b0   Data           4  get_gimbal_info.o(.data)
    ctrl_mode                                0x200000b4   Data           1  mode_switch_task.o(.data)
    Reset                                    0x200000b8   Data           4  mode_switch_task.o(.data)
    mode_switch_times                        0x200000c0   Data           4  mode_switch_task.o(.data)
    ramp_mode                                0x200000c4   Data           1  mode_switch_task.o(.data)
    handler_run_time                         0x200000c8   Data           4  gimbal_task.o(.data)
    pit_ramp                                 0x200000cc   Data          20  gimbal_task.o(.data)
    yaw_ramp                                 0x200000e0   Data          20  gimbal_task.o(.data)
    auto_shoot                               0x200000f4   Data           1  get_chassis_info.o(.data)
    turn_time_last                           0x200000f8   Data           4  get_chassis_info.o(.data)
    FBSpeedRamp                              0x20000108   Data          20  chassis_task.o(.data)
    LRSpeedRamp                              0x2000011c   Data          20  chassis_task.o(.data)
    DATA                                     0x20000134   Data           8  can.o(.data)
    Data                                     0x2000013c   Data           8  can.o(.data)
    temp                                     0x20000144   Data           2  usart.o(.data)
    iii_                                     0x20000148   Data           4  usart.o(.data)
    ooo_                                     0x2000014c   Data           4  usart.o(.data)
    SEND_DATA                                0x20000150   Data           7  usart.o(.data)
    Rx_data                                  0x20000157   Data           8  usart.o(.data)
    TC                                       0x2000015f   Data           1  ni_ming.o(.data)
    CRC_INIT_1                               0x20000160   Data           2  judg_info.o(.data)
    JudgeFrameCounter                        0x20000164   Data           4  judg_info.o(.data)
    JudgeFrameRate                           0x20000168   Data           4  judg_info.o(.data)
    GameRobotState                           0x2000016c   Data           8  judg_info.o(.data)
    trcWarningChannel                        0x2000018c   Data           4  trckernelport.o(.data)
    CurrentFilterMask                        0x20000194   Data           2  trcstreamingrecorder.o(.data)
    CurrentFilterGroup                       0x20000196   Data           2  trcstreamingrecorder.o(.data)
    trcHeapCounter                           0x20000198   Data           4  trcstreamingrecorder.o(.data)
    RecorderEnabled                          0x200001b0   Data           4  trcstreamingrecorder.o(.data)
    isPendingContextSwitch                   0x200001bc   Data           4  trcstreamingrecorder.o(.data)
    uiTraceTickCount                         0x200001c0   Data           4  trcstreamingrecorder.o(.data)
    timestampFrequency                       0x200001c4   Data           4  trcstreamingrecorder.o(.data)
    DroppedEventCounter                      0x200001c8   Data           4  trcstreamingrecorder.o(.data)
    TotalBytesRemaining_LowWaterMark         0x200001cc   Data           4  trcstreamingrecorder.o(.data)
    TotalBytesRemaining                      0x200001d0   Data           4  trcstreamingrecorder.o(.data)
    EventBuffer                              0x200001d4   Data           4  trcstreamingrecorder.o(.data)
    PSFExtensionInfo                         0x200001d8   Data           4  trcstreamingrecorder.o(.data)
    NoRoomForSymbol                          0x200001dc   Data           4  trcstreamingrecorder.o(.data)
    NoRoomForObjectData                      0x200001e0   Data           4  trcstreamingrecorder.o(.data)
    LongestSymbolName                        0x200001e4   Data           4  trcstreamingrecorder.o(.data)
    MaxBytesTruncated                        0x200001e8   Data           4  trcstreamingrecorder.o(.data)
    uiTraceTaskSwitchedIn                    0x200001ec   Data           4  trcstreamingrecorder.o(.data)
    xQueueRegistry                           0x20003df8   Data          64  queue.o(.bss)
    glb_cur                                  0x20003f14   Data          20  commom_task.o(.bss)
    gim                                      0x20003f28   Data         104  gimbal_task.o(.bss)
    chassis                                  0x20003f90   Data         104  chassis_task.o(.bss)
    chassis_fdb_first                        0x20003ff8   Data          64  chassis_task.o(.bss)
    shoot                                    0x20004038   Data          62  shoot_task.o(.bss)
    hcan1                                    0x20004078   Data          40  can.o(.bss)
    hcan2                                    0x200040a0   Data          40  can.o(.bss)
    FILTER1                                  0x200040c8   Data          40  can.o(.bss)
    FILTER2                                  0x200040f0   Data          40  can.o(.bss)
    Tx1Message                               0x20004118   Data          24  can.o(.bss)
    Rx1Message                               0x20004130   Data          28  can.o(.bss)
    Tx2Message                               0x2000414c   Data          24  can.o(.bss)
    Rx2Message                               0x20004164   Data          28  can.o(.bss)
    moto_yaw                                 0x20004180   Data          68  can.o(.bss)
    moto_chassis                             0x200041c4   Data         272  can.o(.bss)
    moto_trigger                             0x200042d4   Data          68  can.o(.bss)
    gyro_data                                0x20004318   Data          44  can.o(.bss)
    moto_pit                                 0x20004344   Data          68  can.o(.bss)
    RC_CtrlData                              0x20004388   Data          24  usart.o(.bss)
    pc_data                                  0x200043a0   Data         920  usart.o(.bss)
    rc_RxBuffer                              0x20004738   Data         128  usart.o(.bss)
    huart1                                   0x200047b8   Data          64  usart.o(.bss)
    huart2                                   0x200047f8   Data          64  usart.o(.bss)
    huart3                                   0x20004838   Data          64  usart.o(.bss)
    huart6                                   0x20004878   Data          64  usart.o(.bss)
    hdma_usart2_rx                           0x200048b8   Data          96  usart.o(.bss)
    hdma_usart6_rx                           0x20004918   Data          96  usart.o(.bss)
    hdma_usart3_rx                           0x20004978   Data          96  usart.o(.bss)
    pid_yaw                                  0x200049d8   Data          68  pid.o(.bss)
    pid_pit                                  0x20004a1c   Data          68  pid.o(.bss)
    pid_yaw_spd                              0x20004a60   Data          68  pid.o(.bss)
    pid_pit_spd                              0x20004aa4   Data          68  pid.o(.bss)
    pid_rotate                               0x20004ae8   Data          68  pid.o(.bss)
    pid_spd                                  0x20004b2c   Data         272  pid.o(.bss)
    pid_trigger                              0x20004c3c   Data          68  pid.o(.bss)
    pid_trigger_spd                          0x20004c80   Data          68  pid.o(.bss)
    pid_as_yaw                               0x20004cc4   Data          68  pid.o(.bss)
    send_buf                                 0x20004d08   Data          21  ni_ming.o(.bss)
    zi_miao_kf                               0x20004d20   Data          56  kalman.o(.bss)
    GIMBAL_KF                                0x20004d58   Data         112  kalman.o(.bss)
    JudgeDataBuffer                          0x20004dc8   Data         150  judg_info.o(.bss)
    InfantryJudge                            0x20004e60   Data          32  judg_info.o(.bss)
    bullet_data                              0x20004e80   Data          10  judg_info.o(.bss)
    GameRobotPos                             0x20004e8a   Data          16  judg_info.o(.bss)
    PageInfo                                 0x200054fc   Data          80  trcstreamingrecorder.o(.bss)
    _SEGGER_RTT                              0x2000554c   Data         168  segger_rtt.o(.bss)
    __initial_sp                             0x20005e08   Data           0  startup_stm32f407xx.o(STACK)



==============================================================================

Memory Map of the image

  Image Entry point : 0x08000189

  Load Region LR_IROM1 (Base: 0x08000000, Size: 0x00007fa4, Max: 0x00080000, ABSOLUTE, COMPRESSED[0x00007de8])

    Execution Region ER_IROM1 (Exec base: 0x08000000, Load base: 0x08000000, Size: 0x00007dac, Max: 0x00080000, ABSOLUTE)

    Exec Addr    Load Addr    Size         Type   Attr      Idx    E Section Name        Object

    0x08000000   0x08000000   0x00000188   Data   RO            3    RESET               startup_stm32f407xx.o
    0x08000188   0x08000188   0x00000000   Code   RO         6316  * .ARM.Collect$$$$00000000  mc_w.l(entry.o)
    0x08000188   0x08000188   0x00000004   Code   RO         6369    .ARM.Collect$$$$00000001  mc_w.l(entry2.o)
    0x0800018c   0x0800018c   0x00000004   Code   RO         6372    .ARM.Collect$$$$00000004  mc_w.l(entry5.o)
    0x08000190   0x08000190   0x00000000   Code   RO         6374    .ARM.Collect$$$$00000008  mc_w.l(entry7b.o)
    0x08000190   0x08000190   0x00000000   Code   RO         6376    .ARM.Collect$$$$0000000A  mc_w.l(entry8b.o)
    0x08000190   0x08000190   0x00000008   Code   RO         6377    .ARM.Collect$$$$0000000B  mc_w.l(entry9a.o)
    0x08000198   0x08000198   0x00000000   Code   RO         6379    .ARM.Collect$$$$0000000D  mc_w.l(entry10a.o)
    0x08000198   0x08000198   0x00000000   Code   RO         6381    .ARM.Collect$$$$0000000F  mc_w.l(entry11a.o)
    0x08000198   0x08000198   0x00000004   Code   RO         6370    .ARM.Collect$$$$00002712  mc_w.l(entry2.o)
    0x0800019c   0x0800019c   0x000000ba   Code   RO         2832    .emb_text           port.o
    0x08000256   0x08000256   0x00000002   PAD
    0x08000258   0x08000258   0x00000024   Code   RO            4    .text               startup_stm32f407xx.o
    0x0800027c   0x0800027c   0x00000062   Code   RO         6319    .text               mc_w.l(uldiv.o)
    0x080002de   0x080002de   0x00000024   Code   RO         6321    .text               mc_w.l(memcpya.o)
    0x08000302   0x08000302   0x00000024   Code   RO         6323    .text               mc_w.l(memseta.o)
    0x08000326   0x08000326   0x00000012   Code   RO         6327    .text               mc_w.l(strcpy.o)
    0x08000338   0x08000338   0x000000e4   Code   RO         6359    .text               mf_w.l(dmul.o)
    0x0800041c   0x0800041c   0x000000de   Code   RO         6361    .text               mf_w.l(ddiv.o)
    0x080004fa   0x080004fa   0x00000022   Code   RO         6363    .text               mf_w.l(dflti.o)
    0x0800051c   0x0800051c   0x00000026   Code   RO         6365    .text               mf_w.l(f2d.o)
    0x08000542   0x08000542   0x00000038   Code   RO         6367    .text               mf_w.l(d2f.o)
    0x0800057a   0x0800057a   0x0000001e   Code   RO         6385    .text               mc_w.l(llshl.o)
    0x08000598   0x08000598   0x00000020   Code   RO         6387    .text               mc_w.l(llushr.o)
    0x080005b8   0x080005b8   0x00000000   Code   RO         6389    .text               mc_w.l(iusefp.o)
    0x080005b8   0x080005b8   0x0000006e   Code   RO         6390    .text               mf_w.l(fepilogue.o)
    0x08000626   0x08000626   0x000000ba   Code   RO         6392    .text               mf_w.l(depilogue.o)
    0x080006e0   0x080006e0   0x00000024   Code   RO         6400    .text               mc_w.l(init.o)
    0x08000704   0x08000704   0x00000056   Code   RO         6412    .text               mc_w.l(__dczerorl2.o)
    0x0800075a   0x0800075a   0x00000002   Code   RO         4240    i.BusFault_Handler  stm32f4xx_it.o
    0x0800075c   0x0800075c   0x0000000c   Code   RO         4241    i.CAN1_RX0_IRQHandler  stm32f4xx_it.o
    0x08000768   0x08000768   0x0000000c   Code   RO         4242    i.CAN1_TX_IRQHandler  stm32f4xx_it.o
    0x08000774   0x08000774   0x0000000c   Code   RO         4243    i.CAN2_RX0_IRQHandler  stm32f4xx_it.o
    0x08000780   0x08000780   0x0000000c   Code   RO         4244    i.CAN2_TX_IRQHandler  stm32f4xx_it.o
    0x0800078c   0x0800078c   0x00000038   Code   RO         4406    i.Can_Send_Task     commom_task.o
    0x080007c4   0x080007c4   0x000000c8   Code   RO         4630    i.Chassis_Param_Init  chassis_task.o
    0x0800088c   0x0800088c   0x0000023c   Code   RO         4631    i.Chassis_Task      chassis_task.o
    0x08000ac8   0x08000ac8   0x0000000c   Code   RO         4245    i.DMA1_Stream5_IRQHandler  stm32f4xx_it.o
    0x08000ad4   0x08000ad4   0x00000028   Code   RO         2156    i.DMA_CalcBaseAndBitshift  stm32f4xx_hal_dma.o
    0x08000afc   0x08000afc   0x00000054   Code   RO         2157    i.DMA_CheckFifoParam  stm32f4xx_hal_dma.o
    0x08000b50   0x08000b50   0x00000028   Code   RO         2158    i.DMA_SetConfig     stm32f4xx_hal_dma.o
    0x08000b78   0x08000b78   0x00000002   Code   RO         4246    i.DebugMon_Handler  stm32f4xx_it.o
    0x08000b7a   0x08000b7a   0x00000002   PAD
    0x08000b7c   0x08000b7c   0x000000d0   Code   RO         4205    i.FreeRtos_Init     freertos.o
    0x08000c4c   0x08000c4c   0x0000002c   Code   RO         5582    i.Get_CRC16_Check_Sum_1  judg_info.o
    0x08000c78   0x08000c78   0x000000dc   Code   RO         4584    i.Get_Chassis_Info  get_chassis_info.o
    0x08000d54   0x08000d54   0x00000024   Code   RO         4436    i.Get_Gimbal_Info   get_gimbal_info.o
    0x08000d78   0x08000d78   0x000000b0   Code   RO         4895    i.Get_Remote_info   usart.o
    0x08000e28   0x08000e28   0x00000074   Code   RO         4672    i.Get_Shoot_Info    get_shoot_info.o
    0x08000e9c   0x08000e9c   0x000000a0   Code   RO         4437    i.GimbalAngleLimit  get_gimbal_info.o
    0x08000f3c   0x08000f3c   0x00000138   Code   RO         4532    i.Gimbal_Param_Init  gimbal_task.o
    0x08001074   0x08001074   0x000000ec   Code   RO         4533    i.Gimbal_Task       gimbal_task.o
    0x08001160   0x08001160   0x00000028   Code   RO           14    i.HAL_CAN_ActivateNotification  stm32f4xx_hal_can.o
    0x08001188   0x08001188   0x000000c8   Code   RO           15    i.HAL_CAN_AddTxMessage  stm32f4xx_hal_can.o
    0x08001250   0x08001250   0x0000010c   Code   RO           16    i.HAL_CAN_ConfigFilter  stm32f4xx_hal_can.o
    0x0800135c   0x0800135c   0x00000002   Code   RO           19    i.HAL_CAN_ErrorCallback  stm32f4xx_hal_can.o
    0x0800135e   0x0800135e   0x000000fa   Code   RO           22    i.HAL_CAN_GetRxMessage  stm32f4xx_hal_can.o
    0x08001458   0x08001458   0x000001fc   Code   RO           26    i.HAL_CAN_IRQHandler  stm32f4xx_hal_can.o
    0x08001654   0x08001654   0x0000011a   Code   RO           27    i.HAL_CAN_Init      stm32f4xx_hal_can.o
    0x0800176e   0x0800176e   0x00000002   PAD
    0x08001770   0x08001770   0x000000c0   Code   RO         4338    i.HAL_CAN_MspInit   stm32f4xx_hal_msp.o
    0x08001830   0x08001830   0x00000002   Code   RO           34    i.HAL_CAN_RxFifo0FullCallback  stm32f4xx_hal_can.o
    0x08001832   0x08001832   0x00000002   PAD
    0x08001834   0x08001834   0x0000009c   Code   RO         4796    i.HAL_CAN_RxFifo0MsgPendingCallback  can.o
    0x080018d0   0x080018d0   0x00000002   Code   RO           36    i.HAL_CAN_RxFifo1FullCallback  stm32f4xx_hal_can.o
    0x080018d2   0x080018d2   0x00000002   Code   RO           37    i.HAL_CAN_RxFifo1MsgPendingCallback  stm32f4xx_hal_can.o
    0x080018d4   0x080018d4   0x00000002   Code   RO           38    i.HAL_CAN_SleepCallback  stm32f4xx_hal_can.o
    0x080018d6   0x080018d6   0x00000002   PAD
    0x080018d8   0x080018d8   0x00000058   Code   RO           39    i.HAL_CAN_Start     stm32f4xx_hal_can.o
    0x08001930   0x08001930   0x00000002   Code   RO           41    i.HAL_CAN_TxMailbox0AbortCallback  stm32f4xx_hal_can.o
    0x08001932   0x08001932   0x00000002   Code   RO           42    i.HAL_CAN_TxMailbox0CompleteCallback  stm32f4xx_hal_can.o
    0x08001934   0x08001934   0x00000002   Code   RO           43    i.HAL_CAN_TxMailbox1AbortCallback  stm32f4xx_hal_can.o
    0x08001936   0x08001936   0x00000002   Code   RO           44    i.HAL_CAN_TxMailbox1CompleteCallback  stm32f4xx_hal_can.o
    0x08001938   0x08001938   0x00000002   Code   RO           45    i.HAL_CAN_TxMailbox2AbortCallback  stm32f4xx_hal_can.o
    0x0800193a   0x0800193a   0x00000002   Code   RO           46    i.HAL_CAN_TxMailbox2CompleteCallback  stm32f4xx_hal_can.o
    0x0800193c   0x0800193c   0x00000002   Code   RO           48    i.HAL_CAN_WakeUpFromRxMsgCallback  stm32f4xx_hal_can.o
    0x0800193e   0x0800193e   0x00000002   PAD
    0x08001940   0x08001940   0x000001a0   Code   RO         2164    i.HAL_DMA_IRQHandler  stm32f4xx_hal_dma.o
    0x08001ae0   0x08001ae0   0x000000d4   Code   RO         2165    i.HAL_DMA_Init      stm32f4xx_hal_dma.o
    0x08001bb4   0x08001bb4   0x00000078   Code   RO         2169    i.HAL_DMA_Start_IT  stm32f4xx_hal_dma.o
    0x08001c2c   0x08001c2c   0x00000024   Code   RO         2578    i.HAL_Delay         stm32f4xx_hal.o
    0x08001c50   0x08001c50   0x000001b0   Code   RO         2052    i.HAL_GPIO_Init     stm32f4xx_hal_gpio.o
    0x08001e00   0x08001e00   0x0000000a   Code   RO         2056    i.HAL_GPIO_WritePin  stm32f4xx_hal_gpio.o
    0x08001e0a   0x08001e0a   0x00000002   PAD
    0x08001e0c   0x08001e0c   0x0000000c   Code   RO         2584    i.HAL_GetTick       stm32f4xx_hal.o
    0x08001e18   0x08001e18   0x00000010   Code   RO         2588    i.HAL_IncTick       stm32f4xx_hal.o
    0x08001e28   0x08001e28   0x00000034   Code   RO         2589    i.HAL_Init          stm32f4xx_hal.o
    0x08001e5c   0x08001e5c   0x00000040   Code   RO         2590    i.HAL_InitTick      stm32f4xx_hal.o
    0x08001e9c   0x08001e9c   0x00000084   Code   RO         4339    i.HAL_MspInit       stm32f4xx_hal_msp.o
    0x08001f20   0x08001f20   0x00000016   Code   RO         2441    i.HAL_NVIC_EnableIRQ  stm32f4xx_hal_cortex.o
    0x08001f36   0x08001f36   0x00000002   PAD
    0x08001f38   0x08001f38   0x00000040   Code   RO         2447    i.HAL_NVIC_SetPriority  stm32f4xx_hal_cortex.o
    0x08001f78   0x08001f78   0x00000024   Code   RO         2448    i.HAL_NVIC_SetPriorityGrouping  stm32f4xx_hal_cortex.o
    0x08001f9c   0x08001f9c   0x00000130   Code   RO         1698    i.HAL_RCC_ClockConfig  stm32f4xx_hal_rcc.o
    0x080020cc   0x080020cc   0x0000000c   Code   RO         1703    i.HAL_RCC_GetHCLKFreq  stm32f4xx_hal_rcc.o
    0x080020d8   0x080020d8   0x00000020   Code   RO         1705    i.HAL_RCC_GetPCLK1Freq  stm32f4xx_hal_rcc.o
    0x080020f8   0x080020f8   0x00000020   Code   RO         1706    i.HAL_RCC_GetPCLK2Freq  stm32f4xx_hal_rcc.o
    0x08002118   0x08002118   0x00000060   Code   RO         1707    i.HAL_RCC_GetSysClockFreq  stm32f4xx_hal_rcc.o
    0x08002178   0x08002178   0x0000031c   Code   RO         1710    i.HAL_RCC_OscConfig  stm32f4xx_hal_rcc.o
    0x08002494   0x08002494   0x00000018   Code   RO         2450    i.HAL_SYSTICK_CLKSourceConfig  stm32f4xx_hal_cortex.o
    0x080024ac   0x080024ac   0x00000028   Code   RO         2452    i.HAL_SYSTICK_Config  stm32f4xx_hal_cortex.o
    0x080024d4   0x080024d4   0x00000002   Code   RO         1392    i.HAL_UART_ErrorCallback  stm32f4xx_hal_uart.o
    0x080024d6   0x080024d6   0x00000062   Code   RO         1396    i.HAL_UART_Init     stm32f4xx_hal_uart.o
    0x08002538   0x08002538   0x000001e8   Code   RO         4344    i.HAL_UART_MspInit  stm32f4xx_hal_msp.o
    0x08002720   0x08002720   0x00000098   Code   RO         1400    i.HAL_UART_Receive_DMA  stm32f4xx_hal_uart.o
    0x080027b8   0x080027b8   0x00000002   Code   RO         1402    i.HAL_UART_RxCpltCallback  stm32f4xx_hal_uart.o
    0x080027ba   0x080027ba   0x00000002   Code   RO         1403    i.HAL_UART_RxHalfCpltCallback  stm32f4xx_hal_uart.o
    0x080027bc   0x080027bc   0x00000002   Code   RO         4247    i.HardFault_Handler  stm32f4xx_it.o
    0x080027be   0x080027be   0x00000002   PAD
    0x080027c0   0x080027c0   0x0000015c   Code   RO         5585    i.Judge_Receive     judg_info.o
    0x0800291c   0x0800291c   0x0000003e   Code   RO         5134    i.Kalman_filter_calc  kalman.o
    0x0800295a   0x0800295a   0x0000001a   Code   RO         5135    i.Kalman_filter_init  kalman.o
    0x08002974   0x08002974   0x00000088   Code   RO         4797    i.MX_CAN1_Init      can.o
    0x080029fc   0x080029fc   0x00000084   Code   RO         4798    i.MX_CAN2_Init      can.o
    0x08002a80   0x08002a80   0x0000003c   Code   RO         4896    i.MX_DMA_Init       usart.o
    0x08002abc   0x08002abc   0x00000098   Code   RO         4148    i.MX_GPIO_Init      main.o
    0x08002b54   0x08002b54   0x0000004c   Code   RO         4897    i.MX_USART1_UART_Init  usart.o
    0x08002ba0   0x08002ba0   0x00000068   Code   RO         4898    i.MX_USART2_UART_Init  usart.o
    0x08002c08   0x08002c08   0x0000004c   Code   RO         4899    i.MX_USART3_UART_Init  usart.o
    0x08002c54   0x08002c54   0x00000064   Code   RO         4900    i.MX_USART6_UART_Init  usart.o
    0x08002cb8   0x08002cb8   0x000000d8   Code   RO         5550    i.MYDMA_Config      reg_dma.o
    0x08002d90   0x08002d90   0x0000001a   Code   RO         5551    i.MYDMA_Enable      reg_dma.o
    0x08002daa   0x08002daa   0x00000002   Code   RO         4248    i.MemManage_Handler  stm32f4xx_it.o
    0x08002dac   0x08002dac   0x000000a4   Code   RO         4494    i.Mode_Switch_Task  mode_switch_task.o
    0x08002e50   0x08002e50   0x00000002   Code   RO         4249    i.NMI_Handler       stm32f4xx_it.o
    0x08002e52   0x08002e52   0x00000020   Code   RO         2454    i.NVIC_SetPriority  stm32f4xx_hal_cortex.o
    0x08002e72   0x08002e72   0x00000002   PAD
    0x08002e74   0x08002e74   0x000000c4   Code   RO         5103    i.Ni_Ming           ni_ming.o
    0x08002f38   0x08002f38   0x00000044   Code   RO         5027    i.PID_struct_init   pid.o
    0x08002f7c   0x08002f7c   0x00000038   Code   RO         6134    i.SEGGER_RTT_Write  segger_rtt.o
    0x08002fb4   0x08002fb4   0x0000005c   Code   RO         6135    i.SEGGER_RTT_WriteNoLock  segger_rtt.o
    0x08003010   0x08003010   0x00000084   Code   RO         4714    i.Shoot_Param_Init  shoot_task.o
    0x08003094   0x08003094   0x00000074   Code   RO         4715    i.Shoot_Task        shoot_task.o
    0x08003108   0x08003108   0x00000008   Code   RO         4206    i.StartDefaultTask  freertos.o
    0x08003110   0x08003110   0x0000000e   Code   RO         4250    i.SysTick_Handler   stm32f4xx_it.o
    0x0800311e   0x0800311e   0x00000002   PAD
    0x08003120   0x08003120   0x000000a0   Code   RO         4149    i.SystemClock_Config  main.o
    0x080031c0   0x080031c0   0x00000054   Code   RO         4111    i.SystemInit        system_stm32f4xx.o
    0x08003214   0x08003214   0x0000004a   Code   RO         1410    i.UART_DMAError     stm32f4xx_hal_uart.o
    0x0800325e   0x0800325e   0x0000003c   Code   RO         1411    i.UART_DMAReceiveCplt  stm32f4xx_hal_uart.o
    0x0800329a   0x0800329a   0x0000000a   Code   RO         1413    i.UART_DMARxHalfCplt  stm32f4xx_hal_uart.o
    0x080032a4   0x080032a4   0x0000001c   Code   RO         1419    i.UART_EndRxTransfer  stm32f4xx_hal_uart.o
    0x080032c0   0x080032c0   0x00000012   Code   RO         1420    i.UART_EndTxTransfer  stm32f4xx_hal_uart.o
    0x080032d2   0x080032d2   0x00000002   PAD
    0x080032d4   0x080032d4   0x000002ac   Code   RO         1422    i.UART_SetConfig    stm32f4xx_hal_uart.o
    0x08003580   0x08003580   0x00000084   Code   RO         4901    i.USART2_IRQHandler  usart.o
    0x08003604   0x08003604   0x0000006c   Code   RO         4902    i.USART3_IRQHandler  usart.o
    0x08003670   0x08003670   0x000000f4   Code   RO         4903    i.USART6_IRQHandler  usart.o
    0x08003764   0x08003764   0x00000002   Code   RO         4251    i.UsageFault_Handler  stm32f4xx_it.o
    0x08003766   0x08003766   0x00000002   PAD
    0x08003768   0x08003768   0x0000003c   Code   RO         5586    i.Verify_CRC16_Check_Sum_1  judg_info.o
    0x080037a4   0x080037a4   0x00000068   Code   RO         6139    i._DoInit           segger_rtt.o
    0x0800380c   0x0800380c   0x00000002   Code   RO         4150    i._Error_Handler    main.o
    0x0800380e   0x0800380e   0x00000016   Code   RO         6140    i._GetAvailWriteSpace  segger_rtt.o
    0x08003824   0x08003824   0x0000005a   Code   RO         6142    i._WriteBlocking    segger_rtt.o
    0x0800387e   0x0800387e   0x00000042   Code   RO         6143    i._WriteNoCheck     segger_rtt.o
    0x080038c0   0x080038c0   0x0000000e   Code   RO         6406    i.__scatterload_copy  mc_w.l(handlers.o)
    0x080038ce   0x080038ce   0x00000002   Code   RO         6407    i.__scatterload_null  mc_w.l(handlers.o)
    0x080038d0   0x080038d0   0x0000000e   Code   RO         6408    i.__scatterload_zeroinit  mc_w.l(handlers.o)
    0x080038de   0x080038de   0x0000002a   Code   RO         5028    i.abs_limit         pid.o
    0x08003908   0x08003908   0x00000078   Code   RO         5318    i.arm_cos_f32       arm_cos_f32.o
    0x08003980   0x08003980   0x00000084   Code   RO         5346    i.arm_sin_f32       arm_sin_f32.o
    0x08003a04   0x08003a04   0x00000100   Code   RO         5029    i.chassis_pid_calc  pid.o
    0x08003b04   0x08003b04   0x00000060   Code   RO         4801    i.encoder_data_handler4  can.o
    0x08003b64   0x08003b64   0x0000004e   Code   RO         5654    i.first_order_filter_cali  first_order_filter.o
    0x08003bb2   0x08003bb2   0x00000014   Code   RO         5655    i.first_order_filter_init  first_order_filter.o
    0x08003bc6   0x08003bc6   0x00000002   PAD
    0x08003bc8   0x08003bc8   0x000000f4   Code   RO         4438    i.get_gimbal_info   get_gimbal_info.o
    0x08003cbc   0x08003cbc   0x0000006c   Code   RO         4495    i.get_main_ctrl_mode  mode_switch_task.o
    0x08003d28   0x08003d28   0x0000000c   Code   RO         3717    i.inHandlerMode     cmsis_os.o
    0x08003d34   0x08003d34   0x0000003c   Code   RO         4534    i.init_mode_handler  gimbal_task.o
    0x08003d70   0x08003d70   0x00000178   Code   RO         4585    i.keyboard_chassis_hook  get_chassis_info.o
    0x08003ee8   0x08003ee8   0x000001dc   Code   RO         4439    i.keyboard_gimbal_hook  get_gimbal_info.o
    0x080040c4   0x080040c4   0x0000005c   Code   RO         4673    i.keyboard_shoot_hook  get_shoot_info.o
    0x08004120   0x08004120   0x00000064   Code   RO         4151    i.main              main.o
    0x08004184   0x08004184   0x0000000c   Code   RO         3719    i.makeFreeRtosPriority  cmsis_os.o
    0x08004190   0x08004190   0x00000018   Code   RO         4535    i.normal_mode_handler  gimbal_task.o
    0x080041a8   0x080041a8   0x0000000e   Code   RO         3721    i.osDelay           cmsis_os.o
    0x080041b6   0x080041b6   0x0000000e   Code   RO         3722    i.osDelayUntil      cmsis_os.o
    0x080041c4   0x080041c4   0x0000000a   Code   RO         3724    i.osKernelStart     cmsis_os.o
    0x080041ce   0x080041ce   0x00000018   Code   RO         3725    i.osKernelSysTick   cmsis_os.o
    0x080041e6   0x080041e6   0x00000002   PAD
    0x080041e8   0x080041e8   0x0000005c   Code   RO         3755    i.osSignalSet       cmsis_os.o
    0x08004244   0x08004244   0x00000056   Code   RO         3756    i.osSignalWait      cmsis_os.o
    0x0800429a   0x0800429a   0x00000014   Code   RO         3757    i.osSystickHandler  cmsis_os.o
    0x080042ae   0x080042ae   0x0000002e   Code   RO         3758    i.osThreadCreate    cmsis_os.o
    0x080042dc   0x080042dc   0x00000024   Code   RO         3771    i.osTimerCreate     cmsis_os.o
    0x08004300   0x08004300   0x0000005c   Code   RO         3773    i.osTimerStart      cmsis_os.o
    0x0800435c   0x0800435c   0x000000e6   Code   RO         5030    i.pid_calc          pid.o
    0x08004442   0x08004442   0x0000000e   Code   RO         5031    i.pid_param_init    pid.o
    0x08004450   0x08004450   0x00000020   Code   RO         5032    i.pid_reset         pid.o
    0x08004470   0x08004470   0x00000070   Code   RO         3271    i.prvAddCurrentTaskToDelayedList  tasks.o
    0x080044e0   0x080044e0   0x00000140   Code   RO         3272    i.prvAddNewTaskToReadyList  tasks.o
    0x08004620   0x08004620   0x00000050   Code   RO         3602    i.prvCheckForValidListAndQueue  timers.o
    0x08004670   0x08004670   0x00000050   Code   RO         3273    i.prvCheckTasksWaitingTermination  tasks.o
    0x080046c0   0x080046c0   0x00000026   Code   RO         3090    i.prvCopyDataFromQueue  queue.o
    0x080046e6   0x080046e6   0x0000005a   Code   RO         3091    i.prvCopyDataToQueue  queue.o
    0x08004740   0x08004740   0x00000014   Code   RO         3274    i.prvDeleteTCB      tasks.o
    0x08004754   0x08004754   0x0000004c   Code   RO         2742    i.prvHeapInit       heap_4.o
    0x080047a0   0x080047a0   0x00000028   Code   RO         3275    i.prvIdleTask       tasks.o
    0x080047c8   0x080047c8   0x00000088   Code   RO         3092    i.prvInitialiseNewQueue  queue.o
    0x08004850   0x08004850   0x00000098   Code   RO         3276    i.prvInitialiseNewTask  tasks.o
    0x080048e8   0x080048e8   0x0000004c   Code   RO         2743    i.prvInsertBlockIntoFreeList  heap_4.o
    0x08004934   0x08004934   0x00000038   Code   RO         3603    i.prvInsertTimerInActiveList  timers.o
    0x0800496c   0x0800496c   0x00000018   Code   RO         5686    i.prvIsNewTCB       trckernelport.o
    0x08004984   0x08004984   0x0000001c   Code   RO         3093    i.prvIsQueueEmpty   queue.o
    0x080049a0   0x080049a0   0x000000b8   Code   RO         3604    i.prvProcessReceivedCommands  timers.o
    0x08004a58   0x08004a58   0x000000b4   Code   RO         3605    i.prvProcessTimerOrBlockTask  timers.o
    0x08004b0c   0x08004b0c   0x00000020   Code   RO         3278    i.prvResetNextTaskUnblockTime  tasks.o
    0x08004b2c   0x08004b2c   0x00000028   Code   RO         3606    i.prvSampleTimeNow  timers.o
    0x08004b54   0x08004b54   0x0000016c   Code   RO         5848    i.prvSetRecorderEnabled  trcstreamingrecorder.o
    0x08004cc0   0x08004cc0   0x0000006c   Code   RO         3607    i.prvSwitchTimerLists  timers.o
    0x08004d2c   0x08004d2c   0x00000028   Code   RO         2833    i.prvTaskExitError  port.o
    0x08004d54   0x08004d54   0x00000024   Code   RO         3608    i.prvTimerTask      timers.o
    0x08004d78   0x08004d78   0x0000006c   Code   RO         5851    i.prvTraceError     trcstreamingrecorder.o
    0x08004de4   0x08004de4   0x00000004   Code   RO         5687    i.prvTraceGetCurrentTaskHandle  trckernelport.o
    0x08004de8   0x08004de8   0x00000290   Code   RO         5852    i.prvTraceGetError  trcstreamingrecorder.o
    0x08005078   0x08005078   0x00000004   Code   RO         5688    i.prvTraceGetQueueNumber  trckernelport.o
    0x0800507c   0x0800507c   0x0000000a   Code   RO         5689    i.prvTraceGetQueueNumberHigh16  trckernelport.o
    0x08005086   0x08005086   0x0000000a   Code   RO         5692    i.prvTraceGetTaskNumberHigh16  trckernelport.o
    0x08005090   0x08005090   0x0000005c   Code   RO         5854    i.prvTraceSaveObjectData  trcstreamingrecorder.o
    0x080050ec   0x080050ec   0x00000080   Code   RO         5855    i.prvTraceSaveSymbol  trcstreamingrecorder.o
    0x0800516c   0x0800516c   0x0000001a   Code   RO         5695    i.prvTraceSetQueueNumberHigh16  trckernelport.o
    0x08005186   0x08005186   0x0000001a   Code   RO         5697    i.prvTraceSetTaskNumberHigh16  trckernelport.o
    0x080051a0   0x080051a0   0x00000084   Code   RO         5856    i.prvTraceStoreEvent  trcstreamingrecorder.o
    0x08005224   0x08005224   0x00000064   Code   RO         5858    i.prvTraceStoreEvent1  trcstreamingrecorder.o
    0x08005288   0x08005288   0x00000068   Code   RO         5859    i.prvTraceStoreEvent2  trcstreamingrecorder.o
    0x080052f0   0x080052f0   0x00000068   Code   RO         5860    i.prvTraceStoreEvent3  trcstreamingrecorder.o
    0x08005358   0x08005358   0x00000074   Code   RO         5861    i.prvTraceStoreHeader  trcstreamingrecorder.o
    0x080053cc   0x080053cc   0x000000cc   Code   RO         5862    i.prvTraceStoreSimpleStringEventHelper  trcstreamingrecorder.o
    0x08005498   0x08005498   0x0000002a   Code   RO         5863    i.prvTraceStoreStringEvent  trcstreamingrecorder.o
    0x080054c2   0x080054c2   0x00000002   PAD
    0x080054c4   0x080054c4   0x000000e0   Code   RO         5864    i.prvTraceStoreStringEventHelper  trcstreamingrecorder.o
    0x080055a4   0x080055a4   0x00000034   Code   RO         5865    i.prvTraceWarning   trcstreamingrecorder.o
    0x080055d8   0x080055d8   0x0000006a   Code   RO         3094    i.prvUnlockQueue    queue.o
    0x08005642   0x08005642   0x00000002   PAD
    0x08005644   0x08005644   0x00000108   Code   RO         2744    i.pvPortMalloc      heap_4.o
    0x0800574c   0x0800574c   0x0000002c   Code   RO         2834    i.pxPortInitialiseStack  port.o
    0x08005778   0x08005778   0x00000038   Code   RO         4766    i.ramp_calc         ramp.o
    0x080057b0   0x080057b0   0x00000008   Code   RO         4767    i.ramp_init         ramp.o
    0x080057b8   0x080057b8   0x000000c8   Code   RO         4586    i.remote_ctrl_chassis_hook  get_chassis_info.o
    0x08005880   0x08005880   0x00000060   Code   RO         4440    i.remote_ctrl_gimbal_hook  get_gimbal_info.o
    0x080058e0   0x080058e0   0x00000024   Code   RO         4674    i.remote_ctrl_shoot_hook  get_shoot_info.o
    0x08005904   0x08005904   0x00000050   Code   RO         4803    i.send_chassis_cur  can.o
    0x08005954   0x08005954   0x00000014   Code   RO         4587    i.send_chassis_motor_ctrl_message  get_chassis_info.o
    0x08005968   0x08005968   0x00000034   Code   RO         4804    i.send_fri_cur      can.o
    0x0800599c   0x0800599c   0x00000050   Code   RO         4805    i.send_gimbal_cur   can.o
    0x080059ec   0x080059ec   0x00000012   Code   RO         4441    i.send_gimbal_motor_ctrl_message  get_gimbal_info.o
    0x080059fe   0x080059fe   0x00000002   PAD
    0x08005a00   0x08005a00   0x00000090   Code   RO         4716    i.shoot_keyboard_handler  shoot_task.o
    0x08005a90   0x08005a90   0x00000054   Code   RO         4717    i.shoot_remote_handler  shoot_task.o
    0x08005ae4   0x08005ae4   0x00000024   Code   RO         3040    i.uxListRemove      list.o
    0x08005b08   0x08005b08   0x00000004   Code   RO         3096    i.uxQueueGetQueueNumber  queue.o
    0x08005b0c   0x08005b0c   0x00000008   Code   RO         3284    i.uxTaskGetTaskNumber  tasks.o
    0x08005b14   0x08005b14   0x00000016   Code   RO         3041    i.vListInitialise   list.o
    0x08005b2a   0x08005b2a   0x00000006   Code   RO         3042    i.vListInitialiseItem  list.o
    0x08005b30   0x08005b30   0x00000030   Code   RO         3043    i.vListInsert       list.o
    0x08005b60   0x08005b60   0x00000018   Code   RO         3044    i.vListInsertEnd    list.o
    0x08005b78   0x08005b78   0x00000040   Code   RO         2836    i.vPortEnterCritical  port.o
    0x08005bb8   0x08005bb8   0x00000028   Code   RO         2837    i.vPortExitCritical  port.o
    0x08005be0   0x08005be0   0x00000088   Code   RO         2745    i.vPortFree         heap_4.o
    0x08005c68   0x08005c68   0x00000020   Code   RO         2838    i.vPortSetupTimerInterrupt  port.o
    0x08005c88   0x08005c88   0x00000054   Code   RO         2839    i.vPortValidateInterruptPriority  port.o
    0x08005cdc   0x08005cdc   0x00000044   Code   RO         3100    i.vQueueAddToRegistry  queue.o
    0x08005d20   0x08005d20   0x00000004   Code   RO         3102    i.vQueueSetQueueNumber  queue.o
    0x08005d24   0x08005d24   0x00000044   Code   RO         3104    i.vQueueWaitForMessageRestricted  queue.o
    0x08005d68   0x08005d68   0x00000068   Code   RO         3288    i.vTaskDelay        tasks.o
    0x08005dd0   0x08005dd0   0x000000ac   Code   RO         3289    i.vTaskDelayUntil   tasks.o
    0x08005e7c   0x08005e7c   0x0000000c   Code   RO         3293    i.vTaskMissedYield  tasks.o
    0x08005e88   0x08005e88   0x00000030   Code   RO         3295    i.vTaskPlaceOnEventList  tasks.o
    0x08005eb8   0x08005eb8   0x00000058   Code   RO         3296    i.vTaskPlaceOnEventListRestricted  tasks.o
    0x08005f10   0x08005f10   0x00000008   Code   RO         3300    i.vTaskSetTaskNumber  tasks.o
    0x08005f18   0x08005f18   0x00000024   Code   RO         3301    i.vTaskSetTimeOutState  tasks.o
    0x08005f3c   0x08005f3c   0x00000070   Code   RO         3302    i.vTaskStartScheduler  tasks.o
    0x08005fac   0x08005fac   0x00000010   Code   RO         3304    i.vTaskSuspendAll   tasks.o
    0x08005fbc   0x08005fbc   0x00000090   Code   RO         3305    i.vTaskSwitchContext  tasks.o
    0x0800604c   0x0800604c   0x00000022   Code   RO         6290    i.writeToRTT        trcstreamingport.o
    0x0800606e   0x0800606e   0x00000002   PAD
    0x08006070   0x08006070   0x000000e0   Code   RO         2840    i.xPortStartScheduler  port.o
    0x08006150   0x08006150   0x0000002c   Code   RO         2841    i.xPortSysTickHandler  port.o
    0x0800617c   0x0800617c   0x00000042   Code   RO         3105    i.xQueueGenericCreate  queue.o
    0x080061be   0x080061be   0x00000002   PAD
    0x080061c0   0x080061c0   0x000002f8   Code   RO         3106    i.xQueueGenericReceive  queue.o
    0x080064b8   0x080064b8   0x00000088   Code   RO         3107    i.xQueueGenericReset  queue.o
    0x08006540   0x08006540   0x00000294   Code   RO         3108    i.xQueueGenericSend  queue.o
    0x080067d4   0x080067d4   0x00000138   Code   RO         3109    i.xQueueGenericSendFromISR  queue.o
    0x0800690c   0x0800690c   0x0000006c   Code   RO         3306    i.xTaskCheckForTimeOut  tasks.o
    0x08006978   0x08006978   0x00000056   Code   RO         3307    i.xTaskCreate       tasks.o
    0x080069ce   0x080069ce   0x00000002   PAD
    0x080069d0   0x080069d0   0x0000010c   Code   RO         3308    i.xTaskGenericNotify  tasks.o
    0x08006adc   0x08006adc   0x00000124   Code   RO         3309    i.xTaskGenericNotifyFromISR  tasks.o
    0x08006c00   0x08006c00   0x0000000c   Code   RO         3310    i.xTaskGetCurrentTaskHandle  tasks.o
    0x08006c0c   0x08006c0c   0x0000001c   Code   RO         3312    i.xTaskGetSchedulerState  tasks.o
    0x08006c28   0x08006c28   0x0000000c   Code   RO         3313    i.xTaskGetTickCount  tasks.o
    0x08006c34   0x08006c34   0x00000010   Code   RO         3314    i.xTaskGetTickCountFromISR  tasks.o
    0x08006c44   0x08006c44   0x00000108   Code   RO         3315    i.xTaskIncrementTick  tasks.o
    0x08006d4c   0x08006d4c   0x000000d0   Code   RO         3317    i.xTaskNotifyWait   tasks.o
    0x08006e1c   0x08006e1c   0x00000090   Code   RO         3318    i.xTaskRemoveFromEventList  tasks.o
    0x08006eac   0x08006eac   0x000000e4   Code   RO         3320    i.xTaskResumeAll    tasks.o
    0x08006f90   0x08006f90   0x0000004e   Code   RO         3611    i.xTimerCreate      timers.o
    0x08006fde   0x08006fde   0x00000002   PAD
    0x08006fe0   0x08006fe0   0x00000048   Code   RO         3612    i.xTimerCreateTimerTask  timers.o
    0x08007028   0x08007028   0x00000060   Code   RO         3613    i.xTimerGenericCommand  timers.o
    0x08007088   0x08007088   0x00000100   Code   RO         4807    i.zitai_data_receive2  can.o
    0x08007188   0x08007188   0x00000008   Data   RO         2171    .constdata          stm32f4xx_hal_dma.o
    0x08007190   0x08007190   0x00000010   Data   RO         4112    .constdata          system_stm32f4xx.o
    0x080071a0   0x080071a0   0x00000008   Data   RO         4113    .constdata          system_stm32f4xx.o
    0x080071a8   0x080071a8   0x00000084   Data   RO         4207    .constdata          freertos.o
    0x0800722c   0x0800722c   0x00000804   Data   RO         5426    .constdata          arm_common_tables.o
    0x08007a30   0x08007a30   0x00000300   Data   RO         5590    .constdata          judg_info.o
    0x08007d30   0x08007d30   0x0000005c   Data   RO         4208    .conststring        freertos.o
    0x08007d8c   0x08007d8c   0x00000020   Data   RO         6404    Region$$Table       anon$$obj.o


    Execution Region RW_IRAM1 (Exec base: 0x20000000, Load base: 0x08007dac, Size: 0x00005e08, Max: 0x00020000, ABSOLUTE, COMPRESSED[0x0000003c])

    Exec Addr    Load Addr    Size         Type   Attr      Idx    E Section Name        Object

    0x20000000   COMPRESSED   0x0000000c   Data   RW         2596    .data               stm32f4xx_hal.o
    0x2000000c   COMPRESSED   0x00000018   Data   RW         2750    .data               heap_4.o
    0x20000024   COMPRESSED   0x0000000c   Data   RW         2842    .data               port.o
    0x20000030   COMPRESSED   0x0000003c   Data   RW         3323    .data               tasks.o
    0x2000006c   COMPRESSED   0x00000014   Data   RW         3619    .data               timers.o
    0x20000080   COMPRESSED   0x00000004   Data   RW         4114    .data               system_stm32f4xx.o
    0x20000084   COMPRESSED   0x00000024   Data   RW         4209    .data               freertos.o
    0x200000a8   COMPRESSED   0x00000004   Data   RW         4345    .data               stm32f4xx_hal_msp.o
    0x200000ac   COMPRESSED   0x00000008   Data   RW         4442    .data               get_gimbal_info.o
    0x200000b4   COMPRESSED   0x00000010   Data   RW         4496    .data               mode_switch_task.o
    0x200000c4   COMPRESSED   0x00000001   Data   RW         4497    .data               mode_switch_task.o
    0x200000c5   COMPRESSED   0x00000003   PAD
    0x200000c8   COMPRESSED   0x0000002c   Data   RW         4537    .data               gimbal_task.o
    0x200000f4   COMPRESSED   0x00000010   Data   RW         4588    .data               get_chassis_info.o
    0x20000104   COMPRESSED   0x0000002c   Data   RW         4634    .data               chassis_task.o
    0x20000130   COMPRESSED   0x00000014   Data   RW         4811    .data               can.o
    0x20000144   COMPRESSED   0x0000001b   Data   RW         4911    .data               usart.o
    0x2000015f   COMPRESSED   0x00000001   Data   RW         5105    .data               ni_ming.o
    0x20000160   COMPRESSED   0x00000014   Data   RW         5591    .data               judg_info.o
    0x20000174   COMPRESSED   0x0000001c   Data   RW         5704    .data               trckernelport.o
    0x20000190   COMPRESSED   0x00000068   Data   RW         5884    .data               trcstreamingrecorder.o
    0x200001f8        -       0x00003c00   Zero   RW         2749    .bss                heap_4.o
    0x20003df8        -       0x00000040   Zero   RW         3115    .bss                queue.o
    0x20003e38        -       0x000000b4   Zero   RW         3322    .bss                tasks.o
    0x20003eec        -       0x00000028   Zero   RW         3618    .bss                timers.o
    0x20003f14        -       0x00000014   Zero   RW         4407    .bss                commom_task.o
    0x20003f28        -       0x00000068   Zero   RW         4536    .bss                gimbal_task.o
    0x20003f90        -       0x000000a8   Zero   RW         4632    .bss                chassis_task.o
    0x20004038        -       0x0000003e   Zero   RW         4718    .bss                shoot_task.o
    0x20004076   COMPRESSED   0x00000002   PAD
    0x20004078        -       0x000002cc   Zero   RW         4808    .bss                can.o
    0x20004344        -       0x00000044   Zero   RW         4809    .bss                can.o
    0x20004388        -       0x00000530   Zero   RW         4907    .bss                usart.o
    0x200048b8        -       0x00000060   Zero   RW         4908    .bss                usart.o
    0x20004918        -       0x00000060   Zero   RW         4909    .bss                usart.o
    0x20004978        -       0x00000060   Zero   RW         4910    .bss                usart.o
    0x200049d8        -       0x00000044   Zero   RW         5035    .bss                pid.o
    0x20004a1c        -       0x00000044   Zero   RW         5036    .bss                pid.o
    0x20004a60        -       0x00000044   Zero   RW         5037    .bss                pid.o
    0x20004aa4        -       0x00000044   Zero   RW         5038    .bss                pid.o
    0x20004ae8        -       0x00000044   Zero   RW         5039    .bss                pid.o
    0x20004b2c        -       0x00000110   Zero   RW         5041    .bss                pid.o
    0x20004c3c        -       0x00000044   Zero   RW         5042    .bss                pid.o
    0x20004c80        -       0x00000044   Zero   RW         5043    .bss                pid.o
    0x20004cc4        -       0x00000044   Zero   RW         5044    .bss                pid.o
    0x20004d08        -       0x00000015   Zero   RW         5104    .bss                ni_ming.o
    0x20004d1d   COMPRESSED   0x00000003   PAD
    0x20004d20        -       0x00000038   Zero   RW         5136    .bss                kalman.o
    0x20004d58        -       0x00000070   Zero   RW         5137    .bss                kalman.o
    0x20004dc8        -       0x000000d2   Zero   RW         5588    .bss                judg_info.o
    0x20004e9a   COMPRESSED   0x00000002   PAD
    0x20004e9c        -       0x000006b0   Zero   RW         5883    .bss                trcstreamingrecorder.o
    0x2000554c        -       0x000004b8   Zero   RW         6144    .bss                segger_rtt.o
    0x20005a04   COMPRESSED   0x00000004   PAD
    0x20005a08        -       0x00000400   Zero   RW            1    STACK               startup_stm32f407xx.o


==============================================================================

Image component sizes


      Code (inc. data)   RO Data    RW Data    ZI Data      Debug   Object Name

         0          0       2052          0          0       4772   arm_common_tables.o
       120         12          0          0          0        790   arm_cos_f32.o
       132         14          0          0          0        834   arm_sin_f32.o
       988        126          0         20        784       7864   can.o
       772         90          0         44        168       3855   chassis_task.o
       458         16          0          0          0      23413   cmsis_os.o
        56          4          0          0         20       1454   commom_task.o
         0          0          0          0          0       8100   event_groups.o
        98          0          0          0          0       1592   first_order_filter.o
       216          8        224         36          0       2424   freertos.o
       816        132          0         16          0       3607   get_chassis_info.o
      1030        136          0          8          0       4450   get_gimbal_info.o
       244         54          0          0          0       2058   get_shoot_info.o
       632         98          0         44        104       4539   gimbal_task.o
       552         38          0         24      15360      14551   heap_4.o
       452         22        768         20        210       4560   judg_info.o
        88          0          0          0        168       2185   kalman.o
       136          0          0          0          0       3642   list.o
       414         32          0          0          0       2982   main.o
       272         48          0         17          0       2014   mode_switch_task.o
       196         22          0          1         21       1476   ni_ming.o
       642         18          0          0        816       5929   pid.o
       758         84          0         12          0      12097   port.o
      2476         98          0          0         64      16856   queue.o
        64          6          0          0          0       1360   ramp.o
       242         14          0          0          0       1794   reg_dma.o
       430         40          0          0       1208       8510   segger_rtt.o
       476         68          0          0         62       3625   shoot_task.o
        36          8        392          0       1024        852   startup_stm32f407xx.o
       180         28          0         12          0       4701   stm32f4xx_hal.o
      1660          6          0          0          0     738979   stm32f4xx_hal_can.o
       218         14          0          0          0      31153   stm32f4xx_hal_cortex.o
       912         16          8          0          0       5939   stm32f4xx_hal_dma.o
       442         44          0          0          0       2472   stm32f4xx_hal_gpio.o
       812        110          0          4          0       3176   stm32f4xx_hal_msp.o
      1272         82          0          0          0       5744   stm32f4xx_hal_rcc.o
      1130         22          0          0          0       7684   stm32f4xx_hal_uart.o
        86         30          0          0          0       5731   stm32f4xx_it.o
        84         18         24          4          0       1207   system_stm32f4xx.o
      3170        282          0         60        180      30050   tasks.o
       930         78          0         20         40      11230   timers.o
       104          6          0         28          0       7885   trckernelport.o
        34          0          0          0          0       1093   trcstreamingport.o
      2426        742          0        104       1712      29692   trcstreamingrecorder.o
      1076        160          0         27       1616       8935   usart.o

    ----------------------------------------------------------------------
     27376       2826       3500        504      23568    1047856   Object Totals
         0          0         32          0          0          0   (incl. Generated)
        44          0          0          3         11          0   (incl. Padding)

    ----------------------------------------------------------------------

      Code (inc. data)   RO Data    RW Data    ZI Data      Debug   Library Member Name

        86          0          0          0          0          0   __dczerorl2.o
         0          0          0          0          0          0   entry.o
         0          0          0          0          0          0   entry10a.o
         0          0          0          0          0          0   entry11a.o
         8          4          0          0          0          0   entry2.o
         4          0          0          0          0          0   entry5.o
         0          0          0          0          0          0   entry7b.o
         0          0          0          0          0          0   entry8b.o
         8          4          0          0          0          0   entry9a.o
        30          0          0          0          0          0   handlers.o
        36          8          0          0          0         68   init.o
         0          0          0          0          0          0   iusefp.o
        30          0          0          0          0         68   llshl.o
        32          0          0          0          0         68   llushr.o
        36          0          0          0          0         68   memcpya.o
        36          0          0          0          0        108   memseta.o
        18          0          0          0          0         68   strcpy.o
        98          0          0          0          0         92   uldiv.o
        56          0          0          0          0         88   d2f.o
       222          0          0          0          0        100   ddiv.o
       186          0          0          0          0        176   depilogue.o
        34          0          0          0          0         76   dflti.o
       228          0          0          0          0         96   dmul.o
        38          0          0          0          0         68   f2d.o
       110          0          0          0          0        168   fepilogue.o

    ----------------------------------------------------------------------
      1296         16          0          0          0       1312   Library Totals
         0          0          0          0          0          0   (incl. Padding)

    ----------------------------------------------------------------------

      Code (inc. data)   RO Data    RW Data    ZI Data      Debug   Library Name

       422         16          0          0          0        540   mc_w.l
       874          0          0          0          0        772   mf_w.l

    ----------------------------------------------------------------------
      1296         16          0          0          0       1312   Library Totals

    ----------------------------------------------------------------------

==============================================================================


      Code (inc. data)   RO Data    RW Data    ZI Data      Debug   

     28672       2842       3500        504      23568    1025380   Grand Totals
     28672       2842       3500         60      23568    1025380   ELF Image Totals (compressed)
     28672       2842       3500         60          0          0   ROM Totals

==============================================================================

    Total RO  Size (Code + RO Data)                32172 (  31.42kB)
    Total RW  Size (RW Data + ZI Data)             24072 (  23.51kB)
    Total ROM Size (Code + RO Data + RW Data)      32232 (  31.48kB)

==============================================================================

