<html>
<body>
<pre>
<h1>µVision Build Log</h1>
<h2>Tool Versions:</h2>
IDE-Version: ¦ÌVision V5.26.2.0
Copyright (C) 2018 ARM Ltd and ARM Germany GmbH. All rights reserved.
License Information: 1 Microsoft, Microsoft, LIC=8VRKP-M73RV-NNKAF-63H3Q-MS340-LZYNS
 
Tool Versions:
Toolchain:       MDK-ARM Plus  Version: 5.26.2.0
Toolchain Path:  C:\Keil_v5\ARM\ARMCC\Bin
C Compiler:      Armcc.exe V5.06 update 6 (build 750)
Assembler:       Armasm.exe V5.06 update 6 (build 750)
Linker/Locator:  ArmLink.exe V5.06 update 6 (build 750)
Library Manager: ArmAr.exe V5.06 update 6 (build 750)
Hex Converter:   FromElf.exe V5.06 update 6 (build 750)
CPU DLL:         SARMCM3.DLL V5.26.2.0
Dialog DLL:      DCM.DLL V1.17.2.0
Target DLL:      CMSIS_AGDI.dll V1.30.6.0
Dialog DLL:      TCM.DLL V1.36.1.0
 
<h2>Project:</h2>
C:\Users\pzh\RM_GIT\last222\last222\MDK-ARM\last222.uvprojx
Project File Date:  01/19/2019

<h2>Output:</h2>
*** Using Compiler 'V5.06 update 6 (build 750)', folder: 'C:\Keil_v5\ARM\ARMCC\Bin'
Build target 'last222'
compiling stm32f4xx_hal_tim_ex.c...
compiling stm32f4xx_hal_tim.c...
compiling stm32f4xx_hal_can.c...
compiling stm32f4xx_hal_flash.c...
compiling stm32f4xx_hal_uart.c...
compiling stm32f4xx_hal_rcc.c...
compiling stm32f4xx_hal_rcc_ex.c...
compiling stm32f4xx_hal_flash_ex.c...
compiling stm32f4xx_hal_flash_ramfunc.c...
compiling stm32f4xx_hal_gpio.c...
compiling stm32f4xx_hal_dma_ex.c...
compiling stm32f4xx_hal_dma.c...
compiling stm32f4xx_hal_pwr.c...
compiling heap_4.c...
compiling stm32f4xx_hal_pwr_ex.c...
compiling port.c...
compiling event_groups.c...
compiling croutine.c...
compiling stm32f4xx_hal_cortex.c...
compiling list.c...
compiling queue.c...
compiling timers.c...
compiling tasks.c...
compiling cmsis_os.c...
compiling stm32f4xx_hal.c...
compiling system_stm32f4xx.c...
compiling main.c...
compiling stm32f4xx_it.c...
compiling freertos.c...
compiling Commom_Task.c...
compiling stm32f4xx_hal_msp.c...
compiling Gimbal_Task.c...
compiling Get_Gimbal_Info.c...
compiling Mode_Switch_Task.c...
compiling Get_Chassis_Info.c...
compiling Chassis_Task.c...
compiling Get_Shoot_Info.c...
compiling Shoot_Task.c...
compiling Ramp.c...
compiling Can.c...
compiling Time.c...
..\Src\Time.c(5): warning:  #177-D: function "MX_TIM9_Init"  was declared but never referenced
  static void MX_TIM9_Init(void)
..\Src\Time.c: 1 warning, 0 errors
compiling Usart.c...
compiling Kalman.c...
compiling PID.c...
compiling NI_MING.c...
compiling REG_DMA.c...
compiling JUDG_INFO.c...
compiling first_order_filter.c...
linking...
Program Size: Code=23628 RO-data=3500 RW-data=372 ZI-data=20700  
FromELF: creating hex file...
"last222\last222.axf" - 0 Error(s), 1 Warning(s).

<h2>Software Packages used:</h2>

Package Vendor: ARM
                http://www.keil.com/pack/ARM.CMSIS.5.4.0.pack
                ARM.CMSIS.5.4.0
                CMSIS (Cortex Microcontroller Software Interface Standard)
   * Component: CORE Version: 5.1.2

Package Vendor: Keil
                http://www.keil.com/pack/Keil.STM32F4xx_DFP.2.13.0.pack
                Keil.STM32F4xx_DFP.2.13.0
                STMicroelectronics STM32F4 Series Device Support, Drivers and Examples

<h2>Collection of Component include folders:</h2>
  .\RTE\_last222
  C:\Keil_v5\ARM\PACK\ARM\CMSIS\5.4.0\CMSIS\Core\Include
  C:\Keil_v5\ARM\PACK\Keil\STM32F4xx_DFP\2.13.0\Drivers\CMSIS\Device\ST\STM32F4xx\Include

<h2>Collection of Component Files used:</h2>

   * Component: ARM::CMSIS:CORE:5.1.2
Build Time Elapsed:  00:02:59
</pre>
</body>
</html>
